01-13 23:59:17.970     0     0 I init    : linkerconfig generated /linkerconfig with mounted APEX modules info
01-13 23:59:17.970     0     0 I init    : Command 'perform_apex_config' action=post-fs-data (/system/etc/init/hw/init.rc:976) took 124ms and succeeded
01-13 23:59:18.096   450   450 D vold    : fscrypt_init_user0
01-13 23:59:18.096   450   450 D vold    : Preparing: /data/misc/vold/user_keys
01-13 23:59:18.097   450   450 D vold    : Preparing: /data/misc/vold/user_keys/ce
01-13 23:59:18.097   450   450 D vold    : Preparing: /data/misc/vold/user_keys/de
01-13 23:59:18.097   450   450 D vold    : Generating standard storage key
01-13 23:59:18.097   450   450 D vold    : Generating standard storage key
01-13 23:59:18.097   450   450 D vold    : Preparing: /data/misc/vold/user_keys/ce/0
01-13 23:59:18.095     0     0 I binder  : 603:603 ioctl 40046210 7ff532e800 returned -22
01-13 23:59:18.096     0     0 D vdc     : Waited 0ms for vold
01-13 23:59:18.111   450   450 D vold    : Generating "key storage" key
01-13 23:59:18.112   481   491 E keystore2: keystore2::error: In generate_key.
01-13 23:59:18.112   481   491 E keystore2: 
01-13 23:59:18.112   481   491 E keystore2: Caused by:
01-13 23:59:18.112   481   491 E keystore2:     0: While generating Key without explicit attestation key.
01-13 23:59:18.112   481   491 E keystore2:     1: Error::Km(ErrorCode(-67))
01-13 23:59:18.112     0     0 E vold    : keystore2 Keystore generateKey returned service specific error: -67
01-13 23:59:18.112   450   450 E vold    : keystore2 Keystore generateKey returned service specific error: -67
01-13 23:59:18.112   450   450 W vold    : Failed to generate rollback-resistant key.  This is expected if keystore doesn't support rollback resistance.  Falling back to non-rollback-resistant key.
01-13 23:59:18.112     0     0 W vold    : Failed to generate rollback-resistant key.  This is expected if keystore doesn't support rollback resistance.  Falling back to non-rollback-resistant key.
01-13 23:59:18.122   450   450 D vold    : Created key: /data/misc/vold/user_keys/ce/0/current
01-13 23:59:18.129   450   450 D vold    : Generating "key storage" key
01-13 23:59:18.129   481   491 E keystore2: keystore2::error: In generate_key.
01-13 23:59:18.129   481   491 E keystore2: 
01-13 23:59:18.129   481   491 E keystore2: Caused by:
01-13 23:59:18.129   481   491 E keystore2:     0: While generating Key without explicit attestation key.
01-13 23:59:18.129   481   491 E keystore2:     1: Error::Km(ErrorCode(-67))
01-13 23:59:18.129   450   450 E vold    : keystore2 Keystore generateKey returned service specific error: -67
01-13 23:59:18.130   450   450 W vold    : Failed to generate rollback-resistant key.  This is expected if keystore doesn't support rollback resistance.  Falling back to non-rollback-resistant key.
01-13 23:59:18.130     0     0 E vold    : keystore2 Keystore generateKey returned service specific error: -67
01-13 23:59:18.130     0     0 W vold    : Failed to generate rollback-resistant key.  This is expected if keystore doesn't support rollback resistance.  Falling back to non-rollback-resistant key.
01-13 23:59:18.140   450   450 D vold    : Created key: /data/misc/vold/user_keys/de/0
01-13 23:59:18.140   450   450 D vold    : Installed fscrypt key with ref f14a549d97055effe1bad4496bd36d4a to /data
01-13 23:59:18.140   450   450 D vold    : Added fscrypt-provisioning key for f14a549d97055effe1bad4496bd36d4a to session keyring
01-13 23:59:18.140   450   450 D vold    : Installed fscrypt key with ref aad2cc9ea6237faa8017aa33b6700ce9 to /data
01-13 23:59:18.140   450   450 D vold    : Added fscrypt-provisioning key for aad2cc9ea6237faa8017aa33b6700ce9 to session keyring
01-13 23:59:18.140   450   450 D vold    : Created keys for user 0
01-13 23:59:18.143   450   450 D vold    : Installed fscrypt key with ref f14a549d97055effe1bad4496bd36d4a to /data
01-13 23:59:18.143   450   450 D vold    : Added fscrypt-provisioning key for f14a549d97055effe1bad4496bd36d4a to session keyring
01-13 23:59:18.143   450   450 D vold    : Installed de key for user 0
01-13 23:59:18.143   450   450 D vold    : fscrypt_prepare_user_storage for volume null, user 0, serial 0, flags 1
01-13 23:59:18.143   450   450 D vold    : Preparing: /data/system/users/0
01-13 23:59:18.143   450   450 D vold    : Preparing: /data/misc/profiles/cur/0
01-13 23:59:18.144   450   450 D vold    : Preparing: /data/system_de/0
01-13 23:59:18.144   450   450 D vold    : Preparing: /data/vendor_de/0
01-13 23:59:18.144   450   450 D vold    : Preparing: /data/misc_de/0
01-13 23:59:18.144   450   450 D vold    : Preparing: /data/user_de/0
01-13 23:59:18.144   450   450 I vold    : Encryption policy of /data/system_de/0 set to f14a549d97055effe1bad4496bd36d4a v2 modes 1/4 flags 0xa
01-13 23:59:18.144   450   450 I vold    : Encryption policy of /data/vendor_de/0 set to f14a549d97055effe1bad4496bd36d4a v2 modes 1/4 flags 0xa
01-13 23:59:18.144   450   450 I vold    : Encryption policy of /data/misc_de/0 set to f14a549d97055effe1bad4496bd36d4a v2 modes 1/4 flags 0xa
01-13 23:59:18.144   450   450 I vold    : Encryption policy of /data/user_de/0 set to f14a549d97055effe1bad4496bd36d4a v2 modes 1/4 flags 0xa
01-13 23:59:18.144   450   450 D vold    : /system/bin/vold_prepare_subdirs
01-13 23:59:18.144   450   450 D vold    :     prepare
01-13 23:59:18.144   450   450 D vold    :     
01-13 23:59:18.144   450   450 D vold    :     0
01-13 23:59:18.144   450   450 D vold    :     1
01-13 23:59:18.235   450   450 D vold    : Detected support for FS_IOC_ADD_ENCRYPTION_KEY
01-13 23:59:18.235   450   450 D vold    : Installing fscrypt-provisioning key for aad2cc9ea6237faa8017aa33b6700ce9 back into /data fs-keyring
01-13 23:59:19.162     0     0 I binder  : 607:607 ioctl 40046210 7ff1d6d760 returned -22
01-13 23:59:19.163   607   607 I odsign  : Trying to retrieve existing HMAC key...
01-13 23:59:19.164   607   607 I odsign  : Existing HMAC key not found or invalid, creating new key
01-13 23:59:19.195   607   607 I odsign  : Trying to retrieve existing keystore key...
01-13 23:59:19.196   607   607 I odsign  : Failed to find keystore key...
01-13 23:59:19.196   607   607 I odsign  : Existing keystore key not found or invalid, creating new key
01-13 23:59:19.563   607   607 I odsign  : Initialized Keystore key.
01-13 23:59:19.563   607   607 W odsign  : Key certificate not found: /data/misc/odsign/key.cert: No such file or directory
01-13 23:59:19.655   609   609 I odrefresh: ART APEX version 330400000
01-13 23:59:19.655   609   609 I odrefresh: Factory ART APEX mounted.
01-13 23:59:19.655   609   609 I odrefresh: System properties are set to default values.
01-13 23:59:19.656   609   609 I odrefresh: Factory ART APEX mounted.
01-13 23:59:19.656   609   609 I odrefresh: System properties are set to default values.
01-13 23:59:19.657   609   609 I odrefresh: Factory APEXes mounted.
01-13 23:59:19.657   609   609 I odrefresh: System properties are set to default values.
01-13 23:59:19.662   607   607 I odsign  : Metrics report is empty
01-13 23:59:19.663   607   607 I odsign  : /data/misc/odsign/odsign.info not found.
01-13 23:59:19.664   607   607 I odsign  : odrefresh said artifacts are VALID
01-13 23:59:19.664   607   607 I odsign  : On-device signing done.
01-13 23:59:19.683   481   521 I keystore2: keystore2::super_key: keystore.boot_level 1000000000 hits maximum 1000000000, finishing.
01-13 23:59:19.711     0     0 I apexd   : Snapshot DE subcommand detected
01-13 23:59:19.711     0     0 I binder  : 613:613 ioctl 40046210 7fd316aae0 returned -22
01-13 23:59:19.712     0     0 I apexd   : Marking APEXd as ready
01-13 23:59:19.810     0     0 I         : Mass Storage Function, version: 2009/09/11
01-13 23:59:19.810     0     0 I LUN     : removable file: (no medium)
01-13 23:59:19.821     0     0 I         : file system registered
01-13 23:59:19.832     0     0 I f_cdev_alloc: port_name:at_usb0 (0000000000000000) portno:(0)
01-13 23:59:19.834     0     0 I f_cdev_alloc: port_name:at_usb1 (0000000000000000) portno:(1)
01-13 23:59:19.836     0     0 I f_cdev_alloc: port_name:at_usb2 (0000000000000000) portno:(2)
01-13 23:59:19.850     0     0 W         : using random self ethernet address
01-13 23:59:19.850     0     0 W         : using random host ethernet address
01-13 23:59:20.320     0     0 W init    : Top-level directory needs encryption action, eg mkdir /data/fpc <mode> <uid> <gid> encryption=Require
01-13 23:59:20.321     0     0 I init    : Encryption policy of /data/fpc set to 3d5efa29cacffd6b03eafbaaa293eca6 v2 modes 1/4 flags 0xa
01-13 23:59:20.404     0     0 D LibBpfLoader: Loading optional ELF object /apex/com.android.tethering/etc/bpf/test.o with license Apache 2.0
01-13 23:59:20.404     0     0 I LibBpfLoader: Section bpfloader_min_ver value is 2 [0x2]
01-13 23:59:20.404     0     0 I LibBpfLoader: Section bpfloader_max_ver value is 65536 [0x10000]
01-13 23:59:20.404     0     0 I LibBpfLoader: Section size_of_bpf_map_def value is 116 [0x74]
01-13 23:59:20.404     0     0 I LibBpfLoader: Section size_of_bpf_prog_def value is 92 [0x5c]
01-13 23:59:20.404     0     0 I LibBpfLoader: BpfLoader version 0x00013 processing ELF object /apex/com.android.tethering/etc/bpf/test.o with ver [0x00002,0x10000)
01-13 23:59:20.405     0     0 D LibBpfLoader: Loaded code section 3 (xdp_drop_ipv4_udp_ether)
01-13 23:59:20.405     0     0 D LibBpfLoader: Adding section 3 to cs list
01-13 23:59:20.405     0     0 D LibBpfLoader: Couldn't find section btf_min_bpfloader_ver (defaulting to 0 [0x0]).
01-13 23:59:20.405     0     0 D LibBpfLoader: Couldn't find section btf_min_kernel_ver (defaulting to 0 [0x0]).
01-13 23:59:20.451     0     0 E ipa2_uc_state_check: 293 uC is not loaded
01-13 23:59:20.451     0     0 E ipa_sps_irq_control_all: 956 EP (5) not allocated.
01-13 23:59:20.452     0     0 E ipa_sps_irq_control_all: 956 EP (5) not allocated.
01-13 23:59:20.452     0     0 E ipa2_uc_state_check: 293 uC is not loaded
01-13 23:59:20.464     0     0 E ipa2_uc_state_check: 293 uC is not loaded
01-13 23:59:20.464     0     0 E ipa_sps_irq_control_all: 956 EP (5) not allocated.
01-13 23:59:20.470     0     0 E ipa2_nat_del_cmd: 792 Nat table not initialized
01-13 23:59:20.470     0     0 E ipa_sps_irq_control_all: 956 EP (5) not allocated.
01-13 23:59:20.470     0     0 E ipa2_uc_state_check: 293 uC is not loaded
01-13 23:59:20.472     0     0 E ipa2_uc_state_check: 293 uC is not loaded
01-13 23:59:20.472     0     0 E ipa_sps_irq_control_all: 956 EP (5) not allocated.
01-13 23:59:20.474     0     0 E ipa_sps_irq_control_all: 956 EP (5) not allocated.
01-13 23:59:20.474     0     0 E ipa2_uc_state_check: 293 uC is not loaded
01-13 23:59:20.476     0     0 I binder  : 644:644 ioctl 40046210 7fd0897ef4 returned -22
01-13 23:59:20.647     0     0 W bpfloader: 1676 output lines suppressed due to ratelimiting
01-13 23:59:20.673     0     0 W subsys-pil-tz c200000.qcom,lpass: Falling back to syfs fallback for: adsp.mdt
01-13 23:59:20.679     0     0 I ueventd : firmware: loading 'adsp.mdt' for '/devices/platform/soc/c200000.qcom,lpass/firmware/adsp.mdt'
01-13 23:59:20.713     0     0 I subsys-pil-tz c200000.qcom,lpass: adsp: loading from 0x000000008d600000 to 0x000000008e800000
01-13 23:59:20.713     0     0 I ueventd : loading /devices/platform/soc/c200000.qcom,lpass/firmware/adsp.mdt took 33ms
01-13 23:59:20.724     0     0 W subsys-pil-tz c200000.qcom,lpass: Falling back to syfs fallback for: adsp.b02
01-13 23:59:20.724     0     0 W subsys-pil-tz c200000.qcom,lpass: Falling back to syfs fallback for: adsp.b03
01-13 23:59:20.724     0     0 W subsys-pil-tz c200000.qcom,lpass: Falling back to syfs fallback for: adsp.b04
01-13 23:59:20.724     0     0 W subsys-pil-tz c200000.qcom,lpass: Falling back to syfs fallback for: adsp.b06
01-13 23:59:20.724     0     0 W subsys-pil-tz c200000.qcom,lpass: Falling back to syfs fallback for: adsp.b05
01-13 23:59:20.725     0     0 W subsys-pil-tz c200000.qcom,lpass: Falling back to syfs fallback for: adsp.b07
01-13 23:59:20.725     0     0 W subsys-pil-tz c200000.qcom,lpass: Falling back to syfs fallback for: adsp.b08
01-13 23:59:20.725     0     0 W subsys-pil-tz c200000.qcom,lpass: Falling back to syfs fallback for: adsp.b09
01-13 23:59:20.725     0     0 W subsys-pil-tz c200000.qcom,lpass: Falling back to syfs fallback for: adsp.b10
01-13 23:59:20.726     0     0 W subsys-pil-tz c200000.qcom,lpass: Falling back to syfs fallback for: adsp.b11
01-13 23:59:20.726     0     0 W subsys-pil-tz c200000.qcom,lpass: Falling back to syfs fallback for: adsp.b12
01-13 23:59:20.726     0     0 W subsys-pil-tz c200000.qcom,lpass: Falling back to syfs fallback for: adsp.b13
01-13 23:59:20.731     0     0 I ueventd : firmware: loading 'adsp.b03' for '/devices/platform/soc/c200000.qcom,lpass/firmware/adsp.b03'
01-13 23:59:20.738     0     0 I ueventd : firmware: loading 'adsp.b02' for '/devices/platform/soc/c200000.qcom,lpass/firmware/adsp.b02'
01-13 23:59:20.740     0     0 I ueventd : loading /devices/platform/soc/c200000.qcom,lpass/firmware/adsp.b02 took 3ms
01-13 23:59:20.743     0     0 I ueventd : firmware: loading 'adsp.b04' for '/devices/platform/soc/c200000.qcom,lpass/firmware/adsp.b04'
01-13 23:59:20.749     0     0 I ueventd : firmware: loading 'adsp.b06' for '/devices/platform/soc/c200000.qcom,lpass/firmware/adsp.b06'
01-13 23:59:20.751     0     0 I ueventd : loading /devices/platform/soc/c200000.qcom,lpass/firmware/adsp.b03 took 19ms
01-13 23:59:20.756     0     0 I ueventd : firmware: loading 'adsp.b05' for '/devices/platform/soc/c200000.qcom,lpass/firmware/adsp.b05'
01-13 23:59:20.759     0     0 I ueventd : loading /devices/platform/soc/c200000.qcom,lpass/firmware/adsp.b06 took 9ms
01-13 23:59:20.966     0     0 I subsys-pil-tz c200000.qcom,lpass: adsp: Brought out of reset
01-13 23:59:20.977     0     0 I binder  : 685:685 ioctl 40046210 7ff37a50a4 returned -22
--------- beginning of crash
12-27 08:52:02.443   687   687 F linker  : CANNOT LINK EXECUTABLE "/vendor/bin/hw/android.hardware.bluetooth@1.0-service-qti": library "vendor.qti.hardware.fm@1.0.so" not found: needed by main executable
01-13 23:59:21.003     0     0 E qcom_smd_qrtr_callback: Not ready
01-13 23:59:21.004     0     0 I qcom_smd_qrtr_probe: Entered
01-13 23:59:21.006     0     0 I subsys-pil-tz c200000.qcom,lpass: Subsystem error monitoring/handling services are up
01-13 23:59:21.006     0     0 I subsys-pil-tz c200000.qcom,lpass: adsp: Power/Clock ready interrupt received
01-13 23:59:21.006     0     0 I apr_adsp_up: Q6 is Up
01-13 23:59:21.006     0     0 I adsprpc : fastrpc_restart_notifier_cb: adsp subsystem is up
01-13 23:59:21.012     0     0 I qcom_smd_qrtr_probe: SMD QRTR driver probed
01-13 23:59:21.025     0     0 E diag    : In diag_send_peripheral_buffering_mode, buffering flag not set for 1
01-13 23:59:21.038     0     0 I binder  : 653:653 ioctl 40046210 7fdeac7180 returned -22
01-13 23:59:21.048     0     0 I binder  : 653:653 ioctl 40046210 7fdeac75f4 returned -22
01-13 23:59:21.054     0     0 I adsprpc : fastrpc_rpmsg_probe: opened rpmsg channel for adsp
01-13 23:59:21.056     0     0 I binder  : 698:698 ioctl 40046210 7ff36d49a4 returned -22
01-13 23:59:21.093     0     0 I binder  : 690:690 ioctl 40046210 7ffd35d850 returned -22
01-13 23:59:21.094     0     0 I apr_tal_rpmsg soc: smd:adsp.apr_audio_svc.-1.-1: apr_tal_rpmsg_probe: Channel[apr_audio_svc] state[Up]
01-13 23:59:21.094     0     0 E APR     : Unable to open handle
01-13 23:59:21.094     0     0 E ocm_core_open: Unable to register CORE
01-13 23:59:21.094     0     0 E pmic_analog_codec 200f000.qcom,spmi: qcom,pm8953@1:analog-codec@f000: Adsp is not loaded yet 2
01-13 23:59:21.100     0     0 E msm8952-asoc-wcd c051000.sound: msm8952_asoc_machine_probe:of read string qcom,msm-ext-pa i 0 ret 0
01-13 23:59:21.100     0     0 E msm8952-asoc-wcd c051000.sound: msm8952_asoc_machine_probe: missing qcom,msm-spk-ext-pa in dt node
01-13 23:59:21.100     0     0 E msm8952-asoc-wcd c051000.sound: property qcom,cdc-us-euro-gpios in node sound not found -2
01-13 23:59:21.100     0     0 E msm8952-asoc-wcd c051000.sound: is_ext_spk_gpio_support: missing qcom,msm-spk-ext-pa in dt node
01-13 23:59:21.100     0     0 E msm8952-asoc-wcd c051000.sound: Headset is using external micbias
01-13 23:59:21.104     0     0 I binder  : 700:700 ioctl 40046210 7fc38ac154 returned -22
01-13 23:59:21.112     0     0 I binder  : 711:711 ioctl 40046210 7ff7462550 returned -22
01-13 23:59:21.125     0     0 I binder  : 712:712 ioctl 40046210 7fc0ffd9a4 returned -22
01-13 23:59:21.129     0     0 I binder  : 689:689 ioctl 40046210 ffa13bf8 returned -22
01-13 23:59:21.129     0     0 I binder  : 686:686 ioctl 40046210 fff21530 returned -22
01-13 23:59:21.130     0     0 I binder  : 714:714 ioctl 40046210 7fc6be8524 returned -22
01-13 23:59:21.130     0     0 I binder  : 686:686 ioctl 40046210 fff21520 returned -22
01-13 23:59:21.131     0     0 I binder  : 686:686 ioctl 40046210 fff216f8 returned -22
01-13 23:59:21.139     0     0 I binder  : 710:710 ioctl 40046210 7fd0676d84 returned -22
01-13 23:59:21.143     0     0 E msm8952-asoc-wcd c051000.sound: ASoC: CODEC DAI msm_dig_cdc_dai_vifeed not registered
01-13 23:59:21.143     0     0 E msm8952-asoc-wcd c051000.sound: snd_soc_register_card failed (-517)
01-13 23:59:21.180     0     0 I binder  : 691:691 ioctl 40046210 7fd5bf0af4 returned -22
12-27 08:52:02.635   730   730 I irsc_util: Starting irsc tool
01-13 23:59:21.196     0     0 I binder  : 727:727 ioctl 40046210 7fc3a19864 returned -22
12-27 08:52:02.646   730   730 I irsc_util: Num of entries:298
12-27 08:52:02.646   730   730 I irsc_util: Ending irsc tool
01-13 23:59:21.205     0     0 I sysmon-qmi: ssctl_new_server: Connection established between QMI handle and adsp's SSCTL service
01-13 23:59:21.206     0     0 I binder  : 716:716 ioctl 40046210 7fd2b44ea4 returned -22
01-13 23:59:21.209     0     0 I binder  : 688:688 ioctl 40046210 ff960ee8 returned -22
01-13 23:59:21.209     0     0 I binder  : 688:688 ioctl 40046210 ff9610b0 returned -22
01-13 23:59:21.217     0     0 I binder  : 707:707 ioctl 40046210 7fc4e0ea34 returned -22
01-13 23:59:21.225     0     0 I binder  : 713:713 ioctl 40046210 7fdf2102e4 returned -22
01-13 23:59:21.238     0     0 E msm8952-asoc-wcd c051000.sound: msm8952_asoc_machine_probe:of read string qcom,msm-ext-pa i 0 ret 0
01-13 23:59:21.238     0     0 E msm8952-asoc-wcd c051000.sound: msm8952_asoc_machine_probe: missing qcom,msm-spk-ext-pa in dt node
01-13 23:59:21.239     0     0 E msm8952-asoc-wcd c051000.sound: property qcom,cdc-us-euro-gpios in node sound not found -2
01-13 23:59:21.239     0     0 E msm8952-asoc-wcd c051000.sound: is_ext_spk_gpio_support: missing qcom,msm-spk-ext-pa in dt node
01-13 23:59:21.239     0     0 E msm8952-asoc-wcd c051000.sound: Headset is using external micbias
01-13 23:59:21.249     0     0 W healthd : BatteryCycleCountPath not found
01-13 23:59:21.249     0     0 W healthd : batteryCapacityLevelPath not found
01-13 23:59:21.249     0     0 W healthd : batteryChargeTimeToFullNowPath. not found
01-13 23:59:21.250     0     0 E msm8952-asoc-wcd c051000.sound: ASoC: CODEC DAI msm_dig_cdc_dai_vifeed not registered
01-13 23:59:21.250     0     0 E msm8952-asoc-wcd c051000.sound: snd_soc_register_card failed (-517)
01-13 23:59:21.257     0     0 W         : msm_digital_codec msm_digital_codec: DMA mask not set
12-27 08:52:02.704     0     0 W healthd : battery l=59 v=4040 t=25.0 h=2 st=3 c=-152 fc=5349000 chg=u
12-27 08:52:02.706     0     0 I binder  : 731:731 ioctl 40046210 7fd6493330 returned -22
12-27 08:52:02.714     0     0 E msm8952-asoc-wcd c051000.sound: msm8952_asoc_machine_probe:of read string qcom,msm-ext-pa i 0 ret 0
12-27 08:52:02.715     0     0 E msm8952-asoc-wcd c051000.sound: msm8952_asoc_machine_probe: missing qcom,msm-spk-ext-pa in dt node
12-27 08:52:02.715     0     0 E msm8952-asoc-wcd c051000.sound: property qcom,cdc-us-euro-gpios in node sound not found -2
12-27 08:52:02.715     0     0 E msm8952-asoc-wcd c051000.sound: is_ext_spk_gpio_support: missing qcom,msm-spk-ext-pa in dt node
12-27 08:52:02.715     0     0 E msm8952-asoc-wcd c051000.sound: Headset is using external micbias
12-27 08:52:02.733     0     0 I rmt_storage: INFO:check_support_using_libmdm: Modem subsystem found on target!
12-27 08:52:02.735     0     0 I rmt_storage: INFO:main: Done with init now waiting for messages!
12-27 08:52:02.752     0     0 I binder  : 715:715 ioctl 40046210 7fe1bc4574 returned -22
12-27 08:52:02.794     0     0 I binder  : 722:722 ioctl 40046210 7ffb99a0d4 returned -22
12-27 08:52:02.804     0     0 I binder  : 728:728 ioctl 40046210 7fd1e65a10 returned -22
12-27 08:52:02.805     0     0 I binder  : 701:701 ioctl 40046210 7fcdb05370 returned -22
12-27 08:52:02.805     0     0 I binder  : 701:701 ioctl 40046210 7fcdb05594 returned -22
12-27 08:52:02.826     0     0 E msm-pcm-routing soc: qcom,msm-pcm-routing: ASoC: no source widget found for AUDIO_REF_EC_UL30 MUX
12-27 08:52:02.826     0     0 E msm-pcm-routing soc: qcom,msm-pcm-routing: ASoC: Failed to add route AUDIO_REF_EC_UL30 MUX -> direct -> MM_UL30
12-27 08:52:02.828     0     0 I binder  : 699:699 ioctl 40046210 7ff21532a4 returned -22
12-27 08:52:02.844   771   771 I gsid    : no DSU: No such file or directory
12-27 08:52:02.873     0     0 I binder  : 742:742 ioctl 40046210 7ffa4fbaa0 returned -22
12-27 08:52:02.913     0     0 I binder  : 745:745 ioctl 40046210 7fe2170d60 returned -22
12-27 08:52:02.918     0     0 I binder  : 718:718 ioctl 40046210 7fc9088370 returned -22
12-27 08:52:02.918     0     0 I binder  : 718:718 ioctl 40046210 7fc9088594 returned -22
12-27 08:52:02.954     0     0 I binder  : 736:736 ioctl 40046210 7fec1369f4 returned -22
12-27 08:52:02.954     0     0 I binder  : 736:736 ioctl 40046210 7fec1367d0 returned -22
12-27 08:52:03.040   717   717 I android.hardware.wifi@1.0-service: Wifi Hal is booting up...
12-27 08:52:03.043   717   717 I HidlServiceManagement: Registered android.hardware.wifi@1.6::IWifi/default
12-27 08:52:03.040     0     0 I binder  : 717:717 ioctl 40046210 7ffd76e014 returned -22
12-27 08:52:03.055     0     0 I binder  : 726:726 ioctl 40046210 7fc9d51ec4 returned -22
12-27 08:52:03.091     0     0 I binder  : 752:752 ioctl 40046210 7fea9c0a44 returned -22
12-27 08:52:03.093     0     0 I binder  : 752:752 ioctl 40046210 7fea9c0820 returned -22
12-27 08:52:03.148     0     0 I binder  : 795:795 ioctl 40046210 7fd1441020 returned -22
12-27 08:52:03.154     0     0 I subsys-restart: __subsystem_get(): Changing subsys fw_name to modem
12-27 08:52:03.155     0     0 I memshare soc: qcom,memshare: memshare: SUBSYS_BEFORE_POWERUP: enable_ramdump: 0, ramdump_event: 0
12-27 08:52:03.155     0     0 I memshare soc: qcom,memshare: memshare: notifier_cb processed for code: 2
12-27 08:52:03.155     0     0 I         : IPA received MPSS BEFORE_POWERUP
12-27 08:52:03.155     0     0 E ipa2_uc_state_check: 293 uC is not loaded
12-27 08:52:03.155     0     0 E ipa_sps_irq_control_all: 956 EP (5) not allocated.
12-27 08:52:03.157     0     0 I         : IPA BEFORE_POWERUP handling is complete
12-27 08:52:03.157     0     0 W pil-q6v5-mss 4080000.qcom,mss: Falling back to syfs fallback for: modem.mdt
12-27 08:52:03.177     0     0 I pil-q6v5-mss 4080000.qcom,mss: modem: loading from 0x0000000086c00000 to 0x000000008c200000
12-27 08:52:03.178     0     0 I memshare soc: qcom,memshare: memshare: notifier_cb processed for code: 7
12-27 08:52:03.178     0     0 W pil-q6v5-mss 4080000.qcom,mss: Falling back to syfs fallback for: mba.mbn
12-27 08:52:03.200     0     0 I binder  : 796:796 ioctl 40046210 7fcff4bec0 returned -22
12-27 08:52:03.222     0     0 W pil-q6v5-mss 4080000.qcom,mss: Falling back to syfs fallback for: msadp
12-27 08:52:03.238     0     0 I binder  : 802:802 ioctl 40046210 ffb31860 returned -22
12-27 08:52:03.239     0     0 W pil-q6v5-mss 4080000.qcom,mss: Debug policy not present - msadp. Continue.
12-27 08:52:03.273     0     0 I         : read descriptors
12-27 08:52:03.273     0     0 I         : read strings
12-27 08:52:03.301     0     0 I binder  : 834:834 ioctl 40046210 7fe9a17354 returned -22
12-27 08:52:03.330     0     0 W kgsl-3d0: Falling back to syfs fallback for: a530_pm4.fw
12-27 08:52:03.353     0     0 W kgsl-3d0: Falling back to syfs fallback for: a530_pfp.fw
12-27 08:52:03.378     0     0 E kgsl-3d0: Could not clear l3_vote: -22
12-27 08:52:03.381     0     0 W subsys-pil-tz soc: qcom,kgsl-hyp: Falling back to syfs fallback for: a506_zap.mdt
12-27 08:52:03.400     0     0 E msm-pcm-routing soc: qcom,msm-pcm-routing: ASoC: mux WSA_RX_0_VI_FB_LCH_MUX has no paths
12-27 08:52:03.400     0     0 E msm-pcm-routing soc: qcom,msm-pcm-routing: ASoC: mux WSA_RX_0_VI_FB_RCH_MUX has no paths
12-27 08:52:03.524     0     0 D tas2560s 2-004e: tas2560_codec_probe
12-27 08:52:03.549     0     0 E msm-dai-fe soc: qcom,msm-dai-fe: ASoC: no sink widget found for AUXPCM_DL_HL
12-27 08:52:03.549     0     0 E msm-dai-fe soc: qcom,msm-dai-fe: ASoC: Failed to add route AUXPCM_HOSTLESS Playback -> direct -> AUXPCM_DL_HL
12-27 08:52:03.549     0     0 E msm-dai-fe soc: qcom,msm-dai-fe: ASoC: no source widget found for AUXPCM_UL_HL
12-27 08:52:03.549     0     0 E msm-dai-fe soc: qcom,msm-dai-fe: ASoC: Failed to add route AUXPCM_UL_HL -> direct -> AUXPCM_HOSTLESS Capture
12-27 08:52:03.554     0     0 E msm-auxpcm-dev soc: qcom,msm-pri-auxpcm: ASoC: no source widget found for AUX_PCM_RX
12-27 08:52:03.554     0     0 E msm-auxpcm-dev soc: qcom,msm-pri-auxpcm: ASoC: Failed to add route AUX_PCM_RX -> direct -> AUX PCM Playback
12-27 08:52:03.555     0     0 E msm-auxpcm-dev soc: qcom,msm-pri-auxpcm: ASoC: no sink widget found for AUX_PCM_TX
12-27 08:52:03.555     0     0 E msm-auxpcm-dev soc: qcom,msm-pri-auxpcm: ASoC: Failed to add route AUX PCM Capture -> direct -> AUX_PCM_TX
12-27 08:52:03.579     0     0 I binder  : 886:886 ioctl 40046210 7fc69be944 returned -22
12-27 08:52:03.901     0     0 E         : msm_digital_codec msm_digital_codec: ASoC: unknown pin WSA_SPK OUT
12-27 08:52:03.901     0     0 E         : msm_digital_codec msm_digital_codec: ASoC: unknown pin LINEOUT
12-27 08:52:03.901     0     0 E         : msm_digital_codec msm_digital_codec: ASoC: unknown pin Ext Spk
12-27 08:52:03.903     0     0 W msm8952-asoc-wcd c051000.sound: ASoC: no DMI vendor name!
12-27 08:52:03.926     0     0 I input   : msm8953-snd-card-mtp Headset Jack as /devices/platform/soc/c051000.sound/sound/card0/input5
12-27 08:52:03.926     0     0 I input   : msm8953-snd-card-mtp Button Jack as /devices/platform/soc/c051000.sound/sound/card0/input6
12-27 08:52:03.929     0     0 I pil-q6v5-mss 4080000.qcom,mss: Loading MBA and DP (if present) from 0x00000000fe700000 to 0x00000000fe800000
12-27 08:52:03.942     0     0 I subsys-pil-tz soc: qcom,kgsl-hyp: a506_zap: loading from 0x000000008f800000 to 0x000000008f802000
12-27 08:52:03.953     0     0 W subsys-pil-tz soc: qcom,kgsl-hyp: Falling back to syfs fallback for: a506_zap.b02
12-27 08:52:04.010     0     0 E MAIN_MGR: hvdcp_opti Version: 3:0:0
12-27 08:52:04.014     0     0 I binder  : 912:912 ioctl 40046210 7ff0d7cd34 returned -22
12-27 08:52:04.021     0     0 E CHG_POLICY_PATH: Using power-supply path for chg-policy
12-27 08:52:04.024     0     0 E hvdcpd  : Failed to find usb adc entry.
12-27 08:52:04.059     0     0 I binder  : 919:919 ioctl 40046210 7ff6d8fc90 returned -22
12-27 08:52:04.065     0     0 I binder  : 922:922 ioctl 40046210 7fdf822bd0 returned -22
12-27 08:52:04.070     0     0 I pil-q6v5-mss 4080000.qcom,mss: MBA boot done
12-27 08:52:04.064   922   922 I installd: installd firing up
12-27 08:52:04.064   922   922 D installd: Assuming that device has multi-user storage layout; upgrade no longer supported
12-27 08:52:04.064   922   922 D installd: Upgrading to /data/misc/user directories
12-27 08:52:04.086     0     0 I binder  : 921:921 ioctl 40046210 7fd0ab47a0 returned -22
12-27 08:52:04.103     0     0 I binder  : 938:938 ioctl 40046210 7ffd368fd0 returned -22
12-27 08:52:04.128     0     0 W pil-q6v5-mss 4080000.qcom,mss: Falling back to syfs fallback for: modem.b02
12-27 08:52:04.145     0     0 I binder  : 949:949 ioctl 40046210 7fd3adc980 returned -22
12-27 08:52:04.204     0     0 I binder  : 946:946 ioctl 40046210 7fc58fa540 returned -22
12-27 08:52:04.204   946   946 I wificond: wificond is starting up...
12-27 08:52:04.207   963   963 I imsrcsd : Uce Service HAL  is starting up...
12-27 08:52:04.208   963   963 I imsrcsd : Uce Service HAL  loading imsrcsbaseimpl
12-27 08:52:04.221   946   946 I HidlServiceManagement: Registered android.system.wifi.keystore@1.0::IKeystore/default
12-27 08:52:04.218     0     0 I binder  : 946:946 ioctl 40046210 7fc58fa704 returned -22
12-27 08:52:04.237     0     0 I binder  : 935:935 ioctl 40046210 7fc5579a20 returned -22
12-27 08:52:04.260     0     0 I binder  : 944:944 ioctl 40046210 7fe0f276d0 returned -22
12-27 08:52:04.261   944   944 I storaged: Unable to get AIDL health service, trying HIDL...
12-27 08:52:04.261     0     0 I binder  : 944:944 ioctl 40046210 7fe0f27704 returned -22
12-27 08:52:04.307     0     0 I init    : starting service 'vendor.qcamerasvr'...
12-27 08:52:04.319     0     0 I binder  : 955:955 ioctl 40046210 7ff1f4b0a4 returned -22
12-27 08:52:04.348     0     0 I init    : starting service 'wcnss-service'...
12-27 08:52:04.362     0     0 I init    : service 'ppd' requested start, but it is already running (flags: 132)
12-27 08:52:04.362     0     0 I init    : starting service 'gatekeeperd'...
12-27 08:52:04.369     0     0 I init    : service 'traced' requested start, but it is already running (flags: 132)
12-27 08:52:04.369     0     0 I init    : service 'traced_probes' requested start, but it is already running (flags: 132)
12-27 08:52:04.369     0     0 I init    : starting service 'usbd'...
12-27 08:52:04.376     0     0 I init    : service 'dpmd' requested start, but it is already running (flags: 132)
12-27 08:52:04.377     0     0 I init    : starting service 'vendor.fps_hal'...
12-27 08:52:04.411     0     0 I init    : Command 'class_start late_start' action=nonencrypted (/system/etc/init/hw/init.rc:1185) took 144ms and succeeded
12-27 08:52:04.440     0     0 I binder  : 963:963 ioctl 40046210 7fcf196a34 returned -22
12-27 08:52:04.447     0     0 I binder  : 995:995 ioctl 40046210 7fc3697ef0 returned -22
12-27 08:52:04.448     0     0 I binder  : 1005:1005 ioctl 40046210 7ff70d06d4 returned -22
12-27 08:52:04.451     0     0 I binder  : 1019:1019 ioctl 40046210 7fd6d94284 returned -22
12-27 08:52:04.474     0     0 I binder  : 952:952 ioctl 40046210 7ffeaf0fe4 returned -22
12-27 08:52:04.440   963   963 I imsrcsd : Starting Service for First Time imsbaseimpl
12-27 08:52:04.487     0     0 I binder  : 950:950 ioctl 40046210 ffad9428 returned -22
12-27 08:52:04.488     0     0 I binder  : 950:950 ioctl 40046210 ffad95f0 returned -22
12-27 08:52:04.457   963   963 I imsrcsd : Interface com.qualcomm.qti.uceservice@2.3::IUceService  com.qualcomm.qti.uceservice is found in manifest
12-27 08:52:04.459   963   963 I HidlServiceManagement: Registered com.qualcomm.qti.uceservice@2.3::IUceService/com.qualcomm.qti.uceservice
12-27 08:52:04.461   963   963 I imsrcsd : Interface com.qualcomm.qti.imscmservice@2.2::IImsCmService  qti.ims.connectionmanagerservice is found in manifest
12-27 08:52:04.462   963   963 I HidlServiceManagement: Registered com.qualcomm.qti.imscmservice@2.2::IImsCmService/qti.ims.connectionmanagerservice
12-27 08:52:04.463   963   963 I imsrcsd : Interface vendor.qti.ims.factory@1.1::IImsFactory  default is found in manifest
12-27 08:52:04.480   963   963 I HidlServiceManagement: Registered vendor.qti.ims.factory@1.1::IImsFactory/default
12-27 08:52:04.484   963   963 I imsrcsd : Interface vendor.qti.ims.callinfo@1.0::IService  default is found in manifest
12-27 08:52:04.490   963   963 I HidlServiceManagement: Registered vendor.qti.ims.callinfo@1.0::IService/default
12-27 08:52:04.490   963   963 I imsrcsd : ImsRcsBaseImpl ImsCallInfo After Registering Service
12-27 08:52:04.543     0     0 I binder  : 939:939 ioctl 40046210 ffa17950 returned -22
12-27 08:52:04.547     0     0 I fpc1020 soc: fingerprint_fpc: IRQ after reset 0
12-27 08:52:04.549     0     0 I binder  : 939:939 ioctl 40046210 ffa17b18 returned -22
12-27 08:52:04.573     0     0 I binder  : 1018:1018 ioctl 40046210 7ff71c3d20 returned -22
12-27 08:52:04.574     0     0 I binder  : 1018:1018 ioctl 40046210 7ff71c3d54 returned -22
12-27 08:52:04.607     0     0 W QSEECOM : qseecom_load_app: App (fpco2) does'nt exist, loading apps for first time
12-27 08:52:04.660     0     0 W pil-q6v5-mss 4080000.qcom,mss: Falling back to syfs fallback for: modem.b04
12-27 08:52:04.660     0     0 I android_work: did not send uevent (0 0 0000000000000000)
12-27 08:52:04.698     0     0 I         : read descriptors
12-27 08:52:04.698     0     0 I         : read strings
12-27 08:52:04.712     0     0 W QSEECOM : qseecom_load_app: App with id 5 (fpco2) now loaded
12-27 08:52:04.716     0     0 I subsys-pil-tz soc: qcom,kgsl-hyp: a506_zap: Brought out of reset
12-27 08:52:04.766     0     0 W QSEECOM : __qseecom_unload_app: App (5) is unloaded
12-27 08:52:04.775     0     0 I msm_pm_qos_add_request: add request
12-27 08:52:04.783     0     0 I fpc1020 soc: fingerprint_fpc: IRQ after reset 0
12-27 08:52:04.789     0     0 I binder  : 985:985 ioctl 40046210 7fccb80c24 returned -22
12-27 08:52:04.796     0     0 E kgsl-3d0: Could not clear l3_vote: -22
12-27 08:52:04.802     0     0 I msm_cci_init: 1441: hw_version = 0x10020005
12-27 08:52:04.803     0     0 E         : qcom,slave-addr = 0xB0
12-27 08:52:04.848     0     0 I gf_spi  : [info] goodix_fb_state_chg_callback go to the goodix_fb_state_chg_callback value = 9
12-27 08:52:04.848     0     0 I SMBCHG  : fb_notifier_callback: screen on
12-27 08:52:04.863     0     0 W pil-q6v5-mss 4080000.qcom,mss: Falling back to syfs fallback for: modem.b05
12-27 08:52:04.888     0     0 E get_eeprom_identier_info: 577 eeprom name:oxygen_imx386_sunny, vendor_id:1
12-27 08:52:04.890     0     0 I gf_spi  : Found
12-27 08:52:04.891     0     0 I FG      : get_esr_lvl: 80000,3400,3200,1
12-27 08:52:04.891     0     0 I FG      : get_esr_lvl: 100000,3450,3100,1
12-27 08:52:04.891     0     0 I FG      : get_esr_lvl: 150000,3500,3000,1
12-27 08:52:04.891     0     0 I FG      : get_esr_lvl: 5000000,3550,3000,0
12-27 08:52:04.892     0     0 I msm_cci_init: 1441: hw_version = 0x10020005
12-27 08:52:04.893     0     0 E         : qcom,slave-addr = 0xB0
12-27 08:52:04.904     0     0 W pil-q6v5-mss 4080000.qcom,mss: Falling back to syfs fallback for: modem.b06
12-27 08:52:04.919     0     0 I gf_spi  : Succeed to open device. irq = 161
12-27 08:52:04.925     0     0 I gf_spi  : gf_ioctl GF_IOC_RESET.
12-27 08:52:04.933     0     0 W pil-q6v5-mss 4080000.qcom,mss: Falling back to syfs fallback for: modem.b07
12-27 08:52:04.957     0     0 W pil-q6v5-mss 4080000.qcom,mss: Falling back to syfs fallback for: modem.b08
12-27 08:52:04.974     0     0 W QSEECOM : qseecom_load_app: App (goodixfp) does'nt exist, loading apps for first time
12-27 08:52:04.977     0     0 E         : msm_qti_pp_get_rms_value_control, back not active to query rms be_idx:3
12-27 08:52:04.982     0     0 I core_get_license_status: cmdrsp_license_result.result = 0x15 for module 0x131ff
12-27 08:52:04.983     0     0 I SmartAmp: smartamp_get_filter
12-27 08:52:04.983     0     0 I SmartAmp: TODO: implement this
12-27 08:52:04.983     0     0 I SmartAmp: smartamp_get_filter
12-27 08:52:04.983     0     0 I SmartAmp: TODO: implement this
12-27 08:52:04.983     0     0 I SmartAmp: smartamp_get_filter
12-27 08:52:04.983     0     0 I SmartAmp: TODO: implement this
12-27 08:52:04.983     0     0 I SmartAmp: smartamp_get_filter
12-27 08:52:04.983     0     0 I SmartAmp: wrong smartamp_get_filter prints
12-27 08:52:04.983     0     0 E tas2560s 2-004e: tas2560_read, should not get here
12-27 08:52:04.983     0     0 D tas2560s 2-004e: tas2560_get_Sampling_Rate: 0
12-27 08:52:04.983     0     0 D tas2560s 2-004e: tas2560_get_mode:
12-27 08:52:04.984     0     0 D tas2560s 2-004e: tas2560_get_mode:
12-27 08:52:04.984     0     0 D tas2560s 2-004e: tas2560_get_DAC_vol:
12-27 08:52:04.985     0     0 D tas2560s 2-004e: tas2560_get_DAC_vol:
12-27 08:52:04.985     0     0 D tas2560s 2-004e: tas2560_power_ctrl_get = 0x0
12-27 08:52:04.991     0     0 W pil-q6v5-mss 4080000.qcom,mss: Falling back to syfs fallback for: modem.b09
12-27 08:52:04.996     0     0 E get_eeprom_identier_info: 577 eeprom name:oxygen_ov12a_sunny, vendor_id:1
12-27 08:52:05.000     0     0 I msm_cci_init: 1441: hw_version = 0x10020005
12-27 08:52:05.000     0     0 E         : qcom,slave-addr = 0xA0
12-27 08:52:05.000     0     0 E msm_cci_irq: 1806 MASTER_0 error 0x10000000
12-27 08:52:05.000     0     0 E msm_cci_i2c_read: 965 read_words = 0, exp words = 4
12-27 08:52:05.000     0     0 E msm_cci_i2c_read_bytes: 1048 failed rc -22
12-27 08:52:05.000     0     0 E read_eeprom_memory: read failed
12-27 08:52:05.000     0     0 E         : eeprom_init_config2 read_eeprom_memory failed
12-27 08:52:05.003     0     0 E msm_eeprom_config32: 1815 Eeprom init 2 failed
12-27 08:52:05.009     0     0 I binder  : 916:916 ioctl 40046210 7ff4a2b4b4 returned -22
12-27 08:52:05.009     0     0 I binder  : 916:916 ioctl 40046210 7ff4a2b290 returned -22
12-27 08:52:05.016     0     0 I spk_id_get_pin_3state: id pin1147 = 2
12-27 08:52:05.023     0     0 W pil-q6v5-mss 4080000.qcom,mss: Falling back to syfs fallback for: modem.b10
12-27 08:52:05.032     0     0 E         : msm_pcm_volume_ctl_get substream not found
12-27 08:52:05.056     0     0 E kgsl-3d0: Could not clear l3_vote: -22
12-27 08:52:05.081     0     0 W QSEECOM : qseecom_load_app: App with id 6 (goodixfp) now loaded
12-27 08:52:05.081     0     0 E         : msm_pcm_volume_ctl_get substream not found
12-27 08:52:05.095     0     0 I msm_cci_init: 1441: hw_version = 0x10020005
12-27 08:52:05.095     0     0 E         : qcom,slave-addr = 0x5A
12-27 08:52:05.105     0     0 D tas2560_routing_get_audio_mixer: reg ffffffff shift 0 val 0
12-27 08:52:05.105     0     0 D tas2560_routing_get_audio_mixer: reg ffffffff shift 0 val 0
12-27 08:52:05.123     0     0 E         : qcom,slave-addr = 0x5A
12-27 08:52:05.135     0     0 I binder  : 1020:1020 ioctl 40046210 7fc1746be4 returned -22
12-27 08:52:05.188     0     0 W pil-q6v5-mss 4080000.qcom,mss: Falling back to syfs fallback for: modem.b11
12-27 08:52:05.212     0     0 W pil-q6v5-mss 4080000.qcom,mss: Falling back to syfs fallback for: modem.b12
12-27 08:52:05.234     0     0 E get_eeprom_identier_info: 577 eeprom name:oxygen_s5k5e8_qtech, vendor_id:6
12-27 08:52:05.271     0     0 W pil-q6v5-mss 4080000.qcom,mss: Falling back to syfs fallback for: modem.b13
12-27 08:52:05.277     0     0 I msm_cci_init: 1441: hw_version = 0x10020005
12-27 08:52:05.277     0     0 E         : oxygen_imx386_sunny probe succeeded
12-27 08:52:05.278     0     0 W msm 1b00000.qcom,msm-cam: Entity type for entity oxygen_imx386_sunny was not initialized!
12-27 08:52:05.283     0     0 W gf_spi  : IRQ has been enabled.
12-27 08:52:05.283     0     0 I gf_spi  : vendor_id : 0x0
12-27 08:52:05.283     0     0 I gf_spi  : mode : 0x0
12-27 08:52:05.283     0     0 I gf_spi  : operation: 0x2d
12-27 08:52:05.344     0     0 I msm_cci_init: 1441: hw_version = 0x10020005
12-27 08:52:05.344     0     0 E         : msm_sensor_match_id chip id 0 does not match 1241
12-27 08:52:05.344     0     0 E msm_sensor_check_id: 1432 match id failed rc -19
12-27 08:52:05.348     0     0 W pil-q6v5-mss 4080000.qcom,mss: Falling back to syfs fallback for: modem.b16
12-27 08:52:05.375     0     0 W pil-q6v5-mss 4080000.qcom,mss: Falling back to syfs fallback for: modem.b17
12-27 08:52:05.407     0     0 W pil-q6v5-mss 4080000.qcom,mss: Falling back to syfs fallback for: modem.b18
12-27 08:52:05.410     0     0 I msm_cci_init: 1441: hw_version = 0x10020005
12-27 08:52:05.411     0     0 E         : msm_sensor_match_id chip id 0 does not match 1241
12-27 08:52:05.411     0     0 E msm_sensor_check_id: 1432 match id failed rc -19
12-27 08:52:05.444     0     0 I binder  : 998:998 ioctl 40046210 7ff76b7e74 returned -22
12-27 08:52:05.463     0     0 I binder  : 1021:1021 ioctl 40046210 7fd57b0534 returned -22
12-27 08:52:05.472     0     0 I msm_cci_init: 1441: hw_version = 0x10020005
12-27 08:52:05.472     0     0 E         : msm_sensor_match_id chip id 0 does not match 1241
12-27 08:52:05.472     0     0 E msm_sensor_check_id: 1432 match id failed rc -19
12-27 08:52:05.506     0     0 E         : oxygen_ov12a_sunny power up failed
12-27 08:52:05.506     0     0 E MSM-SENSOR-INIT msm_sensor_driver_cmd: 83 msm_sensor_driver_cmd failed (non-fatal) rc -19
12-27 08:52:05.506     0     0 E MSM-SENSOR-INIT msm_sensor_init_subdev_do_ioctl: 151 msm_sensor_init_subdev_do_ioctl:151 VIDIOC_MSM_SENSOR_INIT_CFG failed (non-fatal)
12-27 08:52:05.508     0     0 W pil-q6v5-mss 4080000.qcom,mss: Falling back to syfs fallback for: modem.b19
12-27 08:52:05.525     0     0 W pil-q6v5-mss 4080000.qcom,mss: Falling back to syfs fallback for: modem.b20
12-27 08:52:05.537     0     0 I binder  : 998:998 ioctl 40046210 7ff76b7470 returned -22
12-27 08:52:05.551     0     0 I binder  : 1021:1021 ioctl 40046210 7fd57afb30 returned -22
12-27 08:52:05.552     0     0 I binder  : 1119:1119 ioctl 40046210 7fea88f890 returned -22
12-27 08:52:05.559     0     0 I msm_cci_init: 1441: hw_version = 0x10020005
12-27 08:52:05.561     0     0 E         : oxygen_s5k5e8_qtech probe succeeded
12-27 08:52:05.563     0     0 W msm 1b00000.qcom,msm-cam: Entity type for entity oxygen_s5k5e8_qtech was not initialized!
12-27 08:52:05.563     0     0 I memshare soc: qcom,memshare: memshare: notifier_cb processed for code: 4
12-27 08:52:05.581     0     0 I msm_csid_init: CSID_VERSION = 0x30050001
12-27 08:52:05.593     0     0 E scm_call failed: func id 0x42001801, ret: -1, syscall returns: 0x0, 0x0, 0x0
12-27 08:52:05.593     0     0 E         : msm_csid_irq CSID0_IRQ_STATUS_ADDR = 0x800
12-27 08:52:05.594     0     0 I msm_csid_init: CSID_VERSION = 0x30050001
12-27 08:52:05.594     0     0 E         : msm_csid_irq CSID2_IRQ_STATUS_ADDR = 0x800
12-27 08:52:05.598     0     0 E msm_eeprom_config32: 1796 Eeprom already probed at kernel boot
12-27 08:52:05.607     0     0 E msm_eeprom_config32: 1796 Eeprom already probed at kernel boot
12-27 08:52:05.643     0     0 I pil-q6v5-mss 4080000.qcom,mss: modem: Brought out of reset
12-27 08:52:05.724     0     0 I qcom_smd_qrtr_probe: Entered
12-27 08:52:05.724     0     0 E qcom_smd_qrtr_callback: Not ready
12-27 08:52:05.724     0     0 E qcom_smd_qrtr_callback: Not ready
12-27 08:52:05.725     0     0 I pil-q6v5-mss 4080000.qcom,mss: modem: Power/Clock ready interrupt received
12-27 08:52:05.725     0     0 E qcom_smd_qrtr_callback: Not ready
12-27 08:52:05.725     0     0 I memshare soc: qcom,memshare: memshare: notifier_cb processed for code: 8
12-27 08:52:05.725     0     0 I pil-q6v5-mss 4080000.qcom,mss: Subsystem error monitoring/handling services are up
12-27 08:52:05.725     0     0 I qcom_smd_qrtr_probe: SMD QRTR driver probed
12-27 08:52:05.726     0     0 I memshare soc: qcom,memshare: memshare: SUBSYS_AFTER_POWERUP: Modem has booted up
12-27 08:52:05.726     0     0 I memshare soc: qcom,memshare: memshare: notifier_cb processed for code: 3
12-27 08:52:05.726     0     0 I adsprpc : fastrpc_restart_notifier_cb: modem subsystem is up
12-27 08:52:05.726     0     0 I         : IPA received MPSS AFTER_POWERUP
12-27 08:52:05.726     0     0 I         : IPA AFTER_POWERUP handling is complete
12-27 08:52:05.731     0     0 I sysmon-qmi: ssctl_new_server: Connection established between QMI handle and modem's SSCTL service
12-27 08:52:05.732     0     0 I rmt_storage: INFO:rmt_storage_open_cb: Processing: Open Request (req_h 0x1) for /boot/modem_fs1!
12-27 08:52:05.734     0     0 I rmt_storage: INFO:rmt_storage_open_cb: Processing: Open Request (req_h 0x2) for /boot/modem_fs2!
12-27 08:52:05.736     0     0 I rmt_storage: INFO:rmt_storage_open_cb: Processing: Open Request (req_h 0x3) for /boot/modem_fsg!
12-27 08:52:05.740     0     0 I rmt_storage: INFO:rmt_storage_open_cb: Processing: Open Request (req_h 0x4) for /boot/modem_fsc!
12-27 08:52:05.742     0     0 I rmt_storage: INFO:rmt_storage_alloc_buff_cb: Received req_size: 1572864! avail: 1572864
12-27 08:52:05.743     0     0 I rmt_storage: INFO:rmt_storage_rw_iovec_cb: Read iovec request (req_h 0x6 wr_count 0) received for /boot/modem_fs1
12-27 08:52:05.744     0     0 I rmt_storage: INFO:rmt_storage_client_thread: Calling Read [offset=512, size=512, req_h 0x6, wr_count 0] for /boot/modem_fs1!
12-27 08:52:05.744     0     0 I rmt_storage: INFO:rmt_storage_client_thread: Done Read (bytes = 512, req_h 0x6, wr_count 0) for /boot/modem_fs1!
12-27 08:52:05.752     0     0 W F2FS-fs (dm-27): Unexpected flush for atomic writes: ino=615, npages=24
12-27 08:52:05.841     0     0 I         : read descriptors
12-27 08:52:05.841     0     0 I         : read strings
12-27 08:52:05.846     0     0 I memshare_child soc: qcom,memshare:qcom,client_3: memshare_query: client_id : 1, query_resp.size :5242880, query_resp.resp.result :0
12-27 08:52:05.846     0     0 I memshare_child soc: qcom,memshare:qcom,client_3: memshare_alloc: memory alloc request received for client id: 1, proc_id: 0, request size: 5242880
12-27 08:52:05.846     0     0 E scm_call failed: func id 0x42000c16, ret: -1, syscall returns: 0x0, 0x0, 0x0
12-27 08:52:05.846     0     0 I batched_hyp_assign: Failed to assign memory protection, ret = -95
12-27 08:52:05.846     0     0 E memshare_child soc: qcom,memshare:qcom,client_3: memshare: hyp_assign_phys failed size=5242880 err=-99
12-27 08:52:05.846     0     0 I memshare_child soc: qcom,memshare:qcom,client_3: memshare_alloc: client_id: 1, alloc_resp.num_bytes: 5242880, alloc_resp.resp.result: 0
12-27 08:52:05.856     0     0 E diag    : In diag_send_feature_mask_update, control channel is not open, p: 0, 0000000000000000
12-27 08:52:05.856     0     0 E diag    : In diag_send_peripheral_buffering_mode, buffering flag not set for 0
12-27 08:52:05.856     0     0 E diag    : In diag_send_peripheral_buffering_mode, buffering flag not set for 0
12-27 08:52:05.897     0     0 I         : Sending QMI_IPA_INIT_MODEM_DRIVER_REQ_V01
12-27 08:52:05.899     0     0 E ipa-wan handle_indication_req: 103 not send indication
12-27 08:52:05.901     0     0 E ipa_uc_wdi_event_log_info_handler: 297 WDI feature missing 0x1
12-27 08:52:05.901     0     0 E ipa_uc_ntn_event_log_info_handler: 29 NTN feature missing 0x1
12-27 08:52:05.901     0     0 E ipa_uc_response_hdlr: 453 IPA uC loaded
12-27 08:52:05.901     0     0 E ipa_sps_irq_control_all: 956 EP (5) not allocated.
12-27 08:52:05.901     0     0 I         : QMI_IPA_INIT_MODEM_DRIVER_REQ_V01 response received
12-27 08:52:05.903     0     0 I binder  : 998:998 ioctl 40046210 7ff76b74f0 returned -22
12-27 08:52:05.904     0     0 E ipa_sps_irq_control_all: 956 EP (5) not allocated.
12-27 08:52:05.906     0     0 E ipa_sps_irq_control_all: 956 EP (5) not allocated.
12-27 08:52:05.920     0     0 I MSM-CPP cpp_init_hardware: 1136 CPP HW Version: 0x40030003
12-27 08:52:05.920     0     0 E MSM-CPP cpp_init_hardware: 1154 stream_cnt:0
12-27 08:52:05.920     0     0 W msm_cpp 1b04000.qcom,cpp: Falling back to syfs fallback for: cpp_firmware_v1_5_0.fw
12-27 08:52:05.934     0     0 I MSM-CPP cpp_release_hardware: 1217 cpp hw release done
12-27 08:52:06.126     0     0 I msm_pm_qos_update_request: update request 100
12-27 08:52:06.126     0     0 I msm_pm_qos_add_request: add request
12-27 08:52:06.157     0     0 I msm_csid_init: CSID_VERSION = 0x30050001
12-27 08:52:06.157     0     0 E         : msm_csid_irq CSID0_IRQ_STATUS_ADDR = 0x800
12-27 08:52:06.164     0     0 I MSM-CPP cpp_init_hardware: 1136 CPP HW Version: 0x40030003
12-27 08:52:06.164     0     0 E MSM-CPP cpp_init_hardware: 1154 stream_cnt:0
12-27 08:52:06.189     0     0 I msm_cci_init: 1441: hw_version = 0x10020005
12-27 08:52:06.215     0     0 I MSM-CPP cpp_release_hardware: 1217 cpp hw release done
12-27 08:52:06.320     0     0 I binder  : 964:1054 ioctl 40046210 72bc8f70c0 returned -22
12-27 08:52:06.343     0     0 E [smd_pkt_ioctl]: DATA2: reset notified resetsigs=16384
12-27 08:52:06.348     0     0 I memshare_child soc: qcom,memshare:qcom,client_3: memshare_alloc: memory alloc request received for client id: 0, proc_id: 0, request size: 2097152
12-27 08:52:06.348     0     0 E scm_call failed: func id 0x42000c16, ret: -1, syscall returns: 0x0, 0x0, 0x0
12-27 08:52:06.348     0     0 I batched_hyp_assign: Failed to assign memory protection, ret = -95
12-27 08:52:06.348     0     0 E memshare_child soc: qcom,memshare:qcom,client_3: memshare: hyp_assign_phys failed size=2097152 err=-99
12-27 08:52:06.348     0     0 I memshare_child soc: qcom,memshare:qcom,client_3: memshare_alloc: client_id: 0, alloc_resp.num_bytes: 2097152, alloc_resp.resp.result: 0
12-27 08:52:06.361     0     0 I msm_pm_qos_update_request: update request -1
12-27 08:52:06.361     0     0 I msm_pm_qos_add_request: add request
12-27 08:52:06.366     0     0 I wcnss   : wcnss_wlan triggered by userspace
12-27 08:52:06.368     0     0 I wcnss   : wcnss_pm_qos_add_request: add request
12-27 08:52:06.368     0     0 I wcnss   : wcnss_pm_qos_update_request: update request 100
12-27 08:52:06.368     0     0 E wcnss   : wcnss_trigger_config: adc get failed
12-27 08:52:06.368     0     0 E wcnss   : wcnss_trigger_config: couldn't get snoc_wcnss
