12-27 08:52:06.370     0     0 I wcnss   : wcnss_notif_cb: notification event: 2 : SUBSYS_BEFORE_POWERUP
12-27 08:52:06.370     0     0 W subsys-pil-tz a21b000.qcom,pronto: Falling back to syfs fallback for: wcnss.mdt
12-27 08:52:06.386     0     0 I subsys-pil-tz a21b000.qcom,pronto: wcnss: loading from 0x000000008e800000 to 0x000000008ee43000
12-27 08:52:06.386     0     0 I wcnss   : wcnss_notif_cb: notification event: 7 : SUBSYS_PROXY_UNVOTE
12-27 08:52:06.388     0     0 I wcnss   : IRIS Reg: 04000004
12-27 08:52:06.428     0     0 W subsys-pil-tz a21b000.qcom,pronto: Falling back to syfs fallback for: wcnss.b02
12-27 08:52:06.428     0     0 W subsys-pil-tz a21b000.qcom,pronto: Falling back to syfs fallback for: wcnss.b04
12-27 08:52:06.428     0     0 W subsys-pil-tz a21b000.qcom,pronto: Falling back to syfs fallback for: wcnss.b09
12-27 08:52:06.428     0     0 W subsys-pil-tz a21b000.qcom,pronto: Falling back to syfs fallback for: wcnss.b06
12-27 08:52:06.428     0     0 W subsys-pil-tz a21b000.qcom,pronto: Falling back to syfs fallback for: wcnss.b10
12-27 08:52:06.428     0     0 W subsys-pil-tz a21b000.qcom,pronto: Falling back to syfs fallback for: wcnss.b11
12-27 08:52:06.428     0     0 W subsys-pil-tz a21b000.qcom,pronto: Falling back to syfs fallback for: wcnss.b12
12-27 08:52:06.451     0     0 I android_work: did not send uevent (0 0 0000000000000000)
12-27 08:52:06.494     0     0 I binder  : 1021:1113 ioctl 40046210 7d54f32520 returned -22
12-27 08:52:06.555     0     0 I msm-dwc3 7000000.ssusb: Avail curr from USB = 2
12-27 08:52:06.561     0     0 I wcnss   : wcnss_notif_cb: notification event: 4 : SUBSYS_RAMDUMP_NOTIFICATION
12-27 08:52:06.587   450   456 E NetlinkListener: recvmsg failed (No buffer space available)
12-27 08:52:06.602  1404  1404 I imsrcsd : Uce Service HAL  is starting up...
12-27 08:52:06.602  1404  1404 I imsrcsd : getAndroidPropValue : vendor.ims.DATA_DAEMON_STATUS[1]
12-27 08:52:06.620     0     0 E ip_local_port_range: prefer different parity for start/end values.
12-27 08:52:06.630     0     0 I subsys-pil-tz a21b000.qcom,pronto: wcnss: Brought out of reset
12-27 08:52:06.656     0     0 I msm-dwc3 7000000.ssusb: Avail curr from USB = 100
12-27 08:52:06.760     0     0 I FG      : fg_cap_learning_check: checking battery soc (57 vs 15)
12-27 08:52:06.760     0     0 I FG      : fg_cap_learning_check: battery soc too high (57 > 15), aborting
12-27 08:52:06.761     0     0 I FG      : update_cycle_count: batt_soc: 93 bucket: 4
12-27 08:52:06.762     0     0 W healthd : battery l=59 v=3837 t=25.2 h=2 st=2 c=-484921 fc=5349000 chg=u
12-27 08:52:06.771     0     0 I android_work: sent uevent USB_STATE=CONNECTED
12-27 08:52:06.775     0     0 I msm-dwc3 7000000.ssusb: Avail curr from USB = 100
12-27 08:52:06.775     0     0 I android_work: sent uevent USB_STATE=DISCONNECTED
12-27 08:52:06.900     0     0 I android_work: sent uevent USB_STATE=CONNECTED
12-27 08:52:06.904     0     0 I configfs-gadget gadget: high-speed config #1: b
12-27 08:52:06.904     0     0 I msm-dwc3 7000000.ssusb: Avail curr from USB = 500
12-27 08:52:06.905     0     0 I android_work: sent uevent USB_STATE=CONFIGURED
12-27 08:52:06.967     0     0 I qcom_smd_qrtr_probe: Entered
12-27 08:52:06.967     0     0 I qcom_smd_qrtr_probe: SMD QRTR driver probed
12-27 08:52:07.032     0     0 I coresight-remote-etm soc: wcn_etm0: Connection established between QMI handle and 3 service
12-27 08:52:07.050     0     0 E diag    : In diag_send_peripheral_buffering_mode, buffering flag not set for 2
12-27 08:52:07.108     0     0 I subsys-pil-tz a21b000.qcom,pronto: wcnss: Power/Clock ready interrupt received
12-27 08:52:07.108     0     0 I wcnss   : wcnss_notif_cb: notification event: 8 : SUBSYS_SOC_RESET
12-27 08:52:07.177     0     0 I subsys-pil-tz a21b000.qcom,pronto: Subsystem error monitoring/handling services are up
12-27 08:52:07.178     0     0 I wcnss   : wcnss_notif_cb: notification event: 3 : SUBSYS_AFTER_POWERUP
12-27 08:52:07.178     0     0 I wcnss   : wcnss_pm_qos_update_request: update request -1
12-27 08:52:07.178     0     0 I wcnss   : wcnss_pm_qos_remove_request: remove request
12-27 08:52:07.263     0     0 I wcnss   : version 01050102
12-27 08:52:07.263     0     0 I wcnss   : schedule dnld work for pronto
12-27 08:52:07.264     0     0 I wcnss   : NV download
12-27 08:52:07.264     0     0 W wcnss_wlan a000000.qcom,wcnss-wlan: Falling back to syfs fallback for: wlan/prima/WCNSS_qcom_wlan_nv.bin
12-27 08:52:07.264     0     0 I wcnss   : build version CNSS-PR-4-0-388-121309-1
12-27 08:52:07.434  1448  1448 F linker  : CANNOT LINK EXECUTABLE "/vendor/bin/hw/android.hardware.bluetooth@1.0-service-qti": library "vendor.qti.hardware.fm@1.0.so" not found: needed by main executable
12-27 08:52:07.471     0     0 I binder  : 1449:1449 ioctl 40046210 fff68588 returned -22
12-27 08:52:07.472     0     0 I binder  : 1449:1449 ioctl 40046210 fff68750 returned -22
12-27 08:52:07.473     0     0 I binder  : 964:964 ioctl 40046210 7fe5310f84 returned -22
12-27 08:52:07.531     0     0 E ipa_sps_irq_control_all: 956 EP (5) not allocated.
12-27 08:52:07.533     0     0 E ipa_sps_irq_control_all: 956 EP (5) not allocated.
12-27 08:52:07.535     0     0 E ipa-wan handle_ingress_format: 1275 get AGG size 8192 count 10
12-27 08:52:07.535     0     0 E ipa_sps_irq_control_all: 956 EP (5) not allocated.
12-27 08:52:07.538     0     0 I msm_pm_qos_update_request: update request 100
12-27 08:52:07.538     0     0 I msm_pm_qos_add_request: add request
12-27 08:52:07.539     0     0 E ipa_assign_policy_v2: 3183 get close-by 8192
12-27 08:52:07.539     0     0 E ipa_assign_policy_v2: 3184 set rx_buff_sz 7808
12-27 08:52:07.539     0     0 E ipa_assign_policy_v2: 3199 set aggr_limit 6
12-27 08:52:07.560     0     0 I msm_csid_init: CSID_VERSION = 0x30050001
12-27 08:52:07.560     0     0 E         : msm_csid_irq CSID0_IRQ_STATUS_ADDR = 0x800
12-27 08:52:07.583     0     0 I MSM-CPP cpp_init_hardware: 1136 CPP HW Version: 0x40030003
12-27 08:52:07.583     0     0 E MSM-CPP cpp_init_hardware: 1154 stream_cnt:0
12-27 08:52:07.591     0     0 I msm_cci_init: 1441: hw_version = 0x10020005
12-27 08:52:07.606     0     0 E ipa-wan ipa_wwan_ioctl: 1552 dev(rmnet_data0) register to IPA
12-27 08:52:07.627     0     0 I MSM-CPP cpp_release_hardware: 1217 cpp hw release done
12-27 08:52:07.766     0     0 E ipa-wan ipa_wwan_ioctl: 1552 dev(rmnet_data1) register to IPA
12-27 08:52:07.766     0     0 I ft5x46_i2c 3-0038: ft5x46_noise_filter_delayed_work called
12-27 08:52:07.772     0     0 I msm_pm_qos_update_request: update request -1
12-27 08:52:07.772     0     0 I msm_pm_qos_add_request: add request
12-27 08:52:07.773     0     0 I msm_pm_qos_update_request: update request 100
12-27 08:52:07.774     0     0 I msm_pm_qos_add_request: add request
12-27 08:52:07.788     0     0 I msm_csid_init: CSID_VERSION = 0x30050001
12-27 08:52:07.788     0     0 E         : msm_csid_irq CSID2_IRQ_STATUS_ADDR = 0x800
12-27 08:52:07.806     0     0 I MSM-CPP cpp_init_hardware: 1136 CPP HW Version: 0x40030003
12-27 08:52:07.806     0     0 E MSM-CPP cpp_init_hardware: 1154 stream_cnt:0
12-27 08:52:07.831     0     0 I msm_cci_init: 1441: hw_version = 0x10020005
12-27 08:52:07.898     0     0 I MSM-CPP cpp_release_hardware: 1217 cpp hw release done
12-27 08:52:07.899     0     0 I msm_pm_qos_update_request: update request -1
12-27 08:52:07.899     0     0 I msm_pm_qos_add_request: add request
12-27 08:52:07.995     0     0 E ipa-wan ipa_wwan_ioctl: 1552 dev(rmnet_data2) register to IPA
12-27 08:52:08.036     0     0 E kgsl-3d0: Could not clear l3_vote: -22
12-27 08:52:08.190     0     0 E ipa-wan ipa_wwan_ioctl: 1552 dev(rmnet_data3) register to IPA
12-27 08:52:08.382     0     0 E ipa-wan ipa_wwan_ioctl: 1552 dev(rmnet_data4) register to IPA
12-27 08:52:08.516     0     0 E kgsl-3d0: Could not clear l3_vote: -22
12-27 08:52:08.596     0     0 E ipa-wan ipa_wwan_ioctl: 1552 dev(rmnet_data5) register to IPA
12-27 08:52:08.626     0     0 E kgsl-3d0: Could not clear l3_vote: -22
12-27 08:52:08.646     0     0 I binder  : 1119:1196 ioctl 40046210 7b84e62f04 returned -22
12-27 08:52:08.680  1119  1196 D BootAnimation: BootAnimationShownTiming start time: 36274ms
12-27 08:52:08.797     0     0 I mdss_dsi_on+: ctrl=0000000000000000 ndx=0 cur_power_state=1
12-27 08:52:08.797     0     0 I mdss_dsi_on-:  
12-27 08:52:08.800     0     0 E ipa-wan ipa_wwan_ioctl: 1552 dev(rmnet_data6) register to IPA
12-27 08:52:08.999     0     0 I ueventd : firmware: loading 'wlan/prima/WCNSS_qcom_wlan_nv.bin' for '/devices/platform/soc/a000000.qcom,wcnss-wlan/firmware/wlan!prima!WCNSS_qcom_wlan_nv.bin'
12-27 08:52:09.014     0     0 I ueventd : loading /devices/platform/soc/a000000.qcom,wcnss-wlan/firmware/wlan!prima!WCNSS_qcom_wlan_nv.bin took 15ms
12-27 08:52:09.015     0     0 I wcnss   : NV bin size: 31719, total_fragments: 11
12-27 08:52:09.193     0     0 E ipa-wan ipa_wwan_ioctl: 1552 dev(rmnet_data7) register to IPA
12-27 08:52:09.212     0     0 E wcnss   : not setting up vbatt
12-27 08:52:09.220     0     0 I binder  : 1615:1615 ioctl 40046210 7fc42fdc84 returned -22
12-27 08:52:09.309   944   944 E storaged: getService package_native failed
12-27 08:52:09.334   944  1631 I storaged: storaged: Start
12-27 08:52:10.067     0     0 E kgsl-3d0: Could not clear l3_vote: -22
12-27 08:52:10.342   654   654 V Zygote64Timing: BeginPreload took to complete: 632ms
12-27 08:52:10.957   655   655 V Zygote32Timing: PostZygoteInitGC took to complete: 958ms
12-27 08:52:10.957   655   655 V Zygote32Timing: ZygoteInit took to complete: 1144ms
12-27 08:52:11.515   481   604 I keystore2: keystore2::watchdog: Watchdog thread idle -> terminating. Have a great day.
12-27 08:52:11.603  1404  1404 I imsrcsd : getAndroidPropValue : vendor.ims.modem.multisub.cap[1]
12-27 08:52:11.604  1404  1404 I imsrcsd : Uce Service HAL  detected modemVersion[1]
12-27 08:52:11.604  1404  1404 I imsrcsd : getAndroidPropValue : vendor.ims.rcs_version[1]
12-27 08:52:11.604  1404  1404 I imsrcsd : getAndroidPropValue : vendor.ims.rcs_version[1]
12-27 08:52:11.604  1404  1404 I imsrcsd : Uce Service HAL  loading lib-uceservice
12-27 08:52:11.691     0     0 I binder  : 1404:1404 ioctl 40046210 7fc3560d14 returned -22
12-27 08:52:12.002  1404  1715 I com.qualcomm.qti.uceservice@1.0-service: Successful Initialization
12-27 08:52:12.002  1404  1715 I com.qualcomm.qti.uceservice@1.0-service: Starting Service for First Time
12-27 08:52:12.007  1404  1715 I HidlServiceManagement: Registered com.qualcomm.qti.uceservice@2.0::IUceService/com.qualcomm.qti.uceservice
12-27 08:52:12.008  1404  1715 I HidlServiceManagement: Registered com.qualcomm.qti.imscmservice@2.0::IImsCmService/qti.ims.connectionmanagerservice
12-27 08:52:12.414     0     0 I init    : starting service 'vendor.bluetooth-1-0-qti'...
12-27 08:52:12.452  1724  1724 F linker  : CANNOT LINK EXECUTABLE "/vendor/bin/hw/android.hardware.bluetooth@1.0-service-qti": library "vendor.qti.hardware.fm@1.0.so" not found: needed by main executable
12-27 08:52:12.454     0     0 I init    : Service 'vendor.bluetooth-1-0-qti' (pid 1724) exited with status 1
12-27 08:52:12.454     0     0 I init    : Sending signal 9 to service 'vendor.bluetooth-1-0-qti' (pid 1724) process group...
12-27 08:52:12.455     0     0 I libprocessgroup: Successfully killed process cgroup uid 1002 pid 1724 in 0ms
12-27 08:52:14.039     0     0 E ipa_inc_acquire_wakelock: 3382 client enum 2 mask already set. ref cnt = 4
12-27 08:52:14.389   944  1630 E storaged: getService package_native failed
12-27 08:52:15.127     0     0 I FG      : soc_work_fn: adjust_soc: s 59 r 251708 i 484921 v 3837563 t 252 cc 4
12-27 08:52:17.429     0     0 I init    : starting service 'vendor.bluetooth-1-0-qti'...
12-27 08:52:17.479  1728  1728 F linker  : CANNOT LINK EXECUTABLE "/vendor/bin/hw/android.hardware.bluetooth@1.0-service-qti": library "vendor.qti.hardware.fm@1.0.so" not found: needed by main executable
12-27 08:52:17.482     0     0 I init    : Service 'vendor.bluetooth-1-0-qti' (pid 1728) exited with status 1
12-27 08:52:17.482     0     0 I init    : Sending signal 9 to service 'vendor.bluetooth-1-0-qti' (pid 1728) process group...
12-27 08:52:17.483     0     0 I libprocessgroup: Successfully killed process cgroup uid 1002 pid 1728 in 0ms
12-27 08:52:19.504   944  1631 E storaged: getService package_native failed
12-27 08:52:22.439     0     0 I init    : starting service 'vendor.bluetooth-1-0-qti'...
12-27 08:52:22.477  1730  1730 F linker  : CANNOT LINK EXECUTABLE "/vendor/bin/hw/android.hardware.bluetooth@1.0-service-qti": library "vendor.qti.hardware.fm@1.0.so" not found: needed by main executable
12-27 08:52:22.478     0     0 I init    : Service 'vendor.bluetooth-1-0-qti' (pid 1730) exited with status 1
12-27 08:52:22.478     0     0 I init    : Sending signal 9 to service 'vendor.bluetooth-1-0-qti' (pid 1730) process group...
12-27 08:52:22.479     0     0 I libprocessgroup: Successfully killed process cgroup uid 1002 pid 1730 in 0ms
12-27 08:52:22.479     0     0 E init    : process with updatable components 'vendor.bluetooth-1-0-qti' exited 4 times before boot completed
12-27 08:52:22.481     0     0 E apexd   : Native process 'vendor.bluetooth-1-0-qti' is crashing. Attempting a revert
12-27 08:52:22.481     0     0 E apexd   : Revert failed : Revert requested, when there are no active sessions.
12-27 08:52:22.483     0     0 I init    : processing action (sys.init.updatable_crashing=1) from (/system/etc/init/flags_health_check.rc:10)
12-27 08:52:22.484     0     0 I init    : starting service 'exec 30 (/system/bin/flags_health_check UPDATABLE_CRASHING)'...
12-27 08:52:22.495     0     0 I init    : SVC_EXEC service 'exec 30 (/system/bin/flags_health_check UPDATABLE_CRASHING)' pid 1731 (uid 1000 gid 1000+0 context default) started; waiting...
12-27 08:52:22.569     0     0 I init    : Service 'exec 30 (/system/bin/flags_health_check UPDATABLE_CRASHING)' (pid 1731) exited with status 0 waiting took 0.079000 seconds
12-27 08:52:22.569     0     0 I init    : Sending signal 9 to service 'exec 30 (/system/bin/flags_health_check UPDATABLE_CRASHING)' (pid 1731) process group...
12-27 08:52:27.449     0     0 I init    : starting service 'vendor.bluetooth-1-0-qti'...
12-27 08:52:27.486  1735  1735 F linker  : CANNOT LINK EXECUTABLE "/vendor/bin/hw/android.hardware.bluetooth@1.0-service-qti": library "vendor.qti.hardware.fm@1.0.so" not found: needed by main executable
12-27 08:52:27.488     0     0 I init    : Service 'vendor.bluetooth-1-0-qti' (pid 1735) exited with status 1
12-27 08:52:27.488     0     0 I init    : Sending signal 9 to service 'vendor.bluetooth-1-0-qti' (pid 1735) process group...
12-27 08:52:27.488     0     0 I libprocessgroup: Successfully killed process cgroup uid 1002 pid 1735 in 0ms
12-27 08:52:27.488     0     0 E init    : process with updatable components 'vendor.bluetooth-1-0-qti' exited 4 times before boot completed
12-27 08:52:27.492     0     0 I init    : processing action (sys.init.updatable_crashing=1) from (/system/etc/init/flags_health_check.rc:10)
12-27 08:52:27.494     0     0 I init    : starting service 'exec 31 (/system/bin/flags_health_check UPDATABLE_CRASHING)'...
12-27 08:52:27.506     0     0 I init    : SVC_EXEC service 'exec 31 (/system/bin/flags_health_check UPDATABLE_CRASHING)' pid 1736 (uid 1000 gid 1000+0 context default) started; waiting...
12-27 08:52:27.554     0     0 I init    : Service 'exec 31 (/system/bin/flags_health_check UPDATABLE_CRASHING)' (pid 1736) exited with status 0 waiting took 0.050000 seconds
12-27 08:52:27.555     0     0 I init    : Sending signal 9 to service 'exec 31 (/system/bin/flags_health_check UPDATABLE_CRASHING)' (pid 1736) process group...
12-27 08:52:30.505   654   654 V Zygote64Timing: PreloadClasses took to complete: 20162ms
12-27 08:52:30.544   654   654 V Zygote64Timing: CacheNonBootClasspathClassLoaders took to complete: 39ms
12-27 08:52:30.987   654   654 V Zygote64Timing: PreloadResources took to complete: 441ms
12-27 08:52:31.208   654   654 V Zygote64Timing: ZygotePreload took to complete: 21497ms
12-27 08:52:32.460     0     0 I init    : starting service 'vendor.bluetooth-1-0-qti'...
12-27 08:52:32.494  1737  1737 F linker  : CANNOT LINK EXECUTABLE "/vendor/bin/hw/android.hardware.bluetooth@1.0-service-qti": library "vendor.qti.hardware.fm@1.0.so" not found: needed by main executable
12-27 08:52:32.496     0     0 I init    : Service 'vendor.bluetooth-1-0-qti' (pid 1737) exited with status 1
12-27 08:52:32.496     0     0 I init    : Sending signal 9 to service 'vendor.bluetooth-1-0-qti' (pid 1737) process group...
12-27 08:52:32.496     0     0 I libprocessgroup: Successfully killed process cgroup uid 1002 pid 1737 in 0ms
12-27 08:52:32.497     0     0 E init    : process with updatable components 'vendor.bluetooth-1-0-qti' exited 4 times before boot completed
12-27 08:52:32.502     0     0 I init    : processing action (sys.init.updatable_crashing=1) from (/system/etc/init/flags_health_check.rc:10)
12-27 08:52:32.502     0     0 I init    : starting service 'exec 32 (/system/bin/flags_health_check UPDATABLE_CRASHING)'...
12-27 08:52:32.511     0     0 I init    : SVC_EXEC service 'exec 32 (/system/bin/flags_health_check UPDATABLE_CRASHING)' pid 1738 (uid 1000 gid 1000+0 context default) started; waiting...
12-27 08:52:32.572     0     0 I init    : Service 'exec 32 (/system/bin/flags_health_check UPDATABLE_CRASHING)' (pid 1738) exited with status 0 waiting took 0.063000 seconds
12-27 08:52:32.573     0     0 I init    : Sending signal 9 to service 'exec 32 (/system/bin/flags_health_check UPDATABLE_CRASHING)' (pid 1738) process group...
12-27 08:52:34.012   654   654 V Zygote64Timing: PostZygoteInitGC took to complete: 2802ms
12-27 08:52:34.013   654   654 V Zygote64Timing: ZygoteInit took to complete: 24473ms
12-27 08:52:34.969     0     0 I FG      : get_esr_lvl: 80000,3400,3200,1
12-27 08:52:34.969     0     0 I FG      : get_esr_lvl: 100000,3450,3100,1
12-27 08:52:34.969     0     0 I FG      : get_esr_lvl: 150000,3500,3000,1
12-27 08:52:34.969     0     0 I FG      : get_esr_lvl: 5000000,3550,3000,0
12-27 08:52:35.607     0     0 I FG      : soc_work_fn: adjust_soc: s 59 r 265625 i -132598 v 3993354 t 252 cc 4
12-27 08:52:37.472     0     0 I init    : starting service 'vendor.bluetooth-1-0-qti'...
12-27 08:52:37.499  1745  1745 F linker  : CANNOT LINK EXECUTABLE "/vendor/bin/hw/android.hardware.bluetooth@1.0-service-qti": library "vendor.qti.hardware.fm@1.0.so" not found: needed by main executable
12-27 08:52:37.500     0     0 I init    : Service 'vendor.bluetooth-1-0-qti' (pid 1745) exited with status 1
12-27 08:52:37.500     0     0 I init    : Sending signal 9 to service 'vendor.bluetooth-1-0-qti' (pid 1745) process group...
12-27 08:52:37.500     0     0 I libprocessgroup: Successfully killed process cgroup uid 1002 pid 1745 in 0ms
12-27 08:52:37.500     0     0 E init    : process with updatable components 'vendor.bluetooth-1-0-qti' exited 4 times before boot completed
12-27 08:52:37.502     0     0 I init    : processing action (sys.init.updatable_crashing=1) from (/system/etc/init/flags_health_check.rc:10)
12-27 08:52:37.502     0     0 I init    : starting service 'exec 33 (/system/bin/flags_health_check UPDATABLE_CRASHING)'...
12-27 08:52:37.507     0     0 I init    : SVC_EXEC service 'exec 33 (/system/bin/flags_health_check UPDATABLE_CRASHING)' pid 1746 (uid 1000 gid 1000+0 context default) started; waiting...
12-27 08:52:37.555     0     0 I init    : Service 'exec 33 (/system/bin/flags_health_check UPDATABLE_CRASHING)' (pid 1746) exited with status 0 waiting took 0.049000 seconds
12-27 08:52:37.555     0     0 I init    : Sending signal 9 to service 'exec 33 (/system/bin/flags_health_check UPDATABLE_CRASHING)' (pid 1746) process group...
12-27 08:52:38.730     0     0 I binder  : 1739:1739 ioctl 40046210 7ffefb8a70 returned -22
12-27 08:52:38.756  1739  1739 D SystemServerTiming: InitBeforeStartServices
12-27 08:52:38.762  1739  1739 W SystemServer: persist.sys.timezone is not valid (); setting to GMT.
12-27 08:52:38.773  1739  1739 I SystemServer: Entered the Android system server!
12-27 08:52:38.776  1739  1739 I DerpFest: Welcome to DerpFest! We believe that you'll love it. Ready to... uh... Tango!
12-27 08:52:39.379  1739  1739 I SystemServerInitThreadPool: Creating instance with 8 threads
12-27 08:52:42.485     0     0 I init    : starting service 'vendor.bluetooth-1-0-qti'...
12-27 08:52:42.511  1758  1758 F linker  : CANNOT LINK EXECUTABLE "/vendor/bin/hw/android.hardware.bluetooth@1.0-service-qti": library "vendor.qti.hardware.fm@1.0.so" not found: needed by main executable
12-27 08:52:42.513     0     0 I init    : Service 'vendor.bluetooth-1-0-qti' (pid 1758) exited with status 1
12-27 08:52:42.513     0     0 I init    : Sending signal 9 to service 'vendor.bluetooth-1-0-qti' (pid 1758) process group...
12-27 08:52:42.513     0     0 I libprocessgroup: Successfully killed process cgroup uid 1002 pid 1758 in 0ms
12-27 08:52:42.513     0     0 E init    : process with updatable components 'vendor.bluetooth-1-0-qti' exited 4 times before boot completed
12-27 08:52:42.516     0     0 I init    : processing action (sys.init.updatable_crashing=1) from (/system/etc/init/flags_health_check.rc:10)
12-27 08:52:42.517     0     0 I init    : starting service 'exec 34 (/system/bin/flags_health_check UPDATABLE_CRASHING)'...
12-27 08:52:42.525     0     0 I init    : SVC_EXEC service 'exec 34 (/system/bin/flags_health_check UPDATABLE_CRASHING)' pid 1759 (uid 1000 gid 1000+0 context default) started; waiting...
12-27 08:52:42.565     0     0 I init    : Service 'exec 34 (/system/bin/flags_health_check UPDATABLE_CRASHING)' (pid 1759) exited with status 0 waiting took 0.041000 seconds
12-27 08:52:42.565     0     0 I init    : Sending signal 9 to service 'exec 34 (/system/bin/flags_health_check UPDATABLE_CRASHING)' (pid 1759) process group...
12-27 08:52:44.411  1739  1739 V SystemServerTiming: InitBeforeStartServices took to complete: 5654ms
12-27 08:52:44.412  1739  1739 D SystemServerTiming: StartServices
12-27 08:52:44.412  1739  1739 D SystemServerTiming: startBootstrapServices
12-27 08:52:44.413  1739  1739 D SystemServerTiming: StartWatchdog
12-27 08:52:44.456  1739  1739 V SystemServerTiming: StartWatchdog took to complete: 43ms
12-27 08:52:44.456  1739  1739 I SystemServer: Reading configuration...
12-27 08:52:44.457  1739  1739 D SystemServerTiming: ReadingSystemConfig
12-27 08:52:44.459  1739  1739 V SystemServerTiming: ReadingSystemConfig took to complete: 2ms
12-27 08:52:44.459  1739  1739 D SystemServerTiming: PlatformCompat
12-27 08:52:44.461  1739  1767 D SystemServerTimingAsync: InitThreadPoolExec:ReadingSystemConfig
12-27 08:52:44.461  1739  1767 D SystemServerInitThreadPool: Started executing ReadingSystemConfig
12-27 08:52:44.475  1739  1739 D CompatConfig: Found a config file: /system/etc/compatconfig/documents-ui-compat-config.xml
12-27 08:52:44.476  1739  1767 I SystemConfig: Reading permissions from /system/etc/sysconfig/preinstalled-packages-platform.xml
12-27 08:52:44.480  1739  1739 D CompatConfig: Adding: com.android.server.compat.config.Change@dcb8518
12-27 08:52:44.488  1739  1739 D CompatConfig: Found a config file: /system/etc/compatconfig/contacts-provider-platform-compat-config.xml
12-27 08:52:44.493  1739  1767 I SystemConfig: Reading permissions from /system/etc/sysconfig/hiddenapi-package-whitelist.xml
12-27 08:52:44.494  1739  1739 D CompatConfig: Found a config file: /system/etc/compatconfig/calendar-provider-compat-config.xml
12-27 08:52:44.499  1739  1739 D CompatConfig: Adding: com.android.server.compat.config.Change@67fdac4
12-27 08:52:44.503  1739  1739 D CompatConfig: Found a config file: /system/etc/compatconfig/services-platform-compat-config.xml
12-27 08:52:44.506  1739  1767 I SystemConfig: Reading permissions from /system/etc/sysconfig/preinstalled-packages-com.android.providers.media.module.xml
12-27 08:52:44.513  1739  1767 I SystemConfig: Reading permissions from /system/etc/sysconfig/framework-sysconfig.xml
12-27 08:52:44.515  1739  1739 D CompatConfig: Adding: com.android.server.compat.config.Change@b01df30
12-27 08:52:44.516  1739  1739 D CompatConfig: Adding: com.android.server.compat.config.Change@ecd7a9
12-27 08:52:44.516  1739  1739 D CompatConfig: Adding: com.android.server.compat.config.Change@443812e
12-27 08:52:44.517  1739  1739 D CompatConfig: Adding: com.android.server.compat.config.Change@9ae34cf
12-27 08:52:44.517  1739  1739 D CompatConfig: Adding: com.android.server.compat.config.Change@a5dbe5c
12-27 08:52:44.517  1739  1739 D CompatConfig: Adding: com.android.server.compat.config.Change@1124565
12-27 08:52:44.517  1739  1739 D CompatConfig: Adding: com.android.server.compat.config.Change@70a823a
12-27 08:52:44.517  1739  1739 D CompatConfig: Adding: com.android.server.compat.config.Change@6034eeb
12-27 08:52:44.518  1739  1739 D CompatConfig: Adding: com.android.server.compat.config.Change@6366448
12-27 08:52:44.518  1739  1739 D CompatConfig: Adding: com.android.server.compat.config.Change@f66d2e1
12-27 08:52:44.518  1739  1739 D CompatConfig: Adding: com.android.server.compat.config.Change@e0e8806
12-27 08:52:44.518  1739  1739 D CompatConfig: Adding: com.android.server.compat.config.Change@445eec7
12-27 08:52:44.518  1739  1739 D CompatConfig: Adding: com.android.server.compat.config.Change@5717cf4
12-27 08:52:44.519  1739  1739 D CompatConfig: Adding: com.android.server.compat.config.Change@e1cbc1d
12-27 08:52:44.519  1739  1739 D CompatConfig: Adding: com.android.server.compat.config.Change@efb1e92
12-27 08:52:44.519  1739  1739 D CompatConfig: Adding: com.android.server.compat.config.Change@b28b063
12-27 08:52:44.519  1739  1739 D CompatConfig: Adding: com.android.server.compat.config.Change@5a37460
12-27 08:52:44.519  1739  1739 D CompatConfig: Adding: com.android.server.compat.config.Change@64dfd19
12-27 08:52:44.519  1739  1739 D CompatConfig: Adding: com.android.server.compat.config.Change@ca891de
12-27 08:52:44.520  1739  1739 D CompatConfig: Adding: com.android.server.compat.config.Change@febefbf
12-27 08:52:44.520  1739  1739 D CompatConfig: Adding: com.android.server.compat.config.Change@73b768c
12-27 08:52:44.520  1739  1739 D CompatConfig: Adding: com.android.server.compat.config.Change@eb851d5
12-27 08:52:44.520  1739  1739 D CompatConfig: Adding: com.android.server.compat.config.Change@d27edea
12-27 08:52:44.520  1739  1739 D CompatConfig: Adding: com.android.server.compat.config.Change@179c8db
12-27 08:52:44.520  1739  1739 D CompatConfig: Adding: com.android.server.compat.config.Change@6f6f78
12-27 08:52:44.521  1739  1739 D CompatConfig: Adding: com.android.server.compat.config.Change@2393651
12-27 08:52:44.521  1739  1739 D CompatConfig: Adding: com.android.server.compat.config.Change@48efeb6
12-27 08:52:44.521  1739  1739 D CompatConfig: Adding: com.android.server.compat.config.Change@94217b7
12-27 08:52:44.521  1739  1739 D CompatConfig: Adding: com.android.server.compat.config.Change@2e80b24
12-27 08:52:44.521  1739  1739 D CompatConfig: Adding: com.android.server.compat.config.Change@209e68d
12-27 08:52:44.521  1739  1739 D CompatConfig: Adding: com.android.server.compat.config.Change@845042
12-27 08:52:44.521  1739  1739 D CompatConfig: Adding: com.android.server.compat.config.Change@dd67853
12-27 08:52:44.522  1739  1739 D CompatConfig: Adding: com.android.server.compat.config.Change@2cb590
12-27 08:52:44.522  1739  1739 D CompatConfig: Adding: com.android.server.compat.config.Change@fbb5e89
12-27 08:52:44.522  1739  1739 D CompatConfig: Adding: com.android.server.compat.config.Change@8b2e8e
12-27 08:52:44.522  1739  1739 D CompatConfig: Adding: com.android.server.compat.config.Change@34646af
12-27 08:52:44.522  1739  1739 D CompatConfig: Adding: com.android.server.compat.config.Change@8cf9abc
12-27 08:52:44.522  1739  1739 D CompatConfig: Adding: com.android.server.compat.config.Change@af25a45
12-27 08:52:44.523  1739  1739 D CompatConfig: Adding: com.android.server.compat.config.Change@70fa59a
12-27 08:52:44.523  1739  1739 D CompatConfig: Adding: com.android.server.compat.config.Change@53a9ecb
12-27 08:52:44.523  1739  1739 D CompatConfig: Adding: com.android.server.compat.config.Change@259a6a8
12-27 08:52:44.523  1739  1739 D CompatConfig: Adding: com.android.server.compat.config.Change@ee355c1
12-27 08:52:44.523  1739  1739 D CompatConfig: Adding: com.android.server.compat.config.Change@f328166
12-27 08:52:44.523  1739  1739 D CompatConfig: Adding: com.android.server.compat.config.Change@6d25ca7
12-27 08:52:44.524  1739  1739 D CompatConfig: Adding: com.android.server.compat.config.Change@ff68554
12-27 08:52:44.524  1739  1739 D CompatConfig: Adding: com.android.server.compat.config.Change@b8e8cfd
12-27 08:52:44.524  1739  1739 D CompatConfig: Adding: com.android.server.compat.config.Change@3554df2
12-27 08:52:44.524  1739  1739 D CompatConfig: Adding: com.android.server.compat.config.Change@43e1c43
12-27 08:52:44.524  1739  1739 D CompatConfig: Adding: com.android.server.compat.config.Change@9e0a2c0
12-27 08:52:44.524  1739  1739 D CompatConfig: Adding: com.android.server.compat.config.Change@66573e
12-27 08:52:44.525  1739  1739 D CompatConfig: Adding: com.android.server.compat.config.Change@21c399f
12-27 08:52:44.525  1739  1739 D CompatConfig: Adding: com.android.server.compat.config.Change@f8d2aec
12-27 08:52:44.525  1739  1739 D CompatConfig: Adding: com.android.server.compat.config.Change@b75eb5
12-27 08:52:44.525  1739  1739 D CompatConfig: Adding: com.android.server.compat.config.Change@1eca94a
12-27 08:52:44.525  1739  1739 D CompatConfig: Adding: com.android.server.compat.config.Change@694d0bb
12-27 08:52:44.525  1739  1767 I SystemConfig: Reading permissions from /system/etc/sysconfig/hiddenapi-whitelist-org.pixelexperience.faceunlock.xml
12-27 08:52:44.525  1739  1739 D CompatConfig: Adding: com.android.server.compat.config.Change@9809d8
12-27 08:52:44.526  1739  1739 D CompatConfig: Adding: com.android.server.compat.config.Change@8cc3131
12-27 08:52:44.526  1739  1739 D CompatConfig: Adding: com.android.server.compat.config.Change@2d41016
12-27 08:52:44.526  1739  1739 D CompatConfig: Adding: com.android.server.compat.config.Change@835bd97
12-27 08:52:44.527  1739  1739 D CompatConfig: Adding: com.android.server.compat.config.Change@86feb84
12-27 08:52:44.527  1739  1739 D CompatConfig: Adding: com.android.server.compat.config.Change@d81af6d
12-27 08:52:44.527  1739  1739 D CompatConfig: Adding: com.android.server.compat.config.Change@ef917a2
12-27 08:52:44.527  1739  1739 D CompatConfig: Adding: com.android.server.compat.config.Change@e8e9c33
12-27 08:52:44.528  1739  1739 D CompatConfig: Adding: com.android.server.compat.config.Change@8c23bf0
12-27 08:52:44.528  1739  1739 D CompatConfig: Adding: com.android.server.compat.config.Change@496d569
12-27 08:52:44.529  1739  1739 D CompatConfig: Found a config file: /system/etc/compatconfig/framework-platform-compat-config.xml
12-27 08:52:44.534  1739  1767 I SystemConfig: Reading permissions from /system/etc/sysconfig/preinstalled-packages-platform-full-base.xml
12-27 08:52:44.546  1739  1767 I SystemConfig: Reading permissions from /system/etc/permissions/com.android.media.remotedisplay.xml
12-27 08:52:44.548  1739  1739 D CompatConfig: Adding: com.android.server.compat.config.Change@6be5f25
12-27 08:52:44.549  1739  1739 D CompatConfig: Adding: com.android.server.compat.config.Change@ba9f8fa
12-27 08:52:44.549  1739  1739 D CompatConfig: Adding: com.android.server.compat.config.Change@c975eab
12-27 08:52:44.550  1739  1739 D CompatConfig: Adding: com.android.server.compat.config.Change@e8d9908
12-27 08:52:44.550  1739  1739 D CompatConfig: Adding: com.android.server.compat.config.Change@b1ac8a1
12-27 08:52:44.550  1739  1739 D CompatConfig: Adding: com.android.server.compat.config.Change@10eaac6
12-27 08:52:44.550  1739  1739 D CompatConfig: Adding: com.android.server.compat.config.Change@66b3a87
12-27 08:52:44.550  1739  1739 D CompatConfig: Adding: com.android.server.compat.config.Change@2e73db4
12-27 08:52:44.550  1739  1739 D CompatConfig: Adding: com.android.server.compat.config.Change@e7a4ddd
12-27 08:52:44.551  1739  1739 D CompatConfig: Adding: com.android.server.compat.config.Change@3baad52
12-27 08:52:44.551  1739  1739 D CompatConfig: Adding: com.android.server.compat.config.Change@6b6f823
12-27 08:52:44.551  1739  1739 D CompatConfig: Adding: com.android.server.compat.config.Change@9948120
12-27 08:52:44.551  1739  1739 D CompatConfig: Adding: com.android.server.compat.config.Change@252ead9
12-27 08:52:44.551  1739  1739 D CompatConfig: Adding: com.android.server.compat.config.Change@db24c9e
12-27 08:52:44.551  1739  1739 D CompatConfig: Adding: com.android.server.compat.config.Change@876f37f
12-27 08:52:44.551  1739  1739 D CompatConfig: Adding: com.android.server.compat.config.Change@c108f4c
12-27 08:52:44.552  1739  1739 D CompatConfig: Adding: com.android.server.compat.config.Change@f7e5b95
12-27 08:52:44.552  1739  1739 D CompatConfig: Adding: com.android.server.compat.config.Change@2f294aa
12-27 08:52:44.552  1739  1739 D CompatConfig: Adding: com.android.server.compat.config.Change@11489b
12-27 08:52:44.552  1739  1739 D CompatConfig: Adding: com.android.server.compat.config.Change@e5d5438
12-27 08:52:44.552  1739  1739 D CompatConfig: Adding: com.android.server.compat.config.Change@8b61c11
12-27 08:52:44.553  1739  1739 D CompatConfig: Adding: com.android.server.compat.config.Change@83d5176
12-27 08:52:44.553  1739  1739 D CompatConfig: Adding: com.android.server.compat.config.Change@831d377
12-27 08:52:44.553  1739  1739 D CompatConfig: Adding: com.android.server.compat.config.Change@af7be4
12-27 08:52:44.553  1739  1739 D CompatConfig: Adding: com.android.server.compat.config.Change@8cf684d
12-27 08:52:44.553  1739  1739 D CompatConfig: Adding: com.android.server.compat.config.Change@aa50f02
12-27 08:52:44.553  1739  1739 D CompatConfig: Adding: com.android.server.compat.config.Change@663013
12-27 08:52:44.554  1739  1739 D CompatConfig: Adding: com.android.server.compat.config.Change@fda7250
12-27 08:52:44.554  1739  1739 D CompatConfig: Adding: com.android.server.compat.config.Change@8b73c49
12-27 08:52:44.554  1739  1739 D CompatConfig: Adding: com.android.server.compat.config.Change@3d9194e
12-27 08:52:44.554  1739  1739 D CompatConfig: Adding: com.android.server.compat.config.Change@979ba6f
12-27 08:52:44.554  1739  1739 D CompatConfig: Adding: com.android.server.compat.config.Change@7c637c
12-27 08:52:44.554  1739  1739 D CompatConfig: Adding: com.android.server.compat.config.Change@92e5405
12-27 08:52:44.555  1739  1739 D CompatConfig: Adding: com.android.server.compat.config.Change@7317c5a
12-27 08:52:44.555  1739  1739 D CompatConfig: Adding: com.android.server.compat.config.Change@b918e8b
12-27 08:52:44.555  1739  1739 D CompatConfig: Adding: com.android.server.compat.config.Change@ea3b68
12-27 08:52:44.555  1739  1739 D CompatConfig: Adding: com.android.server.compat.config.Change@c452b81
12-27 08:52:44.555  1739  1739 D CompatConfig: Adding: com.android.server.compat.config.Change@37b0426
12-27 08:52:44.555  1739  1739 D CompatConfig: Adding: com.android.server.compat.config.Change@2088867
12-27 08:52:44.556  1739  1739 D CompatConfig: Adding: com.android.server.compat.config.Change@ddba614
12-27 08:52:44.556  1739  1739 D CompatConfig: Adding: com.android.server.compat.config.Change@a97febd
12-27 08:52:44.556  1739  1739 D CompatConfig: Adding: com.android.server.compat.config.Change@5833cb2
12-27 08:52:44.556  1739  1739 D CompatConfig: Adding: com.android.server.compat.config.Change@90b4403
12-27 08:52:44.556  1739  1739 D CompatConfig: Adding: com.android.server.compat.config.Change@4ac9b9
12-27 08:52:44.556  1739  1739 D CompatConfig: Adding: com.android.server.compat.config.Change@76471fe
12-27 08:52:44.557  1739  1739 D CompatConfig: Adding: com.android.server.compat.config.Change@8f41d5f
12-27 08:52:44.557  1739  1739 D CompatConfig: Adding: com.android.server.compat.config.Change@75da3ac
12-27 08:52:44.557  1739  1739 D CompatConfig: Adding: com.android.server.compat.config.Change@dc54875
12-27 08:52:44.557  1739  1739 D CompatConfig: Adding: com.android.server.compat.config.Change@891b00a
12-27 08:52:44.557  1739  1767 I SystemConfig: Reading permissions from /system/etc/permissions/org.apache.http.legacy.xml
12-27 08:52:44.557  1739  1739 D CompatConfig: Adding: com.android.server.compat.config.Change@b67307b
12-27 08:52:44.557  1739  1739 D CompatConfig: Adding: com.android.server.compat.config.Change@5d74e98
12-27 08:52:44.558  1739  1739 D CompatConfig: Adding: com.android.server.compat.config.Change@82ef6f1
12-27 08:52:44.558  1739  1739 D CompatConfig: Adding: com.android.server.compat.config.Change@aa2c2d6
12-27 08:52:44.558  1739  1739 D CompatConfig: Adding: com.android.server.compat.config.Change@62e5957
12-27 08:52:44.558  1739  1739 D CompatConfig: Adding: com.android.server.compat.config.Change@13ebc44
12-27 08:52:44.558  1739  1739 D CompatConfig: Adding: com.android.server.compat.config.Change@5ab112d
12-27 08:52:44.558  1739  1739 D CompatConfig: Adding: com.android.server.compat.config.Change@ee03662
12-27 08:52:44.559  1739  1739 D CompatConfig: Adding: com.android.server.compat.config.Change@7d533f3
12-27 08:52:44.559  1739  1739 D CompatConfig: Adding: com.android.server.compat.config.Change@c8d58b0
12-27 08:52:44.559  1739  1739 D CompatConfig: Adding: com.android.server.compat.config.Change@1549329
12-27 08:52:44.559  1739  1739 D CompatConfig: Adding: com.android.server.compat.config.Change@8f56ae
12-27 08:52:44.559  1739  1739 D CompatConfig: Adding: com.android.server.compat.config.Change@2051c4f
12-27 08:52:44.559  1739  1739 D CompatConfig: Adding: com.android.server.compat.config.Change@ee74fdc
12-27 08:52:44.560  1739  1739 D CompatConfig: Adding: com.android.server.compat.config.Change@2fa38e5
12-27 08:52:44.560  1739  1739 D CompatConfig: Adding: com.android.server.compat.config.Change@7fe2fba
12-27 08:52:44.560  1739  1739 D CompatConfig: Adding: com.android.server.compat.config.Change@da12e6b
12-27 08:52:44.560  1739  1739 D CompatConfig: Adding: com.android.server.compat.config.Change@b878dc8
12-27 08:52:44.560  1739  1739 D CompatConfig: Adding: com.android.server.compat.config.Change@69a7e61
12-27 08:52:44.560  1739  1739 D CompatConfig: Adding: com.android.server.compat.config.Change@24f8d86
12-27 08:52:44.561  1739  1739 D CompatConfig: Adding: com.android.server.compat.config.Change@4a24647
12-27 08:52:44.561  1739  1739 D CompatConfig: Adding: com.android.server.compat.config.Change@c6bbe74
12-27 08:52:44.561  1739  1739 D CompatConfig: Adding: com.android.server.compat.config.Change@f9f9f9d
12-27 08:52:44.561  1739  1739 D CompatConfig: Adding: com.android.server.compat.config.Change@a06fc12
12-27 08:52:44.561  1739  1739 D CompatConfig: Adding: com.android.server.compat.config.Change@db2ffe3
12-27 08:52:44.561  1739  1739 D CompatConfig: Adding: com.android.server.compat.config.Change@bc04de0
12-27 08:52:44.562  1739  1739 D CompatConfig: Adding: com.android.server.compat.config.Change@3db9899
12-27 08:52:44.562  1739  1739 D CompatConfig: Adding: com.android.server.compat.config.Change@c54c75e
12-27 08:52:44.562  1739  1739 D CompatConfig: Adding: com.android.server.compat.config.Change@58bb73f
12-27 08:52:44.562  1739  1739 D CompatConfig: Adding: com.android.server.compat.config.Change@80c680c
12-27 08:52:44.562  1739  1739 D CompatConfig: Adding: com.android.server.compat.config.Change@a442555
12-27 08:52:44.562  1739  1739 D CompatConfig: Adding: com.android.server.compat.config.Change@721fb6a
12-27 08:52:44.562  1739  1739 D CompatConfig: Adding: com.android.server.compat.config.Change@20e885b
12-27 08:52:44.563  1739  1739 D CompatConfig: Adding: com.android.server.compat.config.Change@f1df8f8
12-27 08:52:44.563  1739  1739 D CompatConfig: Adding: com.android.server.compat.config.Change@96ec1d1
12-27 08:52:44.563  1739  1739 D CompatConfig: Adding: com.android.server.compat.config.Change@bdc6436
12-27 08:52:44.563  1739  1739 D CompatConfig: Adding: com.android.server.compat.config.Change@b234f37
12-27 08:52:44.563  1739  1739 D CompatConfig: Adding: com.android.server.compat.config.Change@bb5aca4
12-27 08:52:44.563  1739  1739 D CompatConfig: Adding: com.android.server.compat.config.Change@1ccaa0d
12-27 08:52:44.563  1739  1739 D CompatConfig: Adding: com.android.server.compat.config.Change@3028dc2
12-27 08:52:44.564  1739  1739 D CompatConfig: Adding: com.android.server.compat.config.Change@553a7d3
12-27 08:52:44.564  1739  1739 D CompatConfig: Adding: com.android.server.compat.config.Change@1f2ef10
12-27 08:52:44.564  1739  1739 D CompatConfig: Adding: com.android.server.compat.config.Change@fa6da09
12-27 08:52:44.564  1739  1739 D CompatConfig: Adding: com.android.server.compat.config.Change@c6fc40e
12-27 08:52:44.564  1739  1739 D CompatConfig: Adding: com.android.server.compat.config.Change@67fec3c
12-27 08:52:44.564  1739  1739 D CompatConfig: Adding: com.android.server.compat.config.Change@da0dc5
12-27 08:52:44.564  1739  1739 D CompatConfig: Adding: com.android.server.compat.config.Change@868131a
12-27 08:52:44.565  1739  1739 D CompatConfig: Adding: com.android.server.compat.config.Change@a3e3e4b
12-27 08:52:44.565  1739  1739 D CompatConfig: Adding: com.android.server.compat.config.Change@c7d9028
12-27 08:52:44.565  1739  1739 D CompatConfig: Adding: com.android.server.compat.config.Change@a52c141
12-27 08:52:44.565  1739  1767 I SystemConfig: Reading permissions from /system/etc/permissions/android.software.live_wallpaper.xml
12-27 08:52:44.565  1739  1739 D CompatConfig: Adding: com.android.server.compat.config.Change@56446e6
12-27 08:52:44.569  1739  1739 D CompatConfig: Found a config file: /system/etc/compatconfig/TeleService-platform-compat-config.xml
12-27 08:52:44.577  1739  1739 D CompatConfig: Adding: com.android.server.compat.config.Change@949307d
12-27 08:52:44.577  1739  1739 D CompatConfig: Adding: com.android.server.compat.config.Change@e9deb72
12-27 08:52:44.577  1739  1767 I SystemConfig: Reading permissions from /system/etc/permissions/com.android.intentresolver.xml
12-27 08:52:44.577  1739  1739 D CompatConfig: Adding: com.android.server.compat.config.Change@3262bc3
12-27 08:52:44.577  1739  1739 D CompatConfig: Adding: com.android.server.compat.config.Change@4683c40
12-27 08:52:44.578  1739  1739 D CompatConfig: Adding: com.android.server.compat.config.Change@c3d5779
12-27 08:52:44.578  1739  1739 D CompatConfig: Adding: com.android.server.compat.config.Change@75b4cbe
12-27 08:52:44.579  1739  1739 D CompatConfig: Found a config file: /system/etc/compatconfig/icu4j-platform-compat-config.xml
12-27 08:52:44.585  1739  1739 D CompatConfig: Adding: com.android.server.compat.config.Change@b4dc6c
12-27 08:52:44.591  1739  1739 D CompatConfig: Found a config file: /system/system_ext/etc/compatconfig/settings-platform-compat-config.xml
12-27 08:52:44.594  1739  1767 I SystemConfig: Reading permissions from /system/etc/permissions/com.android.location.provider.xml
12-27 08:52:44.595  1739  1739 D CompatConfig: Adding: com.android.server.compat.config.Change@97f503b
12-27 08:52:44.605  1739  1767 I SystemConfig: Reading permissions from /system/etc/permissions/android.test.base.xml
12-27 08:52:44.609  1739  1739 D ApexManagerTiming: getActiveApexInfos_noCache
12-27 08:52:44.615  1739  1767 I SystemConfig: Reading permissions from /system/etc/permissions/android.test.runner.xml
12-27 08:52:44.630  1739  1767 I SystemConfig: Reading permissions from /system/etc/permissions/privapp_allowlist_com.android.providers.media.module.xml
12-27 08:52:44.646  1739  1767 I SystemConfig: Reading permissions from /system/etc/permissions/privapp-permissions-platform.xml
12-27 08:52:44.647  1739  1739 V ApexManagerTiming: getActiveApexInfos_noCache took to complete: 37ms
12-27 08:52:44.648  1739  1739 D CompatConfig: No directory /apex/com.android.neuralnetworks/etc/compatconfig, skipping
12-27 08:52:44.651  1739  1739 D CompatConfig: Found a config file: /apex/com.android.btservices/etc/compatconfig/bluetooth-compat-config.xml
12-27 08:52:44.654  1739  1739 D CompatConfig: Adding: com.android.server.compat.config.Change@3715db8
12-27 08:52:44.661  1739  1739 D CompatConfig: Found a config file: /apex/com.android.mediaprovider/etc/compatconfig/media-provider-platform-compat-config.xml
12-27 08:52:44.667  1739  1739 D CompatConfig: Adding: com.android.server.compat.config.Change@e2c36f6
12-27 08:52:44.667  1739  1739 D CompatConfig: Adding: com.android.server.compat.config.Change@9d68af7
12-27 08:52:44.667  1739  1739 D CompatConfig: Adding: com.android.server.compat.config.Change@ba9d64
12-27 08:52:44.668  1739  1739 D CompatConfig: Adding: com.android.server.compat.config.Change@ac1abcd
12-27 08:52:44.668  1739  1739 D CompatConfig: Adding: com.android.server.compat.config.Change@45ccc82
12-27 08:52:44.668  1739  1739 D CompatConfig: Adding: com.android.server.compat.config.Change@5edf93
12-27 08:52:44.668  1739  1739 D CompatConfig: Adding: com.android.server.compat.config.Change@f362bd0
12-27 08:52:44.670  1739  1739 D CompatConfig: No directory /apex/com.android.runtime/etc/compatconfig, skipping
12-27 08:52:44.671  1739  1739 D CompatConfig: No directory /apex/com.android.sdkext/etc/compatconfig, skipping
12-27 08:52:44.674  1739  1739 D CompatConfig: No directory /apex/com.android.vndk.v33/etc/compatconfig, skipping
12-27 08:52:44.676  1739  1739 D CompatConfig: No directory /apex/com.android.media/etc/compatconfig, skipping
12-27 08:52:44.679  1739  1739 D CompatConfig: No directory /apex/com.android.scheduling/etc/compatconfig, skipping
12-27 08:52:44.681  1739  1739 D CompatConfig: No directory /apex/com.android.appsearch/etc/compatconfig, skipping
12-27 08:52:44.683  1739  1739 D CompatConfig: No directory /apex/com.android.ondevicepersonalization/etc/compatconfig, skipping
12-27 08:52:44.684  1739  1739 D CompatConfig: No directory /apex/com.android.tzdata/etc/compatconfig, skipping
12-27 08:52:44.685  1739  1739 D CompatConfig: No directory /apex/com.android.apex.cts.shim/etc/compatconfig, skipping
12-27 08:52:44.686  1739  1739 D CompatConfig: No directory /apex/com.android.cellbroadcast/etc/compatconfig, skipping
12-27 08:52:44.687  1739  1739 D CompatConfig: No directory /apex/com.android.i18n/etc/compatconfig, skipping
12-27 08:52:44.688  1739  1739 D CompatConfig: No directory /apex/com.android.adbd/etc/compatconfig, skipping
12-27 08:52:44.690  1739  1739 D CompatConfig: Found a config file: /apex/com.android.wifi/etc/compatconfig/wifi-compat-config.xml
12-27 08:52:44.697  1739  1739 D CompatConfig: Adding: com.android.server.compat.config.Change@10f2ece
12-27 08:52:44.698  1739  1739 D CompatConfig: Adding: com.android.server.compat.config.Change@50de1ef
12-27 08:52:44.701  1739  1739 D CompatConfig: No directory /apex/com.android.resolv/etc/compatconfig, skipping
12-27 08:52:44.702  1739  1739 D CompatConfig: No directory /apex/com.android.adservices/etc/compatconfig, skipping
12-27 08:52:44.703  1739  1739 D CompatConfig: No directory /apex/com.android.conscrypt/etc/compatconfig, skipping
12-27 08:52:44.704  1739  1739 D CompatConfig: No directory /apex/com.android.media.swcodec/etc/compatconfig, skipping
12-27 08:52:44.704  1739  1739 D CompatConfig: No directory /apex/com.android.os.statsd/etc/compatconfig, skipping
12-27 08:52:44.705  1739  1739 D CompatConfig: No directory /apex/com.android.ipsec/etc/compatconfig, skipping
12-27 08:52:44.710  1739  1739 D CompatConfig: Found a config file: /apex/com.android.art/etc/compatconfig/libcore-platform-compat-config.xml
12-27 08:52:44.717  1739  1739 D CompatConfig: Adding: com.android.server.compat.config.Change@7b58785
12-27 08:52:44.717  1739  1739 D CompatConfig: Adding: com.android.server.compat.config.Change@d7369da
12-27 08:52:44.717  1739  1739 D CompatConfig: Adding: com.android.server.compat.config.Change@d00ae0b
12-27 08:52:44.717  1739  1739 D CompatConfig: Adding: com.android.server.compat.config.Change@5d3a4e8
12-27 08:52:44.717  1739  1739 D CompatConfig: Adding: com.android.server.compat.config.Change@acc1701
12-27 08:52:44.718  1739  1739 D CompatConfig: Adding: com.android.server.compat.config.Change@3ae49a6
12-27 08:52:44.720  1739  1739 D CompatConfig: No directory /apex/com.android.permission/etc/compatconfig, skipping
12-27 08:52:44.721  1739  1739 D CompatConfig: Found a config file: /apex/com.android.tethering/etc/compatconfig/connectivity-platform-compat-config.xml
12-27 08:52:44.731  1739  1739 D CompatConfig: Adding: com.android.server.compat.config.Change@5b22794
12-27 08:52:44.734  1739  1739 D CompatConfig: No directory /apex/com.android.extservices/etc/compatconfig, skipping
12-27 08:52:44.735  1739  1739 D CompatConfig: No directory /apex/com.android.uwb/etc/compatconfig, skipping
12-27 08:52:44.749  1739  1739 V SystemServerTiming: PlatformCompat took to complete: 289ms
12-27 08:52:44.749  1739  1739 D SystemServerTiming: StartFileIntegrityService
12-27 08:52:44.750  1739  1739 I SystemServiceManager: Starting com.android.server.security.FileIntegrityService
12-27 08:52:44.765  1739  1767 I SystemConfig: Reading permissions from /system/etc/permissions/com.android.mediadrm.signer.xml
12-27 08:52:44.769  1739  1739 V SystemServerTiming: StartFileIntegrityService took to complete: 21ms
12-27 08:52:44.770  1739  1739 D SystemServerTiming: StartInstaller
12-27 08:52:44.770  1739  1739 I SystemServiceManager: Starting com.android.server.pm.Installer
