01-13 23:58:51.692     0     0 E tas2560s 2-004e: Left irq GPIO valid
01-13 23:58:51.692     0     0 I tas2560s 2-004e: Left irq = 172
01-13 23:58:51.692     0     0 E tas2560s 2-004e: Right irq GPIO valid
01-13 23:58:51.692     0     0 I tas2560s 2-004e: right irq = 173
01-13 23:58:51.693     0     0 I tas2560s 2-004e: tas2560_register_codec, enter
01-13 23:58:51.693     0     0 I tas2560s 2-004e: tas2560_register_misc, leave
01-13 23:58:51.695     0     0 E msm-dai-q6-hdmi soc: qcom,msm-dai-q6-dp: invalid device ID 24608
01-13 23:58:51.716     0     0 I         : u32 classifier
01-13 23:58:51.716     0     0 I         : Actions configured
01-13 23:58:51.716     0     0 I xt_time : kernel timezone is -0000
01-13 23:58:51.716     0     0 I gre     : GRE over IPv4 demultiplexor driver
01-13 23:58:51.716     0     0 I         : IPv4 over IPsec tunneling driver
01-13 23:58:51.717     0     0 I         : Initializing XFRM netlink socket
01-13 23:58:51.717     0     0 I         : IPsec XFRM device driver
01-13 23:58:51.717     0     0 I NET     : Registered protocol family 10
01-13 23:58:51.718     0     0 I         : Segment Routing with IPv6
01-13 23:58:51.718     0     0 I mip6    : Mobile IPv6
01-13 23:58:51.718     0     0 I sit     : IPv6, IPv4 and MPLS over IPv4 tunneling driver
01-13 23:58:51.719     0     0 I NET     : Registered protocol family 17
01-13 23:58:51.719     0     0 I NET     : Registered protocol family 15
01-13 23:58:51.719     0     0 I l2tp_core: L2TP core driver, V2.0
01-13 23:58:51.719     0     0 I l2tp_ppp: PPPoL2TP kernel driver, V2.0
01-13 23:58:51.719     0     0 I l2tp_ip : L2TP IP encapsulation support (L2TPv3)
01-13 23:58:51.719     0     0 I l2tp_netlink: L2TP netlink interface
01-13 23:58:51.719     0     0 I l2tp_eth: L2TP ethernet pseudowire support (L2TPv3)
01-13 23:58:51.719     0     0 I l2tp_ip6: L2TP IP encapsulation support for IPv6 (L2TPv3)
01-13 23:58:51.719     0     0 I sctp    : Hash tables configured (bind 256/256)
01-13 23:58:51.720     0     0 W irq     : type mismatch, failed to map hwirq-168 for wake-gic@601d4!
01-13 23:58:51.720     0     0 W irq     : type mismatch, failed to map hwirq-166 for wake-gic@601d4!
01-13 23:58:51.720     0     0 E dwc3 7000000.dwc3: Failed to get clk 'ref': -2
01-13 23:58:51.721     0     0 I dwc3 7000000.dwc3: changing max_speed on rev 00000000
01-13 23:58:51.725     0     0 I sps     : BAM 0x0000000007104000 is registered.
01-13 23:58:51.726     0     0 W msm-dwc3 7000000.ssusb: Could not get usb power_supply
01-13 23:58:51.726     0     0 E         : Invalid index Defaulting curr to 0
01-13 23:58:51.728     0     0 E qpnp-smbcharger 200f000.qcom,spmi: qcom,pmi8950@2:qcom,qpnp-smbcharger: vchg_sns channel is not available
01-13 23:58:51.729     0     0 E SMBCHG  : smbchg_hvdcp_enable_cb: smbchg_hvdcp_enable_cb HVDCP enabled
01-13 23:58:51.730     0     0 I FG      : get_prop_capacity: loading batt profile, return last soc 58
01-13 23:58:51.731     0     0 I FG      : get_prop_capacity: loading batt profile, return last soc 58
01-13 23:58:51.731     0     0 I FG      : get_prop_capacity: loading batt profile, return last soc 58
01-13 23:58:51.733     0     0 I FG      : get_prop_capacity: loading batt profile, return last soc 58
01-13 23:58:51.733     0     0 I FG      : get_prop_capacity: loading batt profile, return last soc 58
01-13 23:58:51.734     0     0 I qpnp-smbcharger 200f000.qcom,spmi: qcom,pmi8950@2:qcom,qpnp-smbcharger: SMBCHG successfully probe Charger version=SCHG_LITE Revision DIG:0.0 ANA:0.1 batt=1 dc=0 usb=1
01-13 23:58:51.735     0     0 W coresight-tmc: probe of 6028000.tmc failed with error -13
01-13 23:58:51.735     0     0 I coresight-stm 6002000.stm: STM32 initialized
01-13 23:58:51.736     0     0 E pmic_analog_codec 200f000.qcom,spmi: qcom,pm8953@1:analog-codec@f000: Adsp is not loaded yet 0
01-13 23:58:51.737     0     0 W irq     : type mismatch, failed to map hwirq-168 for wake-gic@601d4!
01-13 23:58:51.737     0     0 W irq     : type mismatch, failed to map hwirq-166 for wake-gic@601d4!
01-13 23:58:51.737     0     0 I FG      : get_prop_capacity: loading batt profile, return last soc 58
01-13 23:58:51.737     0     0 E dwc3 7000000.dwc3: Failed to get clk 'ref': -2
01-13 23:58:51.738     0     0 I dwc3 7000000.dwc3: changing max_speed on rev 00000000
01-13 23:58:51.742     0     0 I sps     : BAM 0x0000000007104000 is registered.
01-13 23:58:51.746     0     0 E pmic_analog_codec 200f000.qcom,spmi: qcom,pm8953@1:analog-codec@f000: Adsp is not loaded yet 0
01-13 23:58:51.746     0     0 I core_ctl: Creating CPU group 0
01-13 23:58:51.746     0     0 I core_ctl: Init CPU0 state
01-13 23:58:51.746     0     0 I core_ctl: Init CPU1 state
01-13 23:58:51.746     0     0 I core_ctl: Init CPU2 state
01-13 23:58:51.746     0     0 I core_ctl: Init CPU3 state
01-13 23:58:51.747     0     0 I core_ctl: Creating CPU group 4
01-13 23:58:51.747     0     0 I core_ctl: Init CPU4 state
01-13 23:58:51.747     0     0 I core_ctl: Init CPU5 state
01-13 23:58:51.747     0     0 I core_ctl: Init CPU6 state
01-13 23:58:51.747     0     0 I core_ctl: Init CPU7 state
01-13 23:58:51.747     0     0 I         : registered taskstats version 1
01-13 23:58:51.747     0     0 I         : Loading compiled-in X.509 certificates
01-13 23:58:51.749     0     0 I         : Loaded X.509 cert 'Build time autogenerated kernel key: 962d7b61645207207116e9207c434d6430d57375'
01-13 23:58:51.749     0     0 I         : Key type ._fscrypt registered
01-13 23:58:51.749     0     0 I         : Key type .fscrypt registered
01-13 23:58:51.749     0     0 I         : Key type fscrypt-provisioning registered
01-13 23:58:51.749     0     0 E msm-qusb-phy 79000.qusb: QUSB PHY PLL LOCK fails:0
01-13 23:58:51.749     0     0 I pstore  : Using compression: deflate
01-13 23:58:51.750     0     0 I qcom,cc-debug-8953 1874000.qcom,cc-debug: Registered Debug Mux successfully
01-13 23:58:51.751     0     0 I msm-dwc3 7000000.ssusb: DWC3 exited from low power mode
01-13 23:58:51.752     0     0 I FG      : get_prop_capacity: loading batt profile, return last soc 58
01-13 23:58:51.752     0     0 I FG      : get_prop_capacity: loading batt profile, return last soc 58
01-13 23:58:51.753     0     0 I fastrpc soc: qcom,msm-adsprpc-mem: for adsp_rh segments only will be dumped.
01-13 23:58:51.754     0     0 I fastrpc soc: qcom,msm_fastrpc:qcom,msm_fastrpc_compute_cb: Linked as a consumer to 1e00000.qcom,iommu
01-13 23:58:51.754     0     0 I arm-smmu 1e00000.qcom,iommu: AARCH64 is supported for soc:qcom,msm_fastrpc:qcom,msm_fastrpc_compute_cb
01-13 23:58:51.754     0     0 I iommu   : Adding device soc:qcom,msm_fastrpc:qcom,msm_fastrpc_compute_cb to group 12
01-13 23:58:51.755     0     0 I adsprpc : fastrpc_device_init: SSR notifier registered for adsp
01-13 23:58:51.755     0     0 I adsprpc : fastrpc_device_init: SSR notifier registered for modem
01-13 23:58:51.755     0     0 I adsprpc : fastrpc_device_init: SSR notifier registered for slpi
01-13 23:58:51.755     0     0 I adsprpc : fastrpc_device_init: SSR notifier registered for cdsp
01-13 23:58:51.756     0     0 E pmic_analog_codec 200f000.qcom,spmi: qcom,pm8953@1:analog-codec@f000: Adsp is not loaded yet 0
01-13 23:58:51.756     0     0 E pmic_analog_codec 200f000.qcom,spmi: qcom,pm8953@1:analog-codec@f000: Adsp is not loaded yet 0
01-13 23:58:51.758     0     0 I input   : soc:gpio_keys as /devices/platform/soc/soc:gpio_keys/input/input3
01-13 23:58:51.759     0     0 E pmic_analog_codec 200f000.qcom,spmi: qcom,pm8953@1:analog-codec@f000: Adsp is not loaded yet 0
01-13 23:58:51.760     0     0 E i2c-msm-v2 78b7000.i2c: msm_bus_scale_register_client(mstr-id:86):0x1a (ok)
01-13 23:58:51.760     0     0 E ft5x46_i2c 3-0038: can't read open-max
01-13 23:58:51.760     0     0 E ft5x46_i2c 3-0038: can't read short-min
01-13 23:58:51.760     0     0 E ft5x46_i2c 3-0038: can't read short-max
01-13 23:58:51.962     0     0 I ft5x46_i2c 3-0038: HidI2c To StdI2c succeed
01-13 23:58:51.962     0     0 I ft5x46_i2c 3-0038: ft5x46 chip id = 54
01-13 23:58:52.232     0     0 I ft5x46_i2c 3-0038: [FTS] step1: Reset device.
01-13 23:58:52.252     0     0 I ft5x46_i2c 3-0038: HidI2c To StdI2c succeed
01-13 23:58:52.272     0     0 I ft5x46_i2c 3-0038: [FTS] step2: Enter upgrade mode.
01-13 23:58:52.272     0     0 I ft5x46_i2c 3-0038: read id = 0x54, 0x2c
01-13 23:58:52.272     0     0 I ft5x46_i2c 3-0038: [FTS] step3: Check device id.
01-13 23:58:52.292     0     0 I ft5x46_i2c 3-0038: Lockdown info: 0x31 0x36 0x32 0x02 0xD4 0x00 0x31 0x01
01-13 23:58:52.522     0     0 I ft5x46_i2c 3-0038: HidI2c To StdI2c succeed
01-13 23:58:52.522     0     0 I ft5x46_i2c 3-0038: firmware vendor is 3b
01-13 23:58:52.522     0     0 I ft5x46_i2c 3-0038: chip id = 0x54, lcd_vendor = 0x36 found it!
01-13 23:58:52.522     0     0 I ft5x46_i2c 3-0038: firmware name = ft5446_biel.fw
01-13 23:58:52.522     0     0 I ft5x46_i2c 3-0038: firmware version is 0d
01-13 23:58:52.523     0     0 I ft5x46_i2c 3-0038: Config info: 0x0D 0xF7 0x00 0x00 0x00 0x00 0x00 0x00
01-13 23:58:52.523     0     0 I input   : ft5x46 as /devices/platform/soc/78b7000.i2c/i2c-3/3-0038/input/input4
01-13 23:58:52.523     0     0 I ft5x46_i2c 3-0038: Create proc entry successfully
01-13 23:58:52.524     0     0 E pmic_analog_codec 200f000.qcom,spmi: qcom,pm8953@1:analog-codec@f000: Adsp is not loaded yet 0
01-13 23:58:52.526     0     0 E pmic_analog_codec 200f000.qcom,spmi: qcom,pm8953@1:analog-codec@f000: Adsp is not loaded yet 0
01-13 23:58:52.527     0     0 E lpm_levels_of: qcom,pm-cluster-level:failed to read key:qcom,entry-latency-us ret:-22
01-13 23:58:52.527     0     0 E lpm_levels_of: Failed to parse power params ret:-22
01-13 23:58:52.527     0     0 E lpm_levels_of: Failed parse pm-cluster-level
01-13 23:58:52.527     0     0 E lpm_levels: Failed to probe low power modes
01-13 23:58:52.528     0     0 E pmic_analog_codec 200f000.qcom,spmi: qcom,pm8953@1:analog-codec@f000: Adsp is not loaded yet 0
01-13 23:58:52.529     0     0 E qcom,qpnp-flash-led 200f000.qcom,spmi: qcom,pmi8950@3:qcom,leds@d300: Unable to acquire pinctrl
01-13 23:58:52.530     0     0 E pmic_analog_codec 200f000.qcom,spmi: qcom,pm8953@1:analog-codec@f000: Adsp is not loaded yet 0
01-13 23:58:52.533     0     0 I         : rmnet_ipa started initialization
01-13 23:58:52.533     0     0 I         : IPA SSR support = True
01-13 23:58:52.533     0     0 I         : IPA ipa-loaduC = True
01-13 23:58:52.533     0     0 I         : IPA SG support = True
01-13 23:58:52.533     0     0 I         : IPA Napi Enable = False
01-13 23:58:52.533     0     0 I         : using default for wan-rx-desc-size = 1024
01-13 23:58:52.535     0     0 E ipa_sps_irq_control_all: 956 EP (5) not allocated.
01-13 23:58:52.535     0     0 E ipa2_uc_state_check: 293 uC is not loaded
01-13 23:58:52.536     0     0 I         : rmnet_ipa completed initialization
01-13 23:58:52.536     0     0 E pmic_analog_codec 200f000.qcom,spmi: qcom,pm8953@1:analog-codec@f000: Adsp is not loaded yet 0
01-13 23:58:52.538     0     0 I         : RNDIS_IPA module is loaded.
01-13 23:58:52.538     0     0 I cfg80211: Loading compiled-in X.509 certificates for regulatory database
01-13 23:58:52.538     0     0 I cfg80211: Loaded X.509 cert 'sforshee: 00b28ddf47aef9cea7'
01-13 23:58:52.538     0     0 I clock_late_init: Removing enables held for handed-off clocks
01-13 23:58:52.542     0     0 I apc_mem_acc_corner: disabling
01-13 23:58:52.542     0     0 I gfx_mem_acc_corner: disabling
01-13 23:58:52.543     0     0 I         : ALSA device list:
01-13 23:58:52.543     0     0 I         : No soundcards found.
01-13 23:58:52.543     0     0 E         : Warning: unable to open an initial console.
01-13 23:58:52.545     0     0 I         : Freeing unused kernel memory: 4096K
01-13 23:58:52.545     0     0 I         : Run /init as init process
01-13 23:58:52.548     0     0 I init    : init first stage started!
01-13 23:58:52.548     0     0 I init    : Unable to open /lib/modules, skipping module loading.
01-13 23:58:52.548     0     0 I init    : Copied ramdisk prop to /second_stage_resources/system/etc/ramdisk/build.prop
01-13 23:58:52.548     0     0 I init    : [libfs_mgr]ReadFstabFromDt(): failed to read fstab from dt
01-13 23:58:52.549     0     0 I init    : Using Android DT directory /proc/device-tree/firmware/android/
01-13 23:58:52.550     0     0 E init    : Failed to read vbmeta partitions.
01-13 23:58:52.587     0     0 I FG      : get_prop_capacity: loading batt profile, return last soc 58
01-13 23:58:52.588     0     0 I FG      : get_prop_capacity: loading batt profile, return last soc 58
01-13 23:58:52.630     0     0 I init    : AVB is not enabled, skip verity setup for '/metadata'
01-13 23:58:52.634     0     0 I init    : [libfs_mgr]superblock s_max_mnt_count:65535,/dev/block/by-name/logdump
01-13 23:58:52.635     0     0 W EXT4-fs : Warning: mounting with data=journal disables delayed allocation and O_DIRECT support!
01-13 23:58:52.637     0     0 I EXT4-fs (mmcblk0p61): mounted filesystem with journalled data mode. Opts: discard,data=journal,commit=1
01-13 23:58:52.637     0     0 I init    : [libfs_mgr]__mount(source=/dev/block/by-name/logdump,target=/metadata,type=ext4)=0: Success
01-13 23:58:52.638     0     0 E init    : Failed to copy /avb into /metadata/gsi/dsu/avb/: No such file or directory
01-13 23:58:52.642     0     0 I EXT4-fs (mmcblk0p65): mounted filesystem without journal. Opts:
01-13 23:58:52.655     0     0 I EXT4-fs (mmcblk0p64): mounted filesystem without journal. Opts:
01-13 23:58:52.680     0     0 W init    : 9 output lines suppressed due to ratelimiting
01-13 23:58:52.785     0     0 I init    : Skipping mount of system_ext, system is not dynamic.
01-13 23:58:52.785     0     0 I init    : Opening SELinux policy
01-13 23:58:52.786     0     0 I init    : Falling back to standard signature check. TODO implementent support for fsverity SEPolicy.
01-13 23:58:52.786     0     0 I init    : Error: Apex SEPolicy failed signature check
01-13 23:58:52.786     0     0 I init    : Loading APEX Sepolicy from /system/etc/selinux/apex/SEPolicy.zip
01-13 23:58:52.786     0     0 E init    : Failed to open package /system/etc/selinux/apex/SEPolicy.zip: No such file or directory
01-13 23:58:52.795     0     0 I init    : Loading SELinux policy
01-13 23:58:52.840     0     0 I SELinux : policy capability network_peer_controls=1
01-13 23:58:52.840     0     0 I SELinux : policy capability open_perms=1
01-13 23:58:52.840     0     0 I SELinux : policy capability extended_socket_class=1
01-13 23:58:52.840     0     0 I SELinux : policy capability always_check_network=0
01-13 23:58:52.840     0     0 I SELinux : policy capability cgroup_seclabel=0
01-13 23:58:52.840     0     0 I SELinux : policy capability nnp_nosuid_transition=1
01-13 23:58:53.103     0     0 I selinux : SELinux: Loaded file_contexts
01-13 23:58:53.103     0     0 I selinux :  
01-13 23:58:53.126     0     0 I FG      : get_esr_lvl: 80000,3400,3200,1
01-13 23:58:53.126     0     0 I FG      : get_esr_lvl: 100000,3450,3100,1
01-13 23:58:53.126     0     0 I FG      : get_esr_lvl: 150000,3500,3000,1
01-13 23:58:53.126     0     0 I FG      : get_esr_lvl: 5000000,3550,3000,0
01-13 23:58:53.126     0     0 I FG      : get_esr_lvl: 80000,3400,3200,1
01-13 23:58:53.126     0     0 I FG      : get_esr_lvl: 100000,3450,3100,1
01-13 23:58:53.126     0     0 I FG      : get_esr_lvl: 150000,3500,3000,1
01-13 23:58:53.126     0     0 I FG      : get_esr_lvl: 5000000,3550,3000,0
01-13 23:58:53.129     0     0 I FG      : set_prop_enable_charging: disabling charging
01-13 23:58:53.131     0     0 I FG      : get_esr_lvl: 80000,3400,3200,1
01-13 23:58:53.131     0     0 I FG      : get_esr_lvl: 100000,3450,3100,1
01-13 23:58:53.131     0     0 I FG      : get_esr_lvl: 150000,3500,3000,1
01-13 23:58:53.131     0     0 I FG      : get_esr_lvl: 5000000,3550,3000,0
01-13 23:58:53.155     0     0 I init    : init second stage started!
01-13 23:58:53.299     0     0 I init    : Using Android DT directory /proc/device-tree/firmware/android/
01-13 23:58:53.306     0     0 W init    : Couldn't load property file '/system_dlkm/etc/build.prop': open() failed: No such file or directory: No such file or directory
01-13 23:58:53.306     0     0 W init    : Couldn't load property file '/vendor/default.prop': open() failed: No such file or directory: No such file or directory
01-13 23:58:53.309     0     0 E init    : Do not have permissions to set 'ro.recovery.usb.vid' to '18D1' in property file '/vendor/build.prop': SELinux permission check failed
01-13 23:58:53.309     0     0 E init    : Do not have permissions to set 'ro.recovery.usb.adb.pid' to 'D001' in property file '/vendor/build.prop': SELinux permission check failed
01-13 23:58:53.309     0     0 E init    : Do not have permissions to set 'ro.recovery.usb.fastboot.pid' to '4EE0' in property file '/vendor/build.prop': SELinux permission check failed
01-13 23:58:53.311     0     0 W init    : Couldn't load property file '/odm_dlkm/etc/build.prop': open() failed: No such file or directory: No such file or directory
01-13 23:58:53.313     0     0 W init    : Overriding previous property 'ro.config.notification_sound':'Eureka.ogg' with new value 'Argon.ogg'
01-13 23:58:53.313     0     0 W init    : Overriding previous property 'ro.config.alarm_alert':'Fresh_start.ogg' with new value 'Hassium.ogg'
01-13 23:58:53.546     0     0 E cgroup  : cgroup2: unknown option "memory_recursiveprot"
01-13 23:58:53.610     0     0 E linkerconfig: Unable to access VNDK APEX at path: /apex/com.android.vndk.v33: No such file or directory
01-13 23:58:53.645     0     0 I ueventd : ueventd started!
01-13 23:58:53.650     0     0 I selinux : SELinux: Loaded file_contexts
01-13 23:58:53.650     0     0 I selinux :  
01-13 23:58:53.650     0     0 I ueventd : Parsing file /system/etc/ueventd.rc...
01-13 23:58:53.651     0     0 I ueventd : Added '/vendor/etc/ueventd.rc' to import list
01-13 23:58:53.651     0     0 I ueventd : Added '/odm/etc/ueventd.rc' to import list
01-13 23:58:53.652     0     0 I ueventd : Parsing file /vendor/etc/ueventd.rc...
01-13 23:58:53.653     0     0 E ueventd : /vendor/etc/ueventd.rc: 33: ignoring duplicate subsystem entry
01-13 23:58:53.654     0     0 E ueventd : /vendor/etc/ueventd.rc: 178: /sys/ lines must have 5 or 6 entries
01-13 23:58:53.656     0     0 I ueventd : Parsing file /odm/etc/ueventd.rc...
01-13 23:58:53.672     0     0 I apexd   : Bootstrap subcommand detected
01-13 23:58:53.673     0     0 E cutils-trace: Error opening trace file: No such file or directory (2)
01-13 23:58:53.700     0     0 I FG      : get_prop_capacity: loading batt profile, return last soc 58
01-13 23:58:53.701     0     0 I FG      : get_prop_capacity: loading batt profile, return last soc 58
01-13 23:58:54.412     0     0 I apexd   : wait for '/dev/loop-control' took 718ms
01-13 23:58:54.414     0     0 I apexd   : Pre-allocated loop device 16
01-13 23:58:54.415     0     0 I apexd   : Pre-allocated loop device 17
01-13 23:58:54.417     0     0 I apexd   : Pre-allocated loop device 18
01-13 23:58:54.418     0     0 I apexd   : Pre-allocated loop device 19
01-13 23:58:54.475     0     0 I apexd   : Pre-allocated loop device 20
01-13 23:58:54.477     0     0 I apexd   : Pre-allocated loop device 21
01-13 23:58:54.478     0     0 I apexd   : Pre-allocated loop device 22
01-13 23:58:54.839     0     0 I EXT4-fs (loop0): mounted filesystem without journal. Opts: (null)
01-13 23:58:55.032     0     0 I EXT4-fs (loop1): mounted filesystem without journal. Opts: (null)
01-13 23:58:55.122     0     0 I FG      : fg_batt_profile_init: battery id = 66KOhms
01-13 23:58:55.122     0     0 I of_batterydata_get_best_profile: d4_sunwoda found
01-13 23:58:55.130     0     0 I FG      : fg_cap_learning_load_data: learned capacity 0-> 5349000/14e5 uah
01-13 23:58:55.131     0     0 I FG      : fg_batt_profile_init: Battery profiles same, using default
01-13 23:58:55.131     0     0 I FG      : set_prop_enable_charging: enabling charging
01-13 23:58:55.131     0     0 I FG      : update_chg_iterm: current = -100, converted_raw = fd71, data = 71 fd
01-13 23:58:55.132     0     0 I FG      : populate_system_data: coeffs1 = 3970703 -1368164 2796875 -1023437
01-13 23:58:55.132     0     0 I FG      : populate_system_data: coeffs2 = 3656250 141723 1859375 -3345703
01-13 23:58:55.132     0     0 I FG      : populate_system_data: coeffs3 = 3062500 25625000 -364000000 1766000000
01-13 23:58:55.134     0     0 I FG      : populate_system_data: cutoff_voltage = 3399943, nom_cap_uah = 5349000 p1p2 = 36, p2p3 = 5
01-13 23:58:55.136     0     0 I FG      : fg_batt_profile_init: Battery SOC: 59, V: 4040808uV
01-13 23:58:55.136     0     0 I of_batterydata_get_best_profile: d4_sunwoda found
01-13 23:58:55.210     0     0 I EXT4-fs (loop2): mounted filesystem without journal. Opts: (null)
01-13 23:58:55.392     0     0 I EXT4-fs (loop3): mounted filesystem without journal. Opts: (null)
01-13 23:58:55.418     0     0 W apexd   : 50 output lines suppressed due to ratelimiting
01-13 23:58:56.162     0     0 I ft5x46_i2c 3-0038: ft5x46_noise_filter_delayed_work called
01-13 23:58:56.162     0     0 I ft5x46_i2c 3-0038: Power state changed, set noise filter to 0x1
01-13 23:59:00.681     0     0 I init    : Wait for property 'ro.cold_boot_done=true' took 4970ms
01-13 23:59:00.681     0     0 I init    : processing action (SetMmapRndBits) from (<Builtin Action>:0)
01-13 23:59:00.681     0     0 I ueventd : Coldboot took 7.021 seconds
01-13 23:59:00.682     0     0 I init    : processing action (KeychordInit) from (<Builtin Action>:0)
01-13 23:59:00.682     0     0 W init    : EVIOCSMASK not supported: Invalid argument
01-13 23:59:00.882     0     0 I init    : Command 'KeychordInit' action=KeychordInit (<Builtin Action>:0) took 200ms and succeeded
01-13 23:59:00.883     0     0 I init    : processing action (init) from (/system/etc/init/hw/init.rc:89)
01-13 23:59:00.883     0     0 I init    : Command 'copy /system/etc/prop.default /dev/urandom' action=init (/system/etc/init/hw/init.rc:94) took 0ms and failed: Could not read input file '/system/etc/prop.default': open() failed: No such file or directory
01-13 23:59:00.914     0     0 I init    : Command 'write /dev/cpuctl/nnapi-hal/cpu.uclamp.min 1' action=init (/system/etc/init/hw/init.rc:187) took 1ms and failed: Unable to write to file '/dev/cpuctl/nnapi-hal/cpu.uclamp.min': open() failed: Permission denied
01-13 23:59:00.916     0     0 I init    : Command 'write /dev/cpuctl/nnapi-hal/cpu.uclamp.latency_sensitive 1' action=init (/system/etc/init/hw/init.rc:188) took 1ms and failed: Unable to write to file '/dev/cpuctl/nnapi-hal/cpu.uclamp.latency_sensitive': open() failed: Permission denied
01-13 23:59:00.922     0     0 E         : Trying to create more than 6 SchedTune boosting groups
01-13 23:59:00.922     0     0 I init    : Command 'mkdir /dev/stune/nnapi-hal' action=init (/system/etc/init/hw/init.rc:207) took 1ms and failed: mkdir() failed on /dev/stune/nnapi-hal: No space left on device
01-13 23:59:01.052     0     0 I         : Registered swp emulation handler
01-13 23:59:01.222     0     0 I binder  : 437:437 ioctl 40046210 7fdaee5f20 returned -22
01-13 23:59:01.227     0     0 I binder  : 438:438 ioctl 40046210 7fc889c104 returned -22
01-13 23:59:01.257     0     0 I logd.auditd: start
01-13 23:59:01.263     0     0 I binder  : 439:439 ioctl 40046210 7ff75c3090 returned -22
01-13 23:59:01.272     0     0 I logd    : Loaded bug_map file: /system_ext/etc/selinux/bug_map
01-13 23:59:01.272     0     0 I logd    : Loaded bug_map file: /vendor/etc/selinux/selinux_denial_metadata
01-13 23:59:01.273     0     0 I logd    : Loaded bug_map file: /system/etc/selinux/bug_map
01-13 23:59:01.367     0     0 I init    : wait for '/dev/block/platform/soc/7824900.sdhci' took 0ms
01-13 23:59:01.371     0     0 W EXT4-fs (mmcblk0p63): Ignoring removed nomblk_io_submit option
01-13 23:59:01.373     0     0 I EXT4-fs (mmcblk0p63): mounted filesystem with ordered data mode. Opts: errors=remount-ro,nomblk_io_submit
--------- beginning of system
01-13 23:59:01.417   450   450 I vold    : Vold 3.0 (the awakening) firing up
01-13 23:59:01.417   450   450 D vold    : Detected support for: exfat ext4 f2fs ntfs vfat
01-13 23:59:01.426   450   450 I vold    : Not pre-creating userdata encryption device; device already exists
01-13 23:59:01.427   450   450 D vold    : VoldNativeService::start() completed OK
01-13 23:59:01.426     0     0 I binder  : 450:450 ioctl 40046210 7fedfbd3d4 returned -22
01-13 23:59:01.426     0     0 I binder  : 450:450 ioctl 40046210 7fedfbd130 returned -22
01-13 23:59:01.459     0     0 I e2fsck  : e2fsck 1.46.2 (28-Feb-2021)
01-13 23:59:01.463     0     0 I e2fsck  : /dev/block/bootdevice/by-name/cache: clean, 26/65536 files, 12538/65536 blocks
01-13 23:59:01.469     0     0 I EXT4-fs (mmcblk0p63): mounted filesystem with ordered data mode. Opts:
01-13 23:59:01.471     0     0 W EXT4-fs (mmcblk0p58): Ignoring removed nomblk_io_submit option
01-13 23:59:01.473     0     0 I EXT4-fs (mmcblk0p58): mounted filesystem with ordered data mode. Opts: errors=remount-ro,nomblk_io_submit
01-13 23:59:01.530     0     0 I e2fsck  : e2fsck 1.46.2 (28-Feb-2021)
01-13 23:59:01.532     0     0 I e2fsck  : /dev/block/bootdevice/by-name/persist: clean, 101/2048 files, 1470/16384 blocks
01-13 23:59:01.537     0     0 I EXT4-fs (mmcblk0p58): mounted filesystem with ordered data mode. Opts: barrier=1
01-13 23:59:01.542     0     0 I EXT4-fs (mmcblk0p54): mounted filesystem with ordered data mode. Opts: barrier=1
01-13 23:59:01.602     0     0 I binder  : 467:467 ioctl 40046210 7fc6ca4f00 returned -22
01-13 23:59:01.603     0     0 D vdc     : Waited 0ms for vold
01-13 23:59:02.035     0     0 E scm_call failed: func id 0x72000206, ret: -1, syscall returns: 0x0, 0x0, 0x0
01-13 23:59:02.036     0     0 E scm_call failed: func id 0x72000206, ret: -1, syscall returns: 0x0, 0x0, 0x0
01-13 23:59:02.081     0     0 I binder  : 468:468 ioctl 40046210 7fe9d90110 returned -22
01-13 23:59:02.082     0     0 E scm_call failed: func id 0x72000206, ret: -1, syscall returns: 0x0, 0x0, 0x0
01-13 23:59:02.085     0     0 E scm_call failed: func id 0x72000206, ret: -1, syscall returns: 0x0, 0x0, 0x0
01-13 23:59:02.086     0     0 E scm_call failed: func id 0x72000206, ret: -1, syscall returns: 0x0, 0x0, 0x0
01-13 23:59:02.107     0     0 E scm_call failed: func id 0x72000206, ret: -1, syscall returns: 0x0, 0x0, 0x0
01-13 23:59:02.109   468   476 I QISL    : QSEE Interrupt Service Listener Thread is started
01-13 23:59:02.110   468   476 I QISL    : QSEE Interrupt Service Listener was activated successfully
01-13 23:59:02.110   468   468 D SPL     : Call QSEECom_register_listener()
01-13 23:59:02.111   468   468 D SPL     : Registered listener sucessfully!
01-13 23:59:02.111   468   468 D SPL     : pipe read-fd [33] write-fd [34]
01-13 23:59:02.111   468   468 D SPL     : Create thread
01-13 23:59:02.111   468   468 D SPL     : Thread created sucessfully.
01-13 23:59:02.111   468   477 D SPL     : spl_dispatch() started
01-13 23:59:02.111   468   477 D SPL     : ==== Wait For Request ======
01-13 23:59:02.110     0     0 E scm_call failed: func id 0x72000206, ret: -1, syscall returns: 0x0, 0x0, 0x0
01-13 23:59:02.111     0     0 E scm_call failed: func id 0x72000206, ret: -1, syscall returns: 0x0, 0x0, 0x0
01-13 23:59:02.113     0     0 E scm_call failed: func id 0x72000206, ret: -1, syscall returns: 0x0, 0x0, 0x0
01-13 23:59:02.116     0     0 E scm_call failed: func id 0x72000206, ret: -1, syscall returns: 0x0, 0x0, 0x0
01-13 23:59:02.161     0     0 I binder  : 480:480 ioctl 40046210 7fea398aa4 returned -22
01-13 23:59:02.161     0     0 I binder  : 480:480 ioctl 40046210 7fea3987b0 returned -22
01-13 23:59:02.207   450   450 D vold    : fscrypt_mount_metadata_encrypted: /data encrypt: 1 format: 1 with f2fs
01-13 23:59:02.207   450   450 D vold    : metadata_key_dir/key: /metadata/vold/metadata_encryption/key
01-13 23:59:02.212   450   450 D vold    : Created directory /metadata/vold/metadata_encryption
01-13 23:59:02.206     0     0 I binder  : 487:487 ioctl 40046210 7fec06a410 returned -22
01-13 23:59:02.207     0     0 D vdc     : Waited 0ms for vold
01-13 23:59:02.207     0     0 I binder  : 482:482 ioctl 40046210 7ff6670424 returned -22
01-13 23:59:02.212   450   450 D vold    : Metadata key does not exist but ro.crypto.metadata_init_delete_all_keys.enabled is false
01-13 23:59:02.212   450   450 I vold    : Creating new key in /metadata/vold/metadata_encryption/key
01-13 23:59:02.212   450   450 D vold    : Generating standard storage key
01-13 23:59:02.251   481   481 I keystore2: keystore2_main: Keystore2 is starting.
01-13 23:59:02.251   481   481 I keystore2: keystore2_main: Setting up sqlite logging for keystore2
01-13 23:59:02.251   481   481 W keystore2: keystore2::metrics_store: In update_keystore_crash_sysprop: Failed to read the existing system property due to: In read_keystore_crash_count: Property not set..Therefore, keystore crashes will not be logged.
01-13 23:59:02.253   481   481 I keystore2: keystore2_main: Starting thread pool now.
01-13 23:59:02.253     0     0 I binder  : 481:481 ioctl 40046210 7fd1813ef0 returned -22
01-13 23:59:02.267   481   481 I keystore2: keystore2::globals: Add emulation wrapper around Keymaster device for security level: SecurityLevel(1)
01-13 23:59:02.268   481   489 I keystore2: keystore2::shared_secret_negotiation: Shared secret negotiation concluded successfully.
01-13 23:59:02.268   481   489 I keystore2: keystore2::shared_secret_negotiation: No StrongBox Keymint available, so no RoT transfer
01-13 23:59:02.271   450   450 D vold    : Generating "key storage" key
01-13 23:59:02.271   481   481 I keystore2: keystore2_main: Not publishing IRemotelyProvisionedKeyPool service: In new_native_binder: Failed to get TEE Remote Provisioner instance.
01-13 23:59:02.271   481   481 I keystore2: 
01-13 23:59:02.271   481   481 I keystore2: Caused by:
01-13 23:59:02.271   481   481 I keystore2:     0: In get_remotely_provisioned_component.
01-13 23:59:02.271   481   481 I keystore2:     1: In connect_remotely_provisioned_component.
01-13 23:59:02.271   481   481 I keystore2:     2: Error::Km(ErrorCode(-68))
01-13 23:59:02.272   481   481 I keystore2: keystore2_main: Successfully registered Keystore 2.0 service.
01-13 23:59:02.272   481   481 I keystore2: keystore2_main: Joining thread pool now.
01-13 23:59:02.263     0     0 I binder  : 481:481 ioctl 40046210 7fd1813644 returned -22
01-13 23:59:02.274   481   491 E keystore2: keystore2::error: In generate_key.
01-13 23:59:02.274   481   491 E keystore2: 
01-13 23:59:02.274   481   491 E keystore2: Caused by:
01-13 23:59:02.274   481   491 E keystore2:     0: While generating Key without explicit attestation key.
01-13 23:59:02.274   481   491 E keystore2:     1: Error::Km(ErrorCode(-67))
01-13 23:59:02.274   450   450 E vold    : keystore2 Keystore generateKey returned service specific error: -67
01-13 23:59:02.274   450   450 W vold    : Failed to generate rollback-resistant key.  This is expected if keystore doesn't support rollback resistance.  Falling back to non-rollback-resistant key.
01-13 23:59:02.274     0     0 E vold    : keystore2 Keystore generateKey returned service specific error: -67
01-13 23:59:02.274     0     0 W vold    : Failed to generate rollback-resistant key.  This is expected if keystore doesn't support rollback resistance.  Falling back to non-rollback-resistant key.
01-13 23:59:02.284   450   450 D vold    : Created key: /metadata/vold/metadata_encryption/key
01-13 23:59:02.299     0     0 I make_f2fs:  
01-13 23:59:02.299     0     0 I make_f2fs: F2FS-tools: mkfs.f2fs Ver: 1.14.0 (2020-08-24)
01-13 23:59:02.299     0     0 I make_f2fs:  
01-13 23:59:02.299     0     0 I make_f2fs: Info: Disable heap-based policy
01-13 23:59:02.299     0     0 I make_f2fs: Info: Debug level = 1
01-13 23:59:02.299     0     0 I make_f2fs: Info: Trim is enabled
01-13 23:59:02.299     0     0 I make_f2fs: Info: Set conf for android
01-13 23:59:02.299     0     0 I make_f2fs: Info: Enable Project quota
01-13 23:59:02.300     0     0 I make_f2fs: Info: not exist /proc/version!
01-13 23:59:02.300     0     0 I make_f2fs: Info: Segments per section = 1
01-13 23:59:03.516   450   450 D vold    : Format of /dev/block/dm-27 for /data succeeded.
01-13 23:59:03.516   450   450 D vold    : Mounting metadata-encrypted filesystem:/data
01-13 23:59:03.518   450   450 I vold    : [libfs_mgr]Running /system/bin/fsck.f2fs -a -c 10000 --debug-cache /dev/block/dm-27
01-13 23:59:03.571     0     0 I F2FS-fs (dm-27): Found nat_bits in checkpoint
01-13 23:59:03.861   450   450 I vold    : [libfs_mgr]__mount(source=/dev/block/dm-27,target=/data,type=f2fs)=0: Success
01-13 23:59:03.862   450   450 D vold    : Mounted /data
01-13 23:59:03.861     0     0 I F2FS-fs (dm-27): Mounted with checkpoint version = 651bad3f
01-13 23:59:03.904   450   450 I Checkpoint: cp_prepareCheckpoint called
01-13 23:59:03.903     0     0 I binder  : 509:509 ioctl 40046210 7fcc141de0 returned -22
01-13 23:59:03.903     0     0 D vdc     : Waited 0ms for vold
01-13 23:59:03.934   450   450 I vold    : fscrypt_initialize_systemwide_keys
01-13 23:59:03.934   450   450 I vold    : Creating new key in /data/unencrypted/key
01-13 23:59:03.934   450   450 D vold    : Generating standard storage key
01-13 23:59:03.933     0     0 I binder  : 510:510 ioctl 40046210 7fdce30ce0 returned -22
01-13 23:59:03.934     0     0 D vdc     : Waited 0ms for vold
01-13 23:59:03.939     0     0 I binder  : 508:508 ioctl 40046210 7ffe2e8910 returned -22
01-13 23:59:03.944   450   450 D vold    : Generating "key storage" key
01-13 23:59:03.945   481   491 E keystore2: keystore2::error: In generate_key.
01-13 23:59:03.945   481   491 E keystore2: 
01-13 23:59:03.945   481   491 E keystore2: Caused by:
01-13 23:59:03.945   481   491 E keystore2:     0: While generating Key without explicit attestation key.
01-13 23:59:03.945   481   491 E keystore2:     1: Error::Km(ErrorCode(-67))
01-13 23:59:03.945   450   450 E vold    : keystore2 Keystore generateKey returned service specific error: -67
01-13 23:59:03.945   450   450 W vold    : Failed to generate rollback-resistant key.  This is expected if keystore doesn't support rollback resistance.  Falling back to non-rollback-resistant key.
01-13 23:59:03.945     0     0 E vold    : keystore2 Keystore generateKey returned service specific error: -67
01-13 23:59:03.945     0     0 W vold    : Failed to generate rollback-resistant key.  This is expected if keystore doesn't support rollback resistance.  Falling back to non-rollback-resistant key.
01-13 23:59:03.955   450   450 D vold    : Created key: /data/unencrypted/key
01-13 23:59:03.955   450   450 D vold    : Installed fscrypt key with ref 3d5efa29cacffd6b03eafbaaa293eca6 to /data
01-13 23:59:03.955   450   450 D vold    : Added fscrypt-provisioning key for 3d5efa29cacffd6b03eafbaaa293eca6 to session keyring
01-13 23:59:03.957   450   450 I vold    : Wrote system DE key reference to:/data/unencrypted/ref
01-13 23:59:03.957   450   450 D vold    : Generating standard storage key
01-13 23:59:03.957   450   450 D vold    : Installed fscrypt key with ref 3f1de05e1de867c548c3118e26c01c4c to /data
01-13 23:59:03.957   450   450 D vold    : Added fscrypt-provisioning key for 3f1de05e1de867c548c3118e26c01c4c to session keyring
01-13 23:59:03.958   450   450 I vold    : Wrote per boot key reference to:/data/unencrypted/per_boot_ref
01-13 23:59:03.963     0     0 I fscrypt : AES-256-CTS-CBC using implementation "cts(cbc-aes-ce)"
01-13 23:59:04.006   450   450 I incfs   : Initial API level of the device: 25
01-13 23:59:04.006   450   450 I incfs   : ro.incremental.enable: 
01-13 23:59:04.007   450   450 I incfs   : IncFs_Features: v1
01-13 23:59:04.008   481   491 I keystore2: keystore2::maintenance: In early_boot_ended.
01-13 23:59:04.005     0     0 I binder  : 519:519 ioctl 40046210 7fe34b84f0 returned -22
01-13 23:59:04.006     0     0 D vdc     : Waited 0ms for vold
01-13 23:59:04.012     0     0 I fscrypt : AES-256-XTS using implementation "xts-aes-ce"
01-13 23:59:04.031   481   491 E keystore2: keystore2_main: [SQLITE3] 17: statement aborts at 28: [CREATE TABLE IF NOT EXISTS persistent.version (
01-13 23:59:04.031   481   491 E keystore2:                 id INTEGER PRIMARY KEY,
01-13 23:59:04.031   481   491 E keystore2:                 version INTEGER);] database schema has changed
01-13 23:59:04.032   481   491 I keystore2: keystore2::globals: Touching Keystore 2.0 database for this first time since boot.
01-13 23:59:04.032   481   491 I keystore2: keystore2::globals: Calling cleanup leftovers.
01-13 23:59:04.039   481   491 I keystore2: keystore2::super_key: Starting boot level watcher.
01-13 23:59:04.039   481   491 I keystore2: keystore2::maintenance: Call to earlyBootEnded succeeded for security level TRUSTED_ENVIRONMENT.
01-13 23:59:04.040   481   521 I keystore2: keystore2::super_key: Read keystore.boot_level value 30
01-13 23:59:04.040   481   521 I keystore2: keystore2::super_key: Read keystore.boot_level value 30
01-13 23:59:04.040   481   491 E keystore2: keystore2::maintenance: Call to earlyBootEnded failed for security level STRONGBOX: In call_with_watchdog: getting keymint device.
01-13 23:59:04.040   481   491 E keystore2: keystore2::error: In call_with_watchdog: getting keymint device
01-13 23:59:04.040   481   491 E keystore2: 
01-13 23:59:04.040   481   491 E keystore2: Caused by:
01-13 23:59:04.040   481   491 E keystore2:     0: In get_keymint_device.
01-13 23:59:04.040   481   491 E keystore2:     1: In connect_keymint: Trying to get Legacy wrapper.
01-13 23:59:04.040   481   491 E keystore2:     2: Error::Km(ErrorCode(-68))
01-13 23:59:04.040   450   450 E vold    : keystore2 Keystore earlyBootEnded returned service specific error: -68
01-13 23:59:04.040     0     0 E vold    : keystore2 Keystore earlyBootEnded returned service specific error: -68
01-13 23:59:04.076     0     0 I logd    : logd reinit
01-13 23:59:04.076     0     0 E logd    : Cannot read /data/misc/logd/event-log-tags
01-13 23:59:04.078     0     0 E logd    : FrameworkListener: read() failed (Connection reset by peer)
01-13 23:59:04.097     0     0 I binder  : 523:523 ioctl 40046210 7fd406ab20 returned -22
01-13 23:59:04.099     0     0 I apexd   : Scanning /system/apex for pre-installed ApexFiles
01-13 23:59:04.099     0     0 I apexd   : Found pre-installed APEX /system/apex/com.android.permission.capex
01-13 23:59:04.099     0     0 I apexd   : Found pre-installed APEX /system/apex/com.android.runtime.apex
01-13 23:59:04.100     0     0 I apexd   : Found pre-installed APEX /system/apex/com.android.media.swcodec.capex
01-13 23:59:04.100     0     0 I apexd   : Found pre-installed APEX /system/apex/com.android.scheduling.apex
01-13 23:59:04.101     0     0 I apexd   : Found pre-installed APEX /system/apex/com.android.neuralnetworks.capex
01-13 23:59:04.101     0     0 I apexd   : Found pre-installed APEX /system/apex/com.android.uwb.capex
01-13 23:59:04.101     0     0 I apexd   : Found pre-installed APEX /system/apex/com.android.os.statsd.apex
01-13 23:59:04.102     0     0 I apexd   : Found pre-installed APEX /system/apex/com.android.extservices.capex
01-13 23:59:04.102     0     0 I apexd   : Found pre-installed APEX /system/apex/com.android.ondevicepersonalization.apex
01-13 23:59:06.570     0     0 I EXT4-fs (loop4): mounted filesystem without journal. Opts: (null)
01-13 23:59:06.930     0     0 I EXT4-fs (loop5): mounted filesystem without journal. Opts: (null)
01-13 23:59:07.330     0     0 I EXT4-fs (loop6): mounted filesystem without journal. Opts: (null)
01-13 23:59:07.690     0     0 I EXT4-fs (loop7): mounted filesystem without journal. Opts: (null)
01-13 23:59:07.970     0     0 I EXT4-fs (loop8): mounted filesystem without journal. Opts: (null)
01-13 23:59:08.230     0     0 I EXT4-fs (loop9): mounted filesystem without journal. Opts: (null)
01-13 23:59:08.571     0     0 I EXT4-fs (loop10): mounted filesystem without journal. Opts: (null)
01-13 23:59:09.010     0     0 I EXT4-fs (loop11): mounted filesystem without journal. Opts: (null)
01-13 23:59:09.312     0     0 I EXT4-fs (loop12): mounted filesystem without journal. Opts: (null)
01-13 23:59:09.312     0     0 I apexd   : Successfully mounted package /system/apex/com.android.vndk.current.apex on /apex/com.android.vndk.v33@1 duration=300
01-13 23:59:09.650     0     0 I EXT4-fs (loop13): mounted filesystem without journal. Opts: (null)
01-13 23:59:09.650     0     0 I apexd   : Successfully mounted package /system/apex/com.android.apex.cts.shim.apex on /apex/com.android.apex.cts.shim@1 duration=336
01-13 23:59:10.010     0     0 I EXT4-fs (loop14): mounted filesystem without journal. Opts: (null)
01-13 23:59:10.010     0     0 I apexd   : Successfully mounted package /system/apex/com.android.i18n.apex on /apex/com.android.i18n@1 duration=356
01-13 23:59:10.466     0     0 I device-mapper: verity: sha256 using implementation "sha256-ce"
01-13 23:59:10.468     0     0 E print_req_error: I/O error, dev loop15, sector 15776
01-13 23:59:10.469     0     0 I EXT4-fs (dm-25): mounted filesystem without journal. Opts: (null)
01-13 23:59:10.469     0     0 I apexd   : Successfully mounted package /data/apex/decompressed/com.android.neuralnetworks@330400000.decompressed.apex on /apex/com.android.neuralnetworks@330400000 duration=457
01-13 23:59:10.946     0     0 I device-mapper: verity: sha256 using implementation "sha256-ce"
01-13 23:59:10.954     0     0 E print_req_error: I/O error, dev loop16, sector 26936
01-13 23:59:10.954     0     0 I EXT4-fs (dm-24): mounted filesystem without journal. Opts: (null)
01-13 23:59:10.954     0     0 I apexd   : Successfully mounted package /data/apex/decompressed/com.android.cellbroadcast@330400000.decompressed.apex on /apex/com.android.cellbroadcast@330400000 duration=485
01-13 23:59:11.266     0     0 I device-mapper: verity: sha256 using implementation "sha256-ce"
01-13 23:59:11.273     0     0 I EXT4-fs (dm-22): mounted filesystem without journal. Opts: (null)
01-13 23:59:11.274     0     0 I apexd   : Successfully mounted package /data/apex/decompressed/com.android.adservices@330400000.decompressed.apex on /apex/com.android.adservices@330400000 duration=318
01-13 23:59:11.726     0     0 I device-mapper: verity: sha256 using implementation "sha256-ce"
01-13 23:59:11.733     0     0 E print_req_error: I/O error, dev loop18, sector 10800
01-13 23:59:11.734     0     0 I EXT4-fs (dm-17): mounted filesystem without journal. Opts: (null)
01-13 23:59:11.735     0     0 I apexd   : Successfully mounted package /data/apex/decompressed/com.android.conscrypt@330400000.decompressed.apex on /apex/com.android.conscrypt@330400000 duration=460
01-13 23:59:12.206     0     0 I device-mapper: verity: sha256 using implementation "sha256-ce"
01-13 23:59:12.214     0     0 E print_req_error: I/O error, dev loop19, sector 6448
01-13 23:59:12.214     0     0 I EXT4-fs (dm-21): mounted filesystem without journal. Opts: (null)
01-13 23:59:12.215     0     0 I apexd   : Successfully mounted package /data/apex/decompressed/com.android.uwb@330400000.decompressed.apex on /apex/com.android.uwb@330400000 duration=479
01-13 23:59:12.686     0     0 I device-mapper: verity: sha256 using implementation "sha256-ce"
01-13 23:59:12.693     0     0 E print_req_error: I/O error, dev loop20, sector 13728
01-13 23:59:12.694     0     0 I EXT4-fs (dm-20): mounted filesystem without journal. Opts: (null)
01-13 23:59:12.694     0     0 I apexd   : Successfully mounted package /data/apex/decompressed/com.android.extservices@330400000.decompressed.apex on /apex/com.android.extservices@330400000 duration=479
01-13 23:59:13.186     0     0 I device-mapper: verity: sha256 using implementation "sha256-ce"
01-13 23:59:13.194     0     0 E print_req_error: I/O error, dev loop21, sector 31792
01-13 23:59:13.194     0     0 I EXT4-fs (dm-19): mounted filesystem without journal. Opts: (null)
01-13 23:59:13.194     0     0 I apexd   : Successfully mounted package /data/apex/decompressed/com.android.permission@330400000.decompressed.apex on /apex/com.android.permission@330400000 duration=499
01-13 23:59:13.202     0     0 I FG      : soc_work_fn: adjust_soc: s 59 r 245971 i 152 v 4040808 t 250 cc 4
01-13 23:59:14.186     0     0 I device-mapper: verity: sha256 using implementation "sha256-ce"
01-13 23:59:14.195     0     0 I EXT4-fs (dm-16): mounted filesystem without journal. Opts: (null)
01-13 23:59:14.196     0     0 E print_req_error: I/O error, dev loop22, sector 179224
01-13 23:59:14.242     0     0 I ft5x46_i2c 3-0038: ft5x46_noise_filter_delayed_work called
01-13 23:59:14.507   481   492 I keystore2: keystore2::watchdog: Watchdog thread idle -> terminating. Have a great day.
01-13 23:59:14.606     0     0 I device-mapper: verity: sha256 using implementation "sha256-ce"
01-13 23:59:14.614     0     0 E print_req_error: I/O error, dev loop23, sector 21112
01-13 23:59:14.615     0     0 I EXT4-fs (dm-12): mounted filesystem without journal. Opts: (null)
01-13 23:59:14.615     0     0 I apexd   : Successfully mounted package /data/apex/decompressed/com.android.tethering@330400000.decompressed.apex on /apex/com.android.tethering@330400000 duration=418
01-13 23:59:15.206     0     0 I device-mapper: verity: sha256 using implementation "sha256-ce"
01-13 23:59:15.213     0     0 E print_req_error: I/O error, dev loop24, sector 40328
01-13 23:59:15.215     0     0 I EXT4-fs (dm-10): mounted filesystem without journal. Opts: (null)
01-13 23:59:15.215     0     0 I apexd   : Successfully mounted package /data/apex/decompressed/com.android.media.swcodec@330400000.decompressed.apex on /apex/com.android.media.swcodec@330400000 duration=599
01-13 23:59:15.666     0     0 I device-mapper: verity: sha256 using implementation "sha256-ce"
01-13 23:59:15.674     0     0 E print_req_error: I/O error, dev loop25, sector 17408
01-13 23:59:15.674     0     0 I EXT4-fs (dm-11): mounted filesystem without journal. Opts: (null)
01-13 23:59:15.675     0     0 I apexd   : Successfully mounted package /data/apex/decompressed/com.android.adbd@330400000.decompressed.apex on /apex/com.android.adbd@330400000 duration=458
01-13 23:59:16.106     0     0 I device-mapper: verity: sha256 using implementation "sha256-ce"
01-13 23:59:16.114     0     0 E print_req_error: I/O error, dev loop26, sector 18808
01-13 23:59:16.114     0     0 I EXT4-fs (dm-5): mounted filesystem without journal. Opts: (null)
01-13 23:59:16.115     0     0 I apexd   : Successfully mounted package /data/apex/decompressed/com.android.wifi@330400000.decompressed.apex on /apex/com.android.wifi@330400000 duration=439
01-13 23:59:16.546     0     0 I device-mapper: verity: sha256 using implementation "sha256-ce"
01-13 23:59:16.553     0     0 E print_req_error: I/O error, dev loop27, sector 12928
01-13 23:59:16.555     0     0 I EXT4-fs (dm-7): mounted filesystem without journal. Opts: (null)
01-13 23:59:16.555     0     0 I apexd   : Successfully mounted package /data/apex/decompressed/com.android.media@330400000.decompressed.apex on /apex/com.android.media@330400000 duration=439
01-13 23:59:16.966     0     0 I device-mapper: verity: sha256 using implementation "sha256-ce"
01-13 23:59:16.973     0     0 E print_req_error: I/O error, dev loop28, sector 1760
01-13 23:59:16.974     0     0 I EXT4-fs (dm-9): mounted filesystem without journal. Opts: (null)
01-13 23:59:16.974     0     0 I apexd   : Successfully mounted package /data/apex/decompressed/com.android.ipsec@330400000.decompressed.apex on /apex/com.android.ipsec@330400000 duration=418
01-13 23:59:17.386     0     0 I device-mapper: verity: sha256 using implementation "sha256-ce"
01-13 23:59:17.394     0     0 E print_req_error: I/O error, dev loop29, sector 19224
01-13 23:59:17.394     0     0 I EXT4-fs (dm-2): mounted filesystem without journal. Opts: (null)
01-13 23:59:17.395     0     0 I apexd   : Successfully mounted package /data/apex/decompressed/com.android.mediaprovider@330400000.decompressed.apex on /apex/com.android.mediaprovider@330400000 duration=419
01-13 23:59:17.805     0     0 I device-mapper: verity: sha256 using implementation "sha256-ce"
01-13 23:59:17.813     0     0 E print_req_error: I/O error, dev loop30, sector 8272
01-13 23:59:17.814     0     0 I EXT4-fs (dm-0): mounted filesystem without journal. Opts: (null)
01-13 23:59:17.814     0     0 I apexd   : Successfully mounted package /data/apex/decompressed/com.android.resolv@330400000.decompressed.apex on /apex/com.android.resolv@330400000 duration=419
01-13 23:59:17.815     0     0 I apexd   : Activated 27 packages.
01-13 23:59:17.815     0     0 I apexd   : OnStart done, duration=13705
01-13 23:59:17.845     0     0 I init    : Wait for property 'apexd.status=activated' took 13510ms
01-13 23:59:17.894     0     0 I init    : Parsing file /apex/com.android.adbd/etc/init.rc...
01-13 23:59:17.894     0     0 I init    : Parsing file /apex/com.android.art/etc/init.rc...
01-13 23:59:17.894     0     0 I init    : Parsing file /apex/com.android.media.swcodec/etc/mediaswcodec.32rc...
01-13 23:59:17.894     0     0 I init    : Parsing file /apex/com.android.media/etc/mediatranscoding.32rc...
01-13 23:59:17.895     0     0 I init    : Parsing file /apex/com.android.os.statsd/etc/init.rc...
01-13 23:59:17.895     0     0 I init    : Parsing file /apex/com.android.sdkext/etc/derive_classpath.rc...
01-13 23:59:17.896     0     0 I init    : Parsing file /apex/com.android.sdkext/etc/derive_sdk.rc...
