12-27 08:56:27.936  1739  1739 W PackageManager: There should probably be exactly one storage manager; found 2: matches=[ResolveInfo{5d82fd6 com.google.android.apps.nbu.files/.home.HomeActivity p=100 m=0x108000}, ResolveInfo{123c257 com.google.android.storagemanager/com.android.storagemanager.deletionhelper.DeletionHelperActivity m=0x108000}]
12-27 08:56:28.059  1739  1739 I PackageManager: Time to scan packages: 220.592 seconds
12-27 08:56:28.060  1739  1739 I PackageManager: Permission ownership changed. Updating all permissions.
12-27 08:56:28.149     0     0 I init    : starting service 'vendor.bluetooth-1-0-qti'...
12-27 08:56:28.192  1885  1885 F linker  : CANNOT LINK EXECUTABLE "/vendor/bin/hw/android.hardware.bluetooth@1.0-service-qti": library "vendor.qti.hardware.fm@1.0.so" not found: needed by main executable
12-27 08:56:28.194     0     0 I init    : Service 'vendor.bluetooth-1-0-qti' (pid 1885) exited with status 1
12-27 08:56:28.194     0     0 I init    : Sending signal 9 to service 'vendor.bluetooth-1-0-qti' (pid 1885) process group...
12-27 08:56:28.195     0     0 I libprocessgroup: Successfully killed process cgroup uid 1002 pid 1885 in 0ms
12-27 08:56:28.197     0     0 E init    : process with updatable components 'vendor.bluetooth-1-0-qti' exited 4 times before boot completed
12-27 08:56:28.207     0     0 I init    : processing action (sys.init.updatable_crashing=1) from (/system/etc/init/flags_health_check.rc:10)
12-27 08:56:28.208     0     0 I init    : starting service 'exec 79 (/system/bin/flags_health_check UPDATABLE_CRASHING)'...
12-27 08:56:28.222     0     0 I init    : SVC_EXEC service 'exec 79 (/system/bin/flags_health_check UPDATABLE_CRASHING)' pid 1886 (uid 1000 gid 1000+0 context default) started; waiting...
12-27 08:56:28.290     0     0 I init    : Service 'exec 79 (/system/bin/flags_health_check UPDATABLE_CRASHING)' (pid 1886) exited with status 0 waiting took 0.072000 seconds
12-27 08:56:28.290     0     0 I init    : Sending signal 9 to service 'exec 79 (/system/bin/flags_health_check UPDATABLE_CRASHING)' (pid 1886) process group...
12-27 08:56:29.049  1739  1739 W PackageManager: Package com.android.providers.media.module is an APK in APEX, but has permission allowlist on the system image. Please bundle the allowlist in the com.android.mediaprovider APEX instead.
12-27 08:56:29.049  1739  1739 W PackageManager: Package com.android.providers.media.module is an APK in APEX, but has permission allowlist on the system image. Please bundle the allowlist in the com.android.mediaprovider APEX instead.
12-27 08:56:29.050  1739  1739 W PackageManager: Package com.android.providers.media.module is an APK in APEX, but has permission allowlist on the system image. Please bundle the allowlist in the com.android.mediaprovider APEX instead.
12-27 08:56:29.050  1739  1739 W PackageManager: Package com.android.providers.media.module is an APK in APEX, but has permission allowlist on the system image. Please bundle the allowlist in the com.android.mediaprovider APEX instead.
12-27 08:56:29.050  1739  1739 W PackageManager: Package com.android.providers.media.module is an APK in APEX, but has permission allowlist on the system image. Please bundle the allowlist in the com.android.mediaprovider APEX instead.
12-27 08:56:29.050  1739  1739 W PackageManager: Package com.android.providers.media.module is an APK in APEX, but has permission allowlist on the system image. Please bundle the allowlist in the com.android.mediaprovider APEX instead.
12-27 08:56:29.051  1739  1739 W PackageManager: Package com.android.providers.media.module is an APK in APEX, but has permission allowlist on the system image. Please bundle the allowlist in the com.android.mediaprovider APEX instead.
12-27 08:56:29.051  1739  1739 W PackageManager: Package com.android.providers.media.module is an APK in APEX, but has permission allowlist on the system image. Please bundle the allowlist in the com.android.mediaprovider APEX instead.
12-27 08:56:29.052  1739  1739 W PackageManager: Package com.android.providers.media.module is an APK in APEX, but has permission allowlist on the system image. Please bundle the allowlist in the com.android.mediaprovider APEX instead.
12-27 08:56:29.052  1739  1739 W PackageManager: Package com.android.providers.media.module is an APK in APEX, but has permission allowlist on the system image. Please bundle the allowlist in the com.android.mediaprovider APEX instead.
12-27 08:56:29.053  1739  1739 W PackageManager: Package com.android.providers.media.module is an APK in APEX, but has permission allowlist on the system image. Please bundle the allowlist in the com.android.mediaprovider APEX instead.
12-27 08:56:29.053  1739  1739 W PackageManager: Package com.android.providers.media.module is an APK in APEX, but has permission allowlist on the system image. Please bundle the allowlist in the com.android.mediaprovider APEX instead.
12-27 08:56:29.054  1739  1739 W PackageManager: Package com.android.providers.media.module is an APK in APEX, but has permission allowlist on the system image. Please bundle the allowlist in the com.android.mediaprovider APEX instead.
12-27 08:56:29.228  1739  1739 W PackageSettings: No component com.google.android.apps.plus/.editor.PlusEditorActivity found setting preferred Intent { act=android.intent.action.EDIT typ=image/bmp }; possible matches are com.google.android.apps.photos/.editor.intents.EditActivity, com.google.android.markup/.AnnotateActivity
12-27 08:56:29.229  1739  1739 W PackageSettings: No component com.google.android.apps.plus/.editor.PlusEditorActivity found setting preferred Intent { act=android.intent.action.EDIT typ=image/jpeg }; possible matches are com.google.android.apps.photos/.editor.intents.EditActivity, com.google.android.markup/.AnnotateActivity
12-27 08:56:29.230  1739  1739 W PackageSettings: No component com.google.android.apps.plus/.editor.PlusEditorActivity found setting preferred Intent { act=android.intent.action.EDIT typ=image/gif }; possible matches are com.google.android.apps.photos/.editor.intents.EditActivity, com.google.android.markup/.AnnotateActivity
12-27 08:56:29.230  1739  1739 W PackageSettings: No component com.google.android.apps.plus/.editor.PlusEditorActivity found setting preferred Intent { act=android.intent.action.EDIT typ=image/png }; possible matches are com.google.android.apps.photos/.editor.intents.EditActivity, com.google.android.markup/.AnnotateActivity
12-27 08:56:29.231  1739  1739 W PackageSettings: No component com.google.android.apps.plus/.editor.PlusEditorActivity found setting preferred Intent { act=android.intent.action.EDIT typ=image/webp }; possible matches are com.google.android.apps.photos/.editor.intents.EditActivity, com.google.android.markup/.AnnotateActivity
12-27 08:56:29.231  1739  1739 W PackageSettings: No component com.google.android.apps.plus/.editor.PlusEditorActivity found setting preferred Intent { act=android.intent.action.EDIT typ=image/x-ms-bmp }; possible matches are com.google.android.apps.photos/.editor.intents.EditActivity, com.google.android.markup/.AnnotateActivity
12-27 08:56:29.232  1739  1739 W PackageSettings: No component com.google.android.apps.plus/.editor.PlusEditorActivity found setting preferred Intent { act=android.intent.action.EDIT typ=image/vnd.wap.wbmp }; possible matches are com.google.android.apps.photos/.editor.intents.EditActivity, com.google.android.markup/.AnnotateActivity
12-27 08:56:29.233  1739  1739 W PackageSettings: No component com.google.android.apps.plus/.editor.PlusCropActivity found setting preferred Intent { act=com.android.camera.action.CROP typ=image/bmp }; possible matches are com.google.android.apps.photos/.editor.intents.EditActivity
12-27 08:56:29.233  1739  1739 W PackageSettings: No component com.google.android.apps.plus/.editor.PlusCropActivity found setting preferred Intent { act=com.android.camera.action.CROP typ=image/jpeg }; possible matches are com.google.android.apps.photos/.editor.intents.EditActivity
12-27 08:56:29.234  1739  1739 W PackageSettings: No component com.google.android.apps.plus/.editor.PlusCropActivity found setting preferred Intent { act=com.android.camera.action.CROP typ=image/gif }; possible matches are com.google.android.apps.photos/.editor.intents.EditActivity
12-27 08:56:29.234  1739  1739 W PackageSettings: No component com.google.android.apps.plus/.editor.PlusCropActivity found setting preferred Intent { act=com.android.camera.action.CROP typ=image/png }; possible matches are com.google.android.apps.photos/.editor.intents.EditActivity
12-27 08:56:29.234  1739  1739 W PackageSettings: No component com.google.android.apps.plus/.editor.PlusCropActivity found setting preferred Intent { act=com.android.camera.action.CROP typ=image/webp }; possible matches are com.google.android.apps.photos/.editor.intents.EditActivity
12-27 08:56:29.235  1739  1739 W PackageSettings: No component com.google.android.apps.plus/.editor.PlusCropActivity found setting preferred Intent { act=com.android.camera.action.CROP typ=image/x-ms-bmp }; possible matches are com.google.android.apps.photos/.editor.intents.EditActivity
12-27 08:56:29.235  1739  1739 W PackageSettings: No component com.google.android.apps.plus/.editor.PlusCropActivity found setting preferred Intent { act=com.android.camera.action.CROP typ=image/vnd.wap.wbmp }; possible matches are com.google.android.apps.photos/.editor.intents.EditActivity
12-27 08:56:29.239  1739  1739 W PackageSettings: No component com.google.android.apps.nbu.files/.gateway.browse.BrowseGatewayHandler found setting preferred Intent { act=android.intent.action.VIEW dat=content:/... }; possible matches are com.google.android.apps.messaging/.ui.conversation.LaunchConversationActivity
12-27 08:56:29.248  1739  1739 W PackageSettings: No potential matches found for Intent { act=android.intent.action.EDIT typ=application/vnd.openxmlformats-officedocument.spreadsheetml.sheet } while setting preferred com.google.android.apps.docs.editors.sheets/com.google.android.apps.docs.editors.trix.quicksheet.QuickSheetDocumentOpenerActivityAlias
12-27 08:56:29.249  1739  1739 W PackageSettings: No potential matches found for Intent { act=android.intent.action.EDIT typ=application/vnd.ms-excel.sheet.macroenabled.12 } while setting preferred com.google.android.apps.docs.editors.sheets/com.google.android.apps.docs.editors.trix.quicksheet.QuickSheetDocumentOpenerActivityAlias
12-27 08:56:29.249  1739  1739 W PackageSettings: No potential matches found for Intent { act=android.intent.action.EDIT typ=application/vnd.ms-excel } while setting preferred com.google.android.apps.docs.editors.sheets/com.google.android.apps.docs.editors.trix.quicksheet.QuickSheetDocumentOpenerActivityAlias
12-27 08:56:29.249  1739  1739 W PackageSettings: No potential matches found for Intent { act=android.intent.action.EDIT typ=application/vnd.ms-excel.addin.macroenabled.12 } while setting preferred com.google.android.apps.docs.editors.sheets/com.google.android.apps.docs.editors.trix.quicksheet.QuickSheetDocumentOpenerActivityAlias
12-27 08:56:29.249  1739  1739 W PackageSettings: No potential matches found for Intent { act=android.intent.action.EDIT typ=application/vnd.ms-excel.template.macroenabled.12 } while setting preferred com.google.android.apps.docs.editors.sheets/com.google.android.apps.docs.editors.trix.quicksheet.QuickSheetDocumentOpenerActivityAlias
12-27 08:56:29.250  1739  1739 W PackageSettings: No potential matches found for Intent { act=android.intent.action.EDIT typ=application/vnd.openxmlformats-officedocument.spreadsheetml.template } while setting preferred com.google.android.apps.docs.editors.sheets/com.google.android.apps.docs.editors.trix.quicksheet.QuickSheetDocumentOpenerActivityAlias
12-27 08:56:29.250  1739  1739 W PackageSettings: No potential matches found for Intent { act=android.intent.action.EDIT typ=application/x-msexcel } while setting preferred com.google.android.apps.docs.editors.sheets/com.google.android.apps.docs.editors.trix.quicksheet.QuickSheetDocumentOpenerActivityAlias
12-27 08:56:29.251  1739  1739 W PackageSettings: No potential matches found for Intent { act=android.intent.action.EDIT typ=application/vnd.ms-word } while setting preferred com.google.android.apps.docs.editors.docs/com.google.android.apps.docs.editors.kix.quickword.QuickWordDocumentOpenerActivityAlias
12-27 08:56:29.251  1739  1739 W PackageSettings: No potential matches found for Intent { act=android.intent.action.EDIT typ=application/vnd.openxmlformats-officedocument.wordprocessingml.document } while setting preferred com.google.android.apps.docs.editors.docs/com.google.android.apps.docs.editors.kix.quickword.QuickWordDocumentOpenerActivityAlias
12-27 08:56:29.252  1739  1739 W PackageSettings: No potential matches found for Intent { act=android.intent.action.EDIT typ=application/vnd.ms-word.document.macroenabled.12 } while setting preferred com.google.android.apps.docs.editors.docs/com.google.android.apps.docs.editors.kix.quickword.QuickWordDocumentOpenerActivityAlias
12-27 08:56:29.252  1739  1739 W PackageSettings: No potential matches found for Intent { act=android.intent.action.EDIT typ=application/msword } while setting preferred com.google.android.apps.docs.editors.docs/com.google.android.apps.docs.editors.kix.quickword.QuickWordDocumentOpenerActivityAlias
12-27 08:56:29.253  1739  1739 W PackageSettings: No potential matches found for Intent { act=android.intent.action.EDIT typ=application/vnd.ms-word.template.macroenabled.12 } while setting preferred com.google.android.apps.docs.editors.docs/com.google.android.apps.docs.editors.kix.quickword.QuickWordDocumentOpenerActivityAlias
12-27 08:56:29.254  1739  1739 W PackageSettings: No potential matches found for Intent { act=android.intent.action.EDIT typ=application/vnd.openxmlformats-officedocument.wordprocessingml.template } while setting preferred com.google.android.apps.docs.editors.docs/com.google.android.apps.docs.editors.kix.quickword.QuickWordDocumentOpenerActivityAlias
12-27 08:56:29.255  1739  1739 W PackageSettings: No potential matches found for Intent { act=android.intent.action.EDIT typ=application/x-msword } while setting preferred com.google.android.apps.docs.editors.docs/com.google.android.apps.docs.editors.kix.quickword.QuickWordDocumentOpenerActivityAlias
12-27 08:56:29.260  1739  1739 W PackageSettings: No potential matches found for Intent { act=android.intent.action.EDIT typ=application/vnd.openxmlformats-officedocument.presentationml.presentation } while setting preferred com.google.android.apps.docs.editors.slides/com.google.android.apps.docs.editors.kix.quickword.QuickWordDocumentOpenerActivityAlias
12-27 08:56:29.261  1739  1739 W PackageSettings: No potential matches found for Intent { act=android.intent.action.EDIT typ=application/vnd.ms-powerpoint } while setting preferred com.google.android.apps.docs.editors.slides/com.google.android.apps.docs.editors.kix.quickword.QuickWordDocumentOpenerActivityAlias
12-27 08:56:29.262  1739  1739 W PackageSettings: No potential matches found for Intent { act=android.intent.action.EDIT typ=application/vnd.openxmlformats-officedocument.presentationml.template } while setting preferred com.google.android.apps.docs.editors.slides/com.google.android.apps.docs.editors.kix.quickword.QuickWordDocumentOpenerActivityAlias
12-27 08:56:29.262  1739  1739 W PackageSettings: No potential matches found for Intent { act=android.intent.action.EDIT typ=application/vnd.ms-powerpoint.presentation.macroenabled.12 } while setting preferred com.google.android.apps.docs.editors.slides/com.google.android.apps.docs.editors.kix.quickword.QuickWordDocumentOpenerActivityAlias
12-27 08:56:29.262  1739  1739 W PackageSettings: No potential matches found for Intent { act=android.intent.action.EDIT typ=application/vnd.openxmlformats-officedocument.presentationml.slideshow } while setting preferred com.google.android.apps.docs.editors.slides/com.google.android.apps.docs.editors.kix.quickword.QuickWordDocumentOpenerActivityAlias
12-27 08:56:29.263  1739  1739 W PackageSettings: No potential matches found for Intent { act=android.intent.action.EDIT typ=application/vnd.ms-powerpoint.slideshow.macroenabled.12 } while setting preferred com.google.android.apps.docs.editors.slides/com.google.android.apps.docs.editors.kix.quickword.QuickWordDocumentOpenerActivityAlias
12-27 08:56:29.263  1739  1739 W PackageSettings: No potential matches found for Intent { act=android.intent.action.EDIT typ=application/x-mspowerpoint } while setting preferred com.google.android.apps.docs.editors.slides/com.google.android.apps.docs.editors.kix.quickword.QuickWordDocumentOpenerActivityAlias
12-27 08:56:29.264  1739  1739 W PackageSettings: No potential matches found for Intent { act=android.intent.action.VIEW cat=[android.intent.category.BROWSABLE] dat=mailto: } while setting preferred com.google.android.gm/.ComposeActivityGmailExternal
12-27 08:56:29.264  1739  1739 W PackageSettings: No potential matches found for Intent { act=android.intent.action.SENDTO cat=[android.intent.category.BROWSABLE] dat=mailto: } while setting preferred com.google.android.gm/.ComposeActivityGmailExternal
12-27 08:56:29.267  1739  1739 V PackageManager: Changing enabled state of com.android.vending/com.google.android.finsky.systemupdate.SystemUpdateSettingsContentProvider to false
12-27 08:56:29.267  1739  1739 W PackageManager: Unable to change enabled state of com.android.vending/com.google.android.finsky.systemupdate.SystemUpdateSettingsContentProvider to false
12-27 08:56:29.268  1739  1739 V PackageManager: Changing enabled state of com.android.vending/com.google.android.finsky.systemupdateactivity.SettingsSecurityEntryPoint to false
12-27 08:56:29.268  1739  1739 V PackageManager: Changing enabled state of com.android.vending/com.google.android.finsky.systemupdateactivity.SystemUpdateActivity to false
12-27 08:56:29.268  1739  1739 V PackageManager: Changing enabled state of com.google.android.gms/com.google.android.gms.update.phone.PopupDialog to false
12-27 08:56:29.269  1739  1739 V PackageManager: Changing enabled state of com.google.android.gms/com.google.android.gms.update.OtaSuggestionSummaryProvider to false
12-27 08:56:29.269  1739  1739 V PackageManager: Changing enabled state of com.google.android.gms/com.google.android.gms.update.SystemUpdateActivity to false
12-27 08:56:29.271  1739  1739 V PackageManager: Changing enabled state of com.google.android.gms/com.google.android.gms.update.SystemUpdateGcmTaskService to false
12-27 08:56:29.275  1739  1739 V PackageManager: Changing enabled state of com.google.android.gms/com.google.android.gms.update.SystemUpdateService to false
12-27 08:56:29.278  1739  1739 V PackageManager: Changing enabled state of com.google.android.as/com.google.intelligence.sense.ambientmusic.AmbientMusicSettingsActivity to false
12-27 08:56:29.279  1739  1739 V PackageManager: Changing enabled state of com.google.android.as/com.google.intelligence.sense.ambientmusic.history.HistoryActivity to false
12-27 08:56:29.279  1739  1739 V PackageManager: Changing enabled state of com.google.android.as/com.google.intelligence.sense.ambientmusic.AmbientMusicSetupWizardActivity to false
12-27 08:56:29.279  1739  1739 V PackageManager: Changing enabled state of com.google.android.as/com.google.intelligence.sense.ambientmusic.AmbientMusicNotificationsSettingsActivity to false
12-27 08:56:29.279  1739  1739 V PackageManager: Changing enabled state of com.google.android.as/com.google.intelligence.sense.ambientmusic.history.AddShortcutActivity to false
12-27 08:56:29.280  1739  1739 V PackageManager: Changing enabled state of com.google.android.as/com.google.intelligence.sense.ambientmusic.history.HistoryContentProvider to false
12-27 08:56:29.280  1739  1739 V PackageManager: Changing enabled state of com.google.android.gms/com.google.android.gms.update.SystemUpdateService.ActiveReceiver to false
12-27 08:56:29.281  1739  1739 W PackageManager: Unable to change enabled state of com.google.android.gms/com.google.android.gms.update.SystemUpdateService.ActiveReceiver to false
12-27 08:56:29.281  1739  1739 V PackageManager: Changing enabled state of com.google.android.gms/com.google.android.gms.update.SystemUpdateService.Receiver to false
12-27 08:56:29.281  1739  1739 W PackageManager: Unable to change enabled state of com.google.android.gms/com.google.android.gms.update.SystemUpdateService.Receiver to false
12-27 08:56:29.281  1739  1739 V PackageManager: Changing enabled state of com.google.android.gms/com.google.android.gms.update.SystemUpdateService.SecretCodeReceiver to false
12-27 08:56:29.282  1739  1739 W PackageManager: Unable to change enabled state of com.google.android.gms/com.google.android.gms.update.SystemUpdateService.SecretCodeReceiver to false
12-27 08:56:29.282  1739  1739 V PackageManager: Changing enabled state of com.google.android.gms/com.google.android.gms.chimera.GmsIntentOperationService$GmsExternalReceiver to false
12-27 08:56:29.283  1739  1739 V PackageManager: reconcileAppsData for null u0 0x1 migrateAppData=true
12-27 08:56:30.220  1739  1739 V PackageManager: reconcileAppsData finished 30 packages
12-27 08:56:30.222  1739  1739 D PackageManagerTiming: write settings
12-27 08:56:30.223  1739  1888 D SystemServerTimingAsync: InitThreadPoolExec:prepareAppData
12-27 08:56:30.223  1739  1888 D SystemServerInitThreadPool: Started executing prepareAppData
12-27 08:56:30.230  1739  1888 V SystemServerTimingAsync: AppDataFixup took to complete: 6ms
12-27 08:56:33.002  1739  1739 V PackageManagerTiming: write settings took to complete: 2779ms
12-27 08:56:33.026  1739  1739 V PackageManager: Ephemeral resolver found; pkg: com.google.android.gms, info:ResolveInfo{dbb37e5 com.google.android.gms/.chimera.PersistentBoundBrokerService m=0x108000}
12-27 08:56:33.027  1739  1739 D PackageManager: Set ephemeral resolver: ComponentInfo{com.google.android.gms/com.google.android.gms.chimera.PersistentBoundBrokerService}
12-27 08:56:33.032  1739  1739 D PackageManager: Instant App installer not found with android.intent.action.INSTALL_INSTANT_APP_PACKAGE_TEST
12-27 08:56:33.033  1739  1739 D PackageManager: Set ephemeral installer activity: ComponentInfo{com.android.vending/com.google.android.finsky.instantapps.EphemeralInstallerActivity}
12-27 08:56:33.080  1739  1739 D PackageManagerTiming: GC
12-27 08:56:33.080  1739  1739 V PackageManagerTiming: GC took to complete: 0ms
12-27 08:56:33.081  1739  1739 I PackageManager: Fix for b/169414761 is applied
12-27 08:56:33.081  1739  1739 V PackageManagerTiming: create package manager took to complete: 225945ms
12-27 08:56:33.082  1739  1739 V UserSystemPackageInstaller: Checking that all system packages are whitelisted.
12-27 08:56:33.161     0     0 I init    : starting service 'vendor.bluetooth-1-0-qti'...
12-27 08:56:33.234  1890  1890 F linker  : CANNOT LINK EXECUTABLE "/vendor/bin/hw/android.hardware.bluetooth@1.0-service-qti": library "vendor.qti.hardware.fm@1.0.so" not found: needed by main executable
12-27 08:56:33.250     0     0 I init    : Service 'vendor.bluetooth-1-0-qti' (pid 1890) exited with status 1
12-27 08:56:33.251     0     0 I init    : Sending signal 9 to service 'vendor.bluetooth-1-0-qti' (pid 1890) process group...
12-27 08:56:33.251     0     0 I libprocessgroup: Successfully killed process cgroup uid 1002 pid 1890 in 0ms
12-27 08:56:33.252     0     0 E init    : process with updatable components 'vendor.bluetooth-1-0-qti' exited 4 times before boot completed
12-27 08:56:33.268     0     0 I init    : processing action (sys.init.updatable_crashing=1) from (/system/etc/init/flags_health_check.rc:10)
12-27 08:56:33.269     0     0 I init    : starting service 'exec 80 (/system/bin/flags_health_check UPDATABLE_CRASHING)'...
12-27 08:56:33.304     0     0 I init    : SVC_EXEC service 'exec 80 (/system/bin/flags_health_check UPDATABLE_CRASHING)' pid 1891 (uid 1000 gid 1000+0 context default) started; waiting...
12-27 08:56:33.404  1739  1739 W UserSystemPackageInstaller: checkWhitelistedSystemPackages(mode=d) has 8 warnings:
12-27 08:56:33.417  1739  1739 W UserSystemPackageInstaller: com.android.wallpapercropper is allowlisted but not present.
12-27 08:56:33.417  1739  1739 W UserSystemPackageInstaller: com.android.internal.systemui.onehanded.gestural is allowlisted but not present.
12-27 08:56:33.417  1739  1739 W UserSystemPackageInstaller: com.android.theme.icon_pack.circular.themepicker is allowlisted but not present.
12-27 08:56:33.418  1739  1739 W UserSystemPackageInstaller: com.android.theme.icon_pack.kai.themepicker is allowlisted but not present.
12-27 08:56:33.418  1739  1739 W UserSystemPackageInstaller: com.android.theme.icon_pack.rounded.themepicker is allowlisted but not present.
12-27 08:56:33.418  1739  1739 W UserSystemPackageInstaller: com.android.theme.icon_pack.filled.themepicker is allowlisted but not present.
12-27 08:56:33.418  1739  1739 W UserSystemPackageInstaller: com.android.theme.icon_pack.victor.themepicker is allowlisted but not present.
12-27 08:56:33.418  1739  1739 W UserSystemPackageInstaller: com.android.theme.icon_pack.sam.themepicker is allowlisted but not present.
12-27 08:56:33.418  1739  1739 I UserSystemPackageInstaller: Reviewing whitelisted packages due to [firstBoot]
12-27 08:56:33.425     0     0 I init    : Service 'exec 80 (/system/bin/flags_health_check UPDATABLE_CRASHING)' (pid 1891) exited with status 0 waiting took 0.139000 seconds
12-27 08:56:33.426     0     0 I init    : Sending signal 9 to service 'exec 80 (/system/bin/flags_health_check UPDATABLE_CRASHING)' (pid 1891) process group...
12-27 08:56:33.443  1739  1888 W PackageManager: Skipping preparing app data for com.android.sdksandbox
12-27 08:56:33.446  1739  1739 I Watchdog: Resuming HandlerChecker: main thread for reason: packagemanagermain. Pause count: 0
12-27 08:56:33.446  1739  1739 I SystemServerDexLoadReporter: Configuring system server dex reporter
12-27 08:56:33.483  1739  1739 V SystemServerTiming: StartPackageManagerService took to complete: 226367ms
12-27 08:56:33.484  1739  1739 D SystemServerTiming: StartOtaDexOptService
12-27 08:56:33.484  1739  1739 I Watchdog: Pausing HandlerChecker: main thread for reason: moveab. Pause count: 1
12-27 08:56:33.486  1739  1739 D OTADexopt: No upgrade, skipping A/B artifacts check.
12-27 08:56:33.486  1739  1739 I Watchdog: Resuming HandlerChecker: main thread for reason: moveab. Pause count: 0
12-27 08:56:33.487  1739  1739 V SystemServerTiming: StartOtaDexOptService took to complete: 3ms
12-27 08:56:33.487  1739  1739 D SystemServerTiming: StartUserManagerService
12-27 08:56:33.487  1739  1739 I SystemServiceManager: Starting com.android.server.pm.UserManagerService$LifeCycle
12-27 08:56:33.496  1739  1739 V SystemServerTiming: StartUserManagerService took to complete: 10ms
12-27 08:56:33.497  1739  1739 D SystemServerTiming: InitAttributerCache
12-27 08:56:33.498  1739  1739 V SystemServerTiming: InitAttributerCache took to complete: 2ms
12-27 08:56:33.499  1739  1739 D SystemServerTiming: SetSystemProcess
12-27 08:56:33.533  1739  1755 V HistoricalRegistry: Interaction before persistence initialized
12-27 08:56:33.533  1739  1756 V HistoricalRegistry: Interaction before persistence initialized
12-27 08:56:33.555  1739  1739 D OomAdjuster: Not killing cached processes
12-27 08:56:33.565  1739  1773 I ActivityManager: Connection with lmkd established
12-27 08:56:33.585  1739  1739 V SystemServerTiming: SetSystemProcess took to complete: 86ms
12-27 08:56:33.598  1739  1739 D CompatibilityChangeReporter: Compat change id reported: 161145287; UID 1000; state: DISABLED
12-27 08:56:33.601  1739  1739 D SystemServerTiming: InitWatchdog
12-27 08:56:33.602  1739  1739 V SystemServerTiming: InitWatchdog took to complete: 1ms
12-27 08:56:33.608  1739  1739 D SystemServerTiming: StartOverlayManagerService
12-27 08:56:35.609     0     0 I FG      : get_esr_lvl: 80000,3400,3200,1
12-27 08:56:35.609     0     0 I FG      : get_esr_lvl: 100000,3450,3100,1
12-27 08:56:35.609     0     0 I FG      : get_esr_lvl: 150000,3500,3000,1
12-27 08:56:35.609     0     0 I FG      : get_esr_lvl: 5000000,3550,3000,0
12-27 08:56:38.186     0     0 I init    : starting service 'vendor.bluetooth-1-0-qti'...
12-27 08:56:38.255  1898  1898 F linker  : CANNOT LINK EXECUTABLE "/vendor/bin/hw/android.hardware.bluetooth@1.0-service-qti": library "vendor.qti.hardware.fm@1.0.so" not found: needed by main executable
12-27 08:56:38.259     0     0 I init    : Service 'vendor.bluetooth-1-0-qti' (pid 1898) exited with status 1
12-27 08:56:38.260     0     0 I init    : Sending signal 9 to service 'vendor.bluetooth-1-0-qti' (pid 1898) process group...
12-27 08:56:38.261     0     0 I libprocessgroup: Successfully killed process cgroup uid 1002 pid 1898 in 0ms
12-27 08:56:38.262     0     0 E init    : process with updatable components 'vendor.bluetooth-1-0-qti' exited 4 times before boot completed
12-27 08:56:38.273     0     0 I init    : processing action (sys.init.updatable_crashing=1) from (/system/etc/init/flags_health_check.rc:10)
12-27 08:56:38.275     0     0 I init    : starting service 'exec 81 (/system/bin/flags_health_check UPDATABLE_CRASHING)'...
12-27 08:56:38.289     0     0 I init    : SVC_EXEC service 'exec 81 (/system/bin/flags_health_check UPDATABLE_CRASHING)' pid 1899 (uid 1000 gid 1000+0 context default) started; waiting...
12-27 08:56:38.377     0     0 I init    : Service 'exec 81 (/system/bin/flags_health_check UPDATABLE_CRASHING)' (pid 1899) exited with status 0 waiting took 0.089000 seconds
12-27 08:56:38.377     0     0 I init    : Sending signal 9 to service 'exec 81 (/system/bin/flags_health_check UPDATABLE_CRASHING)' (pid 1899) process group...
12-27 08:56:41.367     0     0 I FG      : soc_work_fn: adjust_soc: s 60 r 249145 i -67748 v 3974891 t 267 cc 4
12-27 08:56:42.984  1739  1888 V SystemServerTimingAsync: AppDataPrepare took to complete: 12752ms
12-27 08:56:42.985  1739  1888 I PackageManager: Deferred reconcileAppsData finished 484 packages
12-27 08:56:42.986  1739  1888 D SystemServerInitThreadPool: Finished executing prepareAppData
12-27 08:56:42.986  1739  1888 V SystemServerTimingAsync: InitThreadPoolExec:prepareAppData took to complete: 12762ms
12-27 08:56:43.221     0     0 I init    : starting service 'vendor.bluetooth-1-0-qti'...
12-27 08:56:43.262  1900  1900 F linker  : CANNOT LINK EXECUTABLE "/vendor/bin/hw/android.hardware.bluetooth@1.0-service-qti": library "vendor.qti.hardware.fm@1.0.so" not found: needed by main executable
12-27 08:56:43.267     0     0 I init    : Service 'vendor.bluetooth-1-0-qti' (pid 1900) exited with status 1
12-27 08:56:43.267     0     0 I init    : Sending signal 9 to service 'vendor.bluetooth-1-0-qti' (pid 1900) process group...
12-27 08:56:43.268     0     0 I libprocessgroup: Successfully killed process cgroup uid 1002 pid 1900 in 0ms
12-27 08:56:43.269     0     0 E init    : process with updatable components 'vendor.bluetooth-1-0-qti' exited 4 times before boot completed
12-27 08:56:43.281     0     0 I init    : processing action (sys.init.updatable_crashing=1) from (/system/etc/init/flags_health_check.rc:10)
12-27 08:56:43.283     0     0 I init    : starting service 'exec 82 (/system/bin/flags_health_check UPDATABLE_CRASHING)'...
12-27 08:56:43.292     0     0 I init    : SVC_EXEC service 'exec 82 (/system/bin/flags_health_check UPDATABLE_CRASHING)' pid 1901 (uid 1000 gid 1000+0 context default) started; waiting...
12-27 08:56:43.354     0     0 I init    : Service 'exec 82 (/system/bin/flags_health_check UPDATABLE_CRASHING)' (pid 1901) exited with status 0 waiting took 0.064000 seconds
12-27 08:56:43.354     0     0 I init    : Sending signal 9 to service 'exec 82 (/system/bin/flags_health_check UPDATABLE_CRASHING)' (pid 1901) process group...
12-27 08:56:48.236     0     0 I init    : starting service 'vendor.bluetooth-1-0-qti'...
12-27 08:56:48.282  1905  1905 F linker  : CANNOT LINK EXECUTABLE "/vendor/bin/hw/android.hardware.bluetooth@1.0-service-qti": library "vendor.qti.hardware.fm@1.0.so" not found: needed by main executable
12-27 08:56:48.286     0     0 I init    : Service 'vendor.bluetooth-1-0-qti' (pid 1905) exited with status 1
12-27 08:56:48.286     0     0 I init    : Sending signal 9 to service 'vendor.bluetooth-1-0-qti' (pid 1905) process group...
12-27 08:56:48.287     0     0 I libprocessgroup: Successfully killed process cgroup uid 1002 pid 1905 in 1ms
12-27 08:56:48.288     0     0 E init    : process with updatable components 'vendor.bluetooth-1-0-qti' exited 4 times before boot completed
12-27 08:56:48.293     0     0 I init    : processing action (sys.init.updatable_crashing=1) from (/system/etc/init/flags_health_check.rc:10)
12-27 08:56:48.294     0     0 I init    : starting service 'exec 83 (/system/bin/flags_health_check UPDATABLE_CRASHING)'...
12-27 08:56:48.310     0     0 I init    : SVC_EXEC service 'exec 83 (/system/bin/flags_health_check UPDATABLE_CRASHING)' pid 1906 (uid 1000 gid 1000+0 context default) started; waiting...
12-27 08:56:48.368     0     0 I init    : Service 'exec 83 (/system/bin/flags_health_check UPDATABLE_CRASHING)' (pid 1906) exited with status 0 waiting took 0.063000 seconds
12-27 08:56:48.368     0     0 I init    : Sending signal 9 to service 'exec 83 (/system/bin/flags_health_check UPDATABLE_CRASHING)' (pid 1906) process group...
--------- beginning of main
12-27 08:56:48.380   919   940 W idmap2d : failed to find resource 'drawable/themed_icon_ciliplayer'
12-27 08:56:48.381   919   940 W idmap2d : failed to find resource 'drawable/themed_icon_cinexplore'
12-27 08:56:48.382   919   940 W idmap2d : failed to find resource 'drawable/themed_icon_circle_k'
12-27 08:56:48.382   919   940 W idmap2d : failed to find resource 'drawable/themed_icon_citibank_mobile'
12-27 08:56:48.383   919   940 W idmap2d : failed to find resource 'drawable/themed_icon_citra'
12-27 08:56:48.384   919   940 W idmap2d : failed to find resource 'drawable/themed_icon_cittamobi'
12-27 08:56:48.385   919   940 W idmap2d : failed to find resource 'drawable/themed_icon_citymapper'
12-27 08:56:48.385   919   940 W idmap2d : failed to find resource 'drawable/themed_icon_clash'
12-27 08:56:48.387   919   940 W idmap2d : failed to find resource 'drawable/themed_icon_clash_of_clans'
12-27 08:56:48.387   919   940 W idmap2d : failed to find resource 'drawable/themed_icon_clash_royale'
12-27 08:56:48.388   919   940 W idmap2d : failed to find resource 'drawable/themed_icon_clear'
12-27 08:56:48.389   919   940 W idmap2d : failed to find resource 'drawable/themed_icon_clevnote'
12-27 08:56:48.390   919   940 W idmap2d : failed to find resource 'drawable/themed_icon_clickassistant'
12-27 08:56:48.391   919   940 W idmap2d : failed to find resource 'drawable/themed_icon_clima'
12-27 08:56:48.392   919   940 W idmap2d : failed to find resource 'drawable/themed_icon_clipeus'
12-27 08:56:48.393   919   940 W idmap2d : failed to find resource 'drawable/themed_icon_clipious'
12-27 08:56:48.393   919   940 W idmap2d : failed to find resource 'drawable/themed_icon_clipto'
12-27 08:56:48.394   919   940 W idmap2d : failed to find resource 'drawable/themed_icon_clock'
12-27 08:56:48.395   919   940 W idmap2d : failed to find resource 'drawable/themed_icon_clone_phone'
12-27 08:56:48.396   919   940 W idmap2d : failed to find resource 'drawable/themed_icon_cloudstream'
12-27 08:56:48.397   919   940 W idmap2d : failed to find resource 'drawable/themed_icon_clubhouse'
12-27 08:56:48.398   919   940 W idmap2d : failed to find resource 'drawable/themed_icon_cmb'
12-27 08:56:48.399   919   940 W idmap2d : failed to find resource 'drawable/themed_icon_cmcc'
12-27 08:56:48.399   919   940 W idmap2d : failed to find resource 'drawable/themed_icon_cod_mobile'
12-27 08:56:48.400   919   940 W idmap2d : failed to find resource 'drawable/themed_icon_code_editor'
12-27 08:56:48.401   919   940 W idmap2d : failed to find resource 'drawable/themed_icon_codecademy_go'
12-27 08:56:48.402   919   940 W idmap2d : failed to find resource 'drawable/themed_icon_codesnack_ide'
12-27 08:56:48.403   919   940 W idmap2d : failed to find resource 'drawable/themed_icon_coffee'
12-27 08:56:48.403   919   940 W idmap2d : failed to find resource 'drawable/themed_icon_coin'
12-27 08:56:48.404   919   940 W idmap2d : failed to find resource 'drawable/themed_icon_coinbase'
12-27 08:56:48.405   919   940 W idmap2d : failed to find resource 'drawable/themed_icon_coinmarketcap'
12-27 08:56:48.406   919   940 W idmap2d : failed to find resource 'drawable/themed_icon_coins_ph'
12-27 08:56:48.407   919   940 W idmap2d : failed to find resource 'drawable/themed_icon_coinswitch'
12-27 08:56:48.408   919   940 W idmap2d : failed to find resource 'drawable/themed_icon_coinvero'
12-27 08:56:48.409   919   940 W idmap2d : failed to find resource 'drawable/themed_icon_collabora_office'
12-27 08:56:48.410   919   940 W idmap2d : failed to find resource 'drawable/themed_icon_color_picker'
12-27 08:56:48.410   919   940 W idmap2d : failed to find resource 'drawable/themed_icon_color_puzzle'
12-27 08:56:48.411   919   940 W idmap2d : failed to find resource 'drawable/themed_icon_combined'
12-27 08:56:48.412   919   940 W idmap2d : failed to find resource 'drawable/themed_icon_comdirect'
12-27 08:56:48.413   919   940 W idmap2d : failed to find resource 'drawable/themed_icon_comdirect_phototan'
12-27 08:56:48.414   919   940 W idmap2d : failed to find resource 'drawable/themed_icon_comic_geeks'
12-27 08:56:48.415   919   940 W idmap2d : failed to find resource 'drawable/themed_icon_comicscreen'
12-27 08:56:48.415   919   940 W idmap2d : failed to find resource 'drawable/themed_icon_commbank'
12-27 08:56:48.417   919   940 W idmap2d : failed to find resource 'drawable/themed_icon_company_portal'
12-27 08:56:48.418   919   940 W idmap2d : failed to find resource 'drawable/themed_icon_compass'
12-27 08:56:48.418   919   940 W idmap2d : failed to find resource 'drawable/themed_icon_compass_rapps'
12-27 08:56:48.419   919   940 W idmap2d : failed to find resource 'drawable/themed_icon_compass_school_manager'
12-27 08:56:48.420   919   940 W idmap2d : failed to find resource 'drawable/themed_icon_conectesus'
12-27 08:56:48.420   919   940 W idmap2d : failed to find resource 'drawable/themed_icon_confirmtkt'
12-27 08:56:48.421   919   940 W idmap2d : failed to find resource 'drawable/themed_icon_congstar'
12-27 08:56:48.422   919   940 W idmap2d : failed to find resource 'drawable/themed_icon_connect'
12-27 08:56:48.423   919   940 W idmap2d : failed to find resource 'drawable/themed_icon_connect_iq'
12-27 08:56:48.424   919   940 W idmap2d : failed to find resource 'drawable/themed_icon_connectbot'
12-27 08:56:48.424   919   940 W idmap2d : failed to find resource 'drawable/themed_icon_conta_digital_ifood'
12-27 08:56:48.425   919   940 W idmap2d : failed to find resource 'drawable/themed_icon_contacts'
12-27 08:56:48.426   919   940 W idmap2d : failed to find resource 'drawable/themed_icon_continente_siga'
12-27 08:56:48.427   919   940 W idmap2d : failed to find resource 'drawable/themed_icon_conversations'
12-27 08:56:48.428   919   940 W idmap2d : failed to find resource 'drawable/themed_icon_coolapk'
12-27 08:56:48.428   919   940 W idmap2d : failed to find resource 'drawable/themed_icon_coolblue'
12-27 08:56:48.429   919   940 W idmap2d : failed to find resource 'drawable/themed_icon_coolors'
12-27 08:56:48.430   919   940 W idmap2d : failed to find resource 'drawable/themed_icon_corona_tracing'
12-27 08:56:48.431   919   940 W idmap2d : failed to find resource 'drawable/themed_icon_corona_warn'
12-27 08:56:48.431   919   940 W idmap2d : failed to find resource 'drawable/themed_icon_coronacheck'
12-27 08:56:48.432   919   940 W idmap2d : failed to find resource 'drawable/themed_icon_coronacheck_scanner'
12-27 08:56:48.433   919   940 W idmap2d : failed to find resource 'drawable/themed_icon_corridor'
12-27 08:56:48.434   919   940 W idmap2d : failed to find resource 'drawable/themed_icon_countdown_to_anything'
12-27 08:56:48.434   919   940 W idmap2d : failed to find resource 'drawable/themed_icon_coverscreen_os'
12-27 08:56:48.435   919   940 W idmap2d : failed to find resource 'drawable/themed_icon_covid_cert'
12-27 08:56:48.436   919   940 W idmap2d : failed to find resource 'drawable/themed_icon_covpass'
12-27 08:56:48.437   919   940 W idmap2d : failed to find resource 'drawable/themed_icon_cpu_z'
12-27 08:56:48.437   919   940 W idmap2d : failed to find resource 'drawable/themed_icon_crazy_taxi_classic'
12-27 08:56:48.438   919   940 W idmap2d : failed to find resource 'drawable/themed_icon_cred'
12-27 08:56:48.439   919   940 W idmap2d : failed to find resource 'drawable/themed_icon_credit_karma'
12-27 08:56:48.440   919   940 W idmap2d : failed to find resource 'drawable/themed_icon_credit_mutuel'
12-27 08:56:48.440   919   940 W idmap2d : failed to find resource 'drawable/themed_icon_cricbuzz'
12-27 08:56:48.441   919   940 W idmap2d : failed to find resource 'drawable/themed_icon_crossy_road'
12-27 08:56:48.442   919   940 W idmap2d : failed to find resource 'drawable/themed_icon_crunchyroll'
12-27 08:56:48.443   919   940 W idmap2d : failed to find resource 'drawable/themed_icon_crypto'
12-27 08:56:48.443   919   940 W idmap2d : failed to find resource 'drawable/themed_icon_crypto_prices'
12-27 08:56:48.444   919   940 W idmap2d : failed to find resource 'drawable/themed_icon_ctrip'
12-27 08:56:48.445   919   940 W idmap2d : failed to find resource 'drawable/themed_icon_cult_fit'
12-27 08:56:48.446   919   940 W idmap2d : failed to find resource 'drawable/themed_icon_curiosity_stream'
12-27 08:56:48.447   919   940 W idmap2d : failed to find resource 'drawable/themed_icon_currencies'
12-27 08:56:48.448   919   940 W idmap2d : failed to find resource 'drawable/themed_icon_curve'
12-27 08:56:48.448   919   940 W idmap2d : failed to find resource 'drawable/themed_icon_cx_file_explorer'
12-27 08:56:48.449   919   940 W idmap2d : failed to find resource 'drawable/themed_icon_cyclers'
12-27 08:56:48.450   919   940 W idmap2d : failed to find resource 'drawable/themed_icon_cytoid'
12-27 08:56:48.451   919   940 W idmap2d : failed to find resource 'drawable/themed_icon_daily_wallpaper_from_bing'
12-27 08:56:48.451   919   940 W idmap2d : failed to find resource 'drawable/themed_icon_dailyhunt'
12-27 08:56:48.452   919   940 W idmap2d : failed to find resource 'drawable/themed_icon_dana'
12-27 08:56:48.453   919   940 W idmap2d : failed to find resource 'drawable/themed_icon_dankchat'
12-27 08:56:48.453   919   940 W idmap2d : failed to find resource 'drawable/themed_icon_daraz'
12-27 08:56:48.454   919   940 W idmap2d : failed to find resource 'drawable/themed_icon_daremote'
12-27 08:56:48.455   919   940 W idmap2d : failed to find resource 'drawable/themed_icon_darkmodelivewallpaper'
12-27 08:56:48.456   919   940 W idmap2d : failed to find resource 'drawable/themed_icon_darq'
12-27 08:56:48.457   919   940 W idmap2d : failed to find resource 'drawable/themed_icon_dashlane'
12-27 08:56:48.457   919   940 W idmap2d : failed to find resource 'drawable/themed_icon_dashlane_authenticator'
12-27 08:56:48.458   919   940 W idmap2d : failed to find resource 'drawable/themed_icon_data_monitor'
12-27 08:56:48.459   919   940 W idmap2d : failed to find resource 'drawable/themed_icon_data_transfer'
12-27 08:56:48.460   919   940 W idmap2d : failed to find resource 'drawable/themed_icon_databackup'
12-27 08:56:48.460   919   940 W idmap2d : failed to find resource 'drawable/themed_icon_datura'
12-27 08:56:48.461   919   940 W idmap2d : failed to find resource 'drawable/themed_icon_davx5'
12-27 08:56:48.462   919   940 W idmap2d : failed to find resource 'drawable/themed_icon_dawn_ai'
12-27 08:56:48.463   919   940 W idmap2d : failed to find resource 'drawable/themed_icon_dawn_for_reddit'
12-27 08:56:48.464   919   940 W idmap2d : failed to find resource 'drawable/themed_icon_daybridge'
12-27 08:56:48.464   919   940 W idmap2d : failed to find resource 'drawable/themed_icon_daylio'
12-27 08:56:48.465   919   940 W idmap2d : failed to find resource 'drawable/themed_icon_dazhongdianping'
12-27 08:56:48.466   919   940 W idmap2d : failed to find resource 'drawable/themed_icon_db_navigator'
12-27 08:56:48.467   919   940 W idmap2d : failed to find resource 'drawable/themed_icon_dealabs'
12-27 08:56:48.467   919   940 W idmap2d : failed to find resource 'drawable/themed_icon_deco'
12-27 08:56:48.468   919   940 W idmap2d : failed to find resource 'drawable/themed_icon_deepl'
12-27 08:56:48.469   919   940 W idmap2d : failed to find resource 'drawable/themed_icon_deezer'
12-27 08:56:48.469   919   940 W idmap2d : failed to find resource 'drawable/themed_icon_degiro'
12-27 08:56:48.470   919   940 W idmap2d : failed to find resource 'drawable/themed_icon_deliveroo'
12-27 08:56:48.471   919   940 W idmap2d : failed to find resource 'drawable/themed_icon_delta_icons'
12-27 08:56:48.472   919   940 W idmap2d : failed to find resource 'drawable/themed_icon_denizbank'
12-27 08:56:48.472   919   940 W idmap2d : failed to find resource 'drawable/themed_icon_denon_avr'
12-27 08:56:48.473   919   940 W idmap2d : failed to find resource 'drawable/themed_icon_der_spiegel'
12-27 08:56:48.474   919   940 W idmap2d : failed to find resource 'drawable/themed_icon_designer_tools'
12-27 08:56:48.475   919   940 W idmap2d : failed to find resource 'drawable/themed_icon_desk_clock'
12-27 08:56:48.476   919   940 W idmap2d : failed to find resource 'drawable/themed_icon_desmos'
12-27 08:56:48.477   919   940 W idmap2d : failed to find resource 'drawable/themed_icon_destiny_two_companion'
12-27 08:56:48.478   919   940 W idmap2d : failed to find resource 'drawable/themed_icon_dev_tools'
12-27 08:56:48.479   919   940 W idmap2d : failed to find resource 'drawable/themed_icon_devcheck'
12-27 08:56:48.479   919   940 W idmap2d : failed to find resource 'drawable/themed_icon_deviantart'
12-27 08:56:48.480   919   940 W idmap2d : failed to find resource 'drawable/themed_icon_device_care'
12-27 08:56:48.481   919   940 W idmap2d : failed to find resource 'drawable/themed_icon_device_help'
12-27 08:56:48.482   919   940 W idmap2d : failed to find resource 'drawable/themed_icon_device_info'
12-27 08:56:48.482   919   940 W idmap2d : failed to find resource 'drawable/themed_icon_device_info_hw'
12-27 08:56:48.483   919   940 W idmap2d : failed to find resource 'drawable/themed_icon_dexcom_g6'
12-27 08:56:48.484   919   940 W idmap2d : failed to find resource 'drawable/themed_icon_dhl'
12-27 08:56:48.485   919   940 W idmap2d : failed to find resource 'drawable/themed_icon_dialer'
12-27 08:56:48.485   919   940 W idmap2d : failed to find resource 'drawable/themed_icon_dict_cc'
12-27 08:56:48.486   919   940 W idmap2d : failed to find resource 'drawable/themed_icon_dictionary_com'
12-27 08:56:48.487   919   940 W idmap2d : failed to find resource 'drawable/themed_icon_dida_taxi'
12-27 08:56:48.488   919   940 W idmap2d : failed to find resource 'drawable/themed_icon_didi'
12-27 08:56:48.488   919   940 W idmap2d : failed to find resource 'drawable/themed_icon_didi_food'
12-27 08:56:48.489   919   940 W idmap2d : failed to find resource 'drawable/themed_icon_digid'
12-27 08:56:48.490   919   940 W idmap2d : failed to find resource 'drawable/themed_icon_digilocker'
12-27 08:56:48.491   919   940 W idmap2d : failed to find resource 'drawable/themed_icon_digital_wellbeing'
12-27 08:56:48.491   919   940 W idmap2d : failed to find resource 'drawable/themed_icon_digitalent'
12-27 08:56:48.492   919   940 W idmap2d : failed to find resource 'drawable/themed_icon_dimmer'
12-27 08:56:48.493   919   940 W idmap2d : failed to find resource 'drawable/themed_icon_dineout'
12-27 08:56:48.494   919   940 W idmap2d : failed to find resource 'drawable/themed_icon_disconnect'
12-27 08:56:48.494   919   940 W idmap2d : failed to find resource 'drawable/themed_icon_discord'
12-27 08:56:48.495   919   940 W idmap2d : failed to find resource 'drawable/themed_icon_discoveryplus'
12-27 08:56:48.496   919   940 W idmap2d : failed to find resource 'drawable/themed_icon_discreet_launcher'
12-27 08:56:48.497   919   940 W idmap2d : failed to find resource 'drawable/themed_icon_disk_usage'
12-27 08:56:48.498   919   940 W idmap2d : failed to find resource 'drawable/themed_icon_dislyte'
12-27 08:56:48.498   919   940 W idmap2d : failed to find resource 'drawable/themed_icon_disney_star_plus'
12-27 08:56:48.499   919   940 W idmap2d : failed to find resource 'drawable/themed_icon_disneyplus'
12-27 08:56:48.500   919   940 W idmap2d : failed to find resource 'drawable/themed_icon_dito'
12-27 08:56:48.501   919   940 W idmap2d : failed to find resource 'drawable/themed_icon_divvydiary'
12-27 08:56:48.501   919   940 W idmap2d : failed to find resource 'drawable/themed_icon_dji'
12-27 08:56:48.502   919   940 W idmap2d : failed to find resource 'drawable/themed_icon_dkb'
12-27 08:56:48.503   919   940 W idmap2d : failed to find resource 'drawable/themed_icon_dkb_pushtan'
12-27 08:56:48.504   919   940 W idmap2d : failed to find resource 'drawable/themed_icon_dna_android'
12-27 08:56:48.504   919   940 W idmap2d : failed to find resource 'drawable/themed_icon_doc_scanner'
12-27 08:56:48.505   919   940 W idmap2d : failed to find resource 'drawable/themed_icon_dolap'
12-27 08:56:48.506   919   940 W idmap2d : failed to find resource 'drawable/themed_icon_dolby'
12-27 08:56:48.507   919   940 W idmap2d : failed to find resource 'drawable/themed_icon_dolby_on'
12-27 08:56:48.508   919   940 W idmap2d : failed to find resource 'drawable/themed_icon_dolphin_emulator'
